Component: ARM Compiler 5.06 update 6 (build 750) Tool: armlink [4d35ed]

==============================================================================

Section Cross References

    startup_stm32l073xx.o(RESET) refers to startup_stm32l073xx.o(STACK) for __initial_sp
    startup_stm32l073xx.o(RESET) refers to startup_stm32l073xx.o(.text) for Reset_Handler
    startup_stm32l073xx.o(RESET) refers to stm32l0xx_it.o(i.NMI_Handler) for NMI_Handler
    startup_stm32l073xx.o(RESET) refers to stm32l0xx_it.o(i.HardFault_Handler) for HardFault_Handler
    startup_stm32l073xx.o(RESET) refers to stm32l0xx_it.o(i.SVC_Handler) for SVC_Handler
    startup_stm32l073xx.o(RESET) refers to stm32l0xx_it.o(i.PendSV_Handler) for PendSV_Handler
    startup_stm32l073xx.o(RESET) refers to stm32l0xx_it.o(i.SysTick_Handler) for SysTick_Handler
    startup_stm32l073xx.o(RESET) refers to stm32l0xx_it.o(i.DMA1_Channel1_IRQHandler) for DMA1_Channel1_IRQHandler
    startup_stm32l073xx.o(RESET) refers to stm32l0xx_it.o(i.DMA1_Channel2_3_IRQHandler) for DMA1_Channel2_3_IRQHandler
    startup_stm32l073xx.o(RESET) refers to stm32l0xx_it.o(i.DMA1_Channel4_5_6_7_IRQHandler) for DMA1_Channel4_5_6_7_IRQHandler
    startup_stm32l073xx.o(RESET) refers to stm32l0xx_it.o(i.USART4_5_IRQHandler) for USART4_5_IRQHandler
    startup_stm32l073xx.o(RESET) refers to stm32l0xx_it.o(i.I2C1_IRQHandler) for I2C1_IRQHandler
    startup_stm32l073xx.o(RESET) refers to stm32l0xx_it.o(i.I2C2_IRQHandler) for I2C2_IRQHandler
    startup_stm32l073xx.o(RESET) refers to stm32l0xx_it.o(i.USART1_IRQHandler) for USART1_IRQHandler
    startup_stm32l073xx.o(RESET) refers to stm32l0xx_it.o(i.USART2_IRQHandler) for USART2_IRQHandler
    startup_stm32l073xx.o(.text) refers to system_stm32l0xx.o(i.SystemInit) for SystemInit
    startup_stm32l073xx.o(.text) refers to entry.o(.ARM.Collect$$$$00000000) for __main
    adc.o(i.filter_ntcs) refers to idiv.o(.text) for __aeabi_idivmod
    adc.o(i.filter_ntcs) refers to main.o(.bss) for system_state
    adc.o(i.filter_ntcs) refers to adc.o(.data) for NTCs_temperature_history_pointer
    adc.o(i.filter_ntcs) refers to adc.o(.bss) for NTCs_temperature_history
    adc.o(i.p_ADC_ntc_resistance_to_temp) refers to uidiv.o(.text) for __aeabi_uidivmod
    adc.o(i.p_ADC_ntc_resistance_to_temp) refers to adc.o(.constdata) for g_ADC_ntc_table
    adc.o(i.p_ADC_start_conv) refers to stm32l0xx_hal_adc.o(i.HAL_ADC_Start_DMA) for HAL_ADC_Start_DMA
    adc.o(i.p_ADC_start_conv) refers to main.o(.data) for g_MAIN_adc_conversion_callback
    adc.o(i.p_ADC_start_conv) refers to adc.o(.bss) for g_ADC_adc_raw_results
    adc.o(i.p_ADC_start_conv) refers to main.o(.bss) for hadc
    adc.o(i.p_ADC_translate_adc) refers to idiv.o(.text) for __aeabi_idivmod
    adc.o(i.p_ADC_translate_adc) refers to uidiv.o(.text) for __aeabi_uidivmod
    adc.o(i.p_ADC_translate_adc) refers to adc.o(i.p_ADC_ntc_resistance_to_temp) for p_ADC_ntc_resistance_to_temp
    adc.o(i.p_ADC_translate_adc) refers to adc.o(i.p_ADC_resistance_to_weight) for p_ADC_resistance_to_weight
    adc.o(i.p_ADC_translate_adc) refers to adc.o(.bss) for g_ADC_adc_raw_results
    adc.o(i.p_ADC_translate_adc) refers to main.o(.bss) for system_state
    board_temp.o(i.p_BOAD_TEMP_get_board_temperature) refers to stm32l0xx_hal_i2c.o(i.HAL_I2C_Master_Transmit) for HAL_I2C_Master_Transmit
    board_temp.o(i.p_BOAD_TEMP_get_board_temperature) refers to stm32l0xx_hal_i2c.o(i.HAL_I2C_Master_Receive_IT) for HAL_I2C_Master_Receive_IT
    board_temp.o(i.p_BOAD_TEMP_get_board_temperature) refers to main.o(.data) for g_MAIN_temputure_callback
    board_temp.o(i.p_BOAD_TEMP_get_board_temperature) refers to main.o(.bss) for g_MAIN_hi2c2
    board_temp.o(i.p_BOAD_TEMP_get_board_temperature) refers to board_temp.o(.data) for g_BOARD_TEMP_ret_str
    board_temp.o(i.p_BOAD_TEMP_interpret_pcb_temperature) refers to board_temp.o(.data) for g_BOARD_TEMP_ret_str
    commserv.o(i.p_COMMSERV_serve_led_buzzer_opcode) refers to discreets.o(i.p_DISCREETS_rgb_leds) for p_DISCREETS_rgb_leds
    commserv.o(i.p_COMMSERV_serve_led_buzzer_opcode) refers to main.o(.bss) for system_state
    commserv.o(i.p_COMMSERV_serve_led_buzzer_opcode) refers to host_from_comm.o(.bss) for g_HOST_FROM_COMM_som_rx_buffer
    commserv.o(i.p_COMMSERV_serve_led_buzzer_opcode) refers to host_from_comm.o(.data) for g_HOST_FROM_COMM_from_som_data_start_index
    commserv.o(i.p_COMMSERV_serve_opcode) refers to commserv.o(i.p_COMMSERV_serve_led_buzzer_opcode) for p_COMMSERV_serve_led_buzzer_opcode
    commserv.o(i.p_COMMSERV_serve_opcode) refers to commserv.o(i.p_COMMSERV_serve_agitation_and_heater_opcode) for p_COMMSERV_serve_agitation_and_heater_opcode
    commserv.o(i.p_COMMSERV_serve_opcode) refers to commserv.o(i.p_COMMSERV_serve_technician_opcode) for p_COMMSERV_serve_technician_opcode
    commserv.o(i.p_COMMSERV_serve_opcode) refers to commserv.o(i.p_COMMSERV_serve_start_stop_thawing_opcode) for p_COMMSERV_serve_start_stop_thawing_opcode
[...]
    i.HAL_DMA_IRQHandler                     0x08000998   Section        0  stm32l0xx_hal_dma.o(i.HAL_DMA_IRQHandler)
    i.HAL_DMA_Init                           0x08000cb4   Section        0  stm32l0xx_hal_dma.o(i.HAL_DMA_Init)
    i.HAL_DMA_Start_IT                       0x08000e44   Section        0  stm32l0xx_hal_dma.o(i.HAL_DMA_Start_IT)
    i.HAL_Delay                              0x08000eb6   Section        0  stm32l0xx_hal.o(i.HAL_Delay)
    i.HAL_GPIO_Init                          0x08000ed0   Section        0  stm32l0xx_hal_gpio.o(i.HAL_GPIO_Init)
    i.HAL_GPIO_ReadPin                       0x080010c8   Section        0  stm32l0xx_hal_gpio.o(i.HAL_GPIO_ReadPin)
    i.HAL_GPIO_WritePin                      0x080010da   Section        0  stm32l0xx_hal_gpio.o(i.HAL_GPIO_WritePin)
    i.HAL_GetTick                            0x080010e8   Section        0  stm32l0xx_hal.o(i.HAL_GetTick)
    i.HAL_I2CEx_ConfigAnalogFilter           0x080010f4   Section        0  stm32l0xx_hal_i2c_ex.o(i.HAL_I2CEx_ConfigAnalogFilter)
    i.HAL_I2CEx_ConfigDigitalFilter          0x08001162   Section        0  stm32l0xx_hal_i2c_ex.o(i.HAL_I2CEx_ConfigDigitalFilter)
    i.HAL_I2C_AbortCpltCallback              0x080011d4   Section        0  stm32l0xx_hal_i2c.o(i.HAL_I2C_AbortCpltCallback)
    i.HAL_I2C_AddrCallback                   0x080011d6   Section        0  stm32l0xx_hal_i2c.o(i.HAL_I2C_AddrCallback)
    i.HAL_I2C_ER_IRQHandler                  0x080011d8   Section        0  stm32l0xx_hal_i2c.o(i.HAL_I2C_ER_IRQHandler)
    i.HAL_I2C_EV_IRQHandler                  0x08001258   Section        0  stm32l0xx_hal_i2c.o(i.HAL_I2C_EV_IRQHandler)
    i.HAL_I2C_ErrorCallback                  0x08001276   Section        0  stm32l0xx_hal_i2c.o(i.HAL_I2C_ErrorCallback)
    i.HAL_I2C_Init                           0x08001278   Section        0  stm32l0xx_hal_i2c.o(i.HAL_I2C_Init)
    i.HAL_I2C_ListenCpltCallback             0x0800134c   Section        0  stm32l0xx_hal_i2c.o(i.HAL_I2C_ListenCpltCallback)
    i.HAL_I2C_MasterRxCpltCallback           0x08001350   Section        0  main.o(i.HAL_I2C_MasterRxCpltCallback)
    i.HAL_I2C_MasterTxCpltCallback           0x08001368   Section        0  stm32l0xx_hal_i2c.o(i.HAL_I2C_MasterTxCpltCallback)
    i.HAL_I2C_Master_Receive_IT              0x0800136c   Section        0  stm32l0xx_hal_i2c.o(i.HAL_I2C_Master_Receive_IT)
    i.HAL_I2C_Master_Transmit                0x0800141c   Section        0  stm32l0xx_hal_i2c.o(i.HAL_I2C_Master_Transmit)
    i.HAL_I2C_MemRxCpltCallback              0x0800159c   Section        0  main.o(i.HAL_I2C_MemRxCpltCallback)
    i.HAL_I2C_MemTxCpltCallback              0x080015b4   Section        0  stm32l0xx_hal_i2c.o(i.HAL_I2C_MemTxCpltCallback)
    i.HAL_I2C_Mem_Read_IT                    0x080015b8   Section        0  stm32l0xx_hal_i2c.o(i.HAL_I2C_Mem_Read_IT)
    i.HAL_I2C_MspInit                        0x080016b8   Section        0  stm32l0xx_hal_msp.o(i.HAL_I2C_MspInit)
    i.HAL_I2C_SlaveRxCpltCallback            0x0800175c   Section        0  stm32l0xx_hal_i2c.o(i.HAL_I2C_SlaveRxCpltCallback)
    i.HAL_I2C_SlaveTxCpltCallback            0x0800175e   Section        0  stm32l0xx_hal_i2c.o(i.HAL_I2C_SlaveTxCpltCallback)
    i.HAL_IncTick                            0x08001760   Section        0  stm32l0xx_hal.o(i.HAL_IncTick)
    i.HAL_Init                               0x08001770   Section        0  stm32l0xx_hal.o(i.HAL_Init)
    i.HAL_InitTick                           0x08001790   Section        0  stm32l0xx_hal.o(i.HAL_InitTick)
    i.HAL_MspInit                            0x080017b8   Section        0  stm32l0xx_hal_msp.o(i.HAL_MspInit)
    i.HAL_NVIC_EnableIRQ                     0x080017f8   Section        0  stm32l0xx_hal_cortex.o(i.HAL_NVIC_EnableIRQ)
    i.HAL_NVIC_SetPriority                   0x08001810   Section        0  stm32l0xx_hal_cortex.o(i.HAL_NVIC_SetPriority)
    i.HAL_RCCEx_GetPeriphCLKFreq             0x08001824   Section        0  stm32l0xx_hal_rcc_ex.o(i.HAL_RCCEx_GetPeriphCLKFreq)
    i.HAL_RCCEx_PeriphCLKConfig              0x08001bb4   Section        0  stm32l0xx_hal_rcc_ex.o(i.HAL_RCCEx_PeriphCLKConfig)
    i.HAL_RCC_ClockConfig                    0x08001e60   Section        0  stm32l0xx_hal_rcc.o(i.HAL_RCC_ClockConfig)
    i.HAL_RCC_GetHCLKFreq                    0x08002058   Section        0  stm32l0xx_hal_rcc.o(i.HAL_RCC_GetHCLKFreq)
    i.HAL_RCC_GetPCLK1Freq                   0x08002064   Section        0  stm32l0xx_hal_rcc.o(i.HAL_RCC_GetPCLK1Freq)
    i.HAL_RCC_GetPCLK2Freq                   0x08002088   Section        0  stm32l0xx_hal_rcc.o(i.HAL_RCC_GetPCLK2Freq)
    i.HAL_RCC_GetSysClockFreq                0x080020ac   Section        0  stm32l0xx_hal_rcc.o(i.HAL_RCC_GetSysClockFreq)
    i.HAL_RCC_OscConfig                      0x08002190   Section        0  stm32l0xx_hal_rcc.o(i.HAL_RCC_OscConfig)
    i.HAL_RS485Ex_Init                       0x08002864   Section        0  stm32l0xx_hal_uart_ex.o(i.HAL_RS485Ex_Init)
    i.HAL_SPI_Init                           0x08002904   Section        0  stm32l0xx_hal_spi.o(i.HAL_SPI_Init)
    i.HAL_SPI_MspInit                        0x08002994   Section        0  stm32l0xx_hal_msp.o(i.HAL_SPI_MspInit)
    i.HAL_SPI_Transmit                       0x080029dc   Section        0  stm32l0xx_hal_spi.o(i.HAL_SPI_Transmit)
    i.HAL_SYSTICK_CLKSourceConfig            0x08002bb8   Section        0  stm32l0xx_hal_cortex.o(i.HAL_SYSTICK_CLKSourceConfig)
    i.HAL_SYSTICK_Callback                   0x08002bdc   Section        0  main.o(i.HAL_SYSTICK_Callback)
    i.HAL_SYSTICK_Config                     0x08002db8   Section        0  stm32l0xx_hal_cortex.o(i.HAL_SYSTICK_Config)
    i.HAL_SYSTICK_IRQHandler                 0x08002df0   Section        0  stm32l0xx_hal_cortex.o(i.HAL_SYSTICK_IRQHandler)
    i.HAL_TIMEx_MasterConfigSynchronization  0x08002df8   Section        0  stm32l0xx_hal_tim_ex.o(i.HAL_TIMEx_MasterConfigSynchronization)
    i.HAL_TIMEx_RemapConfig                  0x08002e5a   Section        0  stm32l0xx_hal_tim_ex.o(i.HAL_TIMEx_RemapConfig)
    i.HAL_TIM_Base_Init                      0x08002e88   Section        0  stm32l0xx_hal_tim.o(i.HAL_TIM_Base_Init)
    i.HAL_TIM_Base_MspInit                   0x08002ec0   Section        0  stm32l0xx_hal_msp.o(i.HAL_TIM_Base_MspInit)
    i.HAL_TIM_ConfigClockSource              0x08002ee0   Section        0  stm32l0xx_hal_tim.o(i.HAL_TIM_ConfigClockSource)
    i.HAL_TIM_MspPostInit                    0x08003020   Section        0  stm32l0xx_hal_msp.o(i.HAL_TIM_MspPostInit)
    i.HAL_TIM_PWM_ConfigChannel              0x08003070   Section        0  stm32l0xx_hal_tim.o(i.HAL_TIM_PWM_ConfigChannel)
    i.HAL_TIM_PWM_Init                       0x08003182   Section        0  stm32l0xx_hal_tim.o(i.HAL_TIM_PWM_Init)
    i.HAL_TIM_PWM_MspInit                    0x080031ba   Section        0  stm32l0xx_hal_tim.o(i.HAL_TIM_PWM_MspInit)
    i.HAL_TIM_PWM_Start                      0x080031bc   Section        0  stm32l0xx_hal_tim.o(i.HAL_TIM_PWM_Start)
    i.HAL_UARTEx_WakeupCallback              0x080031dc   Section        0  stm32l0xx_hal_uart_ex.o(i.HAL_UARTEx_WakeupCallback)
    i.HAL_UART_ErrorCallback                 0x080031de   Section        0  stm32l0xx_hal_uart.o(i.HAL_UART_ErrorCallback)
    i.HAL_UART_IRQHandler                    0x080031e0   Section        0  stm32l0xx_hal_uart.o(i.HAL_UART_IRQHandler)
    i.HAL_UART_Init                          0x080033a0   Section        0  stm32l0xx_hal_uart.o(i.HAL_UART_Init)
    i.HAL_UART_MspInit                       0x08003424   Section        0  stm32l0xx_hal_msp.o(i.HAL_UART_MspInit)
    i.HAL_UART_Receive_DMA                   0x08003604   Section        0  stm32l0xx_hal_uart.o(i.HAL_UART_Receive_DMA)
    i.HAL_UART_Receive_IT                    0x080036d0   Section        0  stm32l0xx_hal_uart.o(i.HAL_UART_Receive_IT)
    i.HAL_UART_RxCpltCallback                0x080037bc   Section        0  main.o(i.HAL_UART_RxCpltCallback)
    i.HAL_UART_RxHalfCpltCallback            0x08003890   Section        0  stm32l0xx_hal_uart.o(i.HAL_UART_RxHalfCpltCallback)
    i.HAL_UART_Transmit                      0x08003892   Section        0  stm32l0xx_hal_uart.o(i.HAL_UART_Transmit)
    i.HAL_UART_Transmit_DMA                  0x08003984   Section        0  stm32l0xx_hal_uart.o(i.HAL_UART_Transmit_DMA)
    i.HAL_UART_TxCpltCallback                0x08003a40   Section        0  main.o(i.HAL_UART_TxCpltCallback)
    i.HAL_UART_TxHalfCpltCallback            0x08003a88   Section        0  stm32l0xx_hal_uart.o(i.HAL_UART_TxHalfCpltCallback)
    i.HardFault_Handler                      0x08003a8c   Section        0  stm32l0xx_it.o(i.HardFault_Handler)
    i.I2C1_IRQHandler                        0x08003ad0   Section        0  stm32l0xx_it.o(i.I2C1_IRQHandler)
    i.I2C2_IRQHandler                        0x08003af8   Section        0  stm32l0xx_it.o(i.I2C2_IRQHandler)
    i.I2C_DMAAbort                           0x08003b20   Section        0  stm32l0xx_hal_i2c.o(i.I2C_DMAAbort)
    I2C_DMAAbort                             0x08003b21   Thumb Code    60  stm32l0xx_hal_i2c.o(i.I2C_DMAAbort)
    i.I2C_Disable_IRQ                        0x08003b5c   Section        0  stm32l0xx_hal_i2c.o(i.I2C_Disable_IRQ)
    I2C_Disable_IRQ                          0x08003b5d   Thumb Code   126  stm32l0xx_hal_i2c.o(i.I2C_Disable_IRQ)
    i.I2C_Enable_IRQ                         0x08003bdc   Section        0  stm32l0xx_hal_i2c.o(i.I2C_Enable_IRQ)
    I2C_Enable_IRQ                           0x08003bdd   Thumb Code   134  stm32l0xx_hal_i2c.o(i.I2C_Enable_IRQ)
    i.I2C_Flush_TXDR                         0x08003c6c   Section        0  stm32l0xx_hal_i2c.o(i.I2C_Flush_TXDR)
    I2C_Flush_TXDR                           0x08003c6d   Thumb Code    50  stm32l0xx_hal_i2c.o(i.I2C_Flush_TXDR)
    i.I2C_ITAddrCplt                         0x08003c9e   Section        0  stm32l0xx_hal_i2c.o(i.I2C_ITAddrCplt)
    I2C_ITAddrCplt                           0x08003c9f   Thumb Code   214  stm32l0xx_hal_i2c.o(i.I2C_ITAddrCplt)
    i.I2C_ITError                            0x08003d74   Section        0  stm32l0xx_hal_i2c.o(i.I2C_ITError)
    I2C_ITError                              0x08003d75   Thumb Code   268  stm32l0xx_hal_i2c.o(i.I2C_ITError)
    i.I2C_ITListenCplt                       0x08003e8c   Section        0  stm32l0xx_hal_i2c.o(i.I2C_ITListenCplt)
    I2C_ITListenCplt                         0x08003e8d   Thumb Code   110  stm32l0xx_hal_i2c.o(i.I2C_ITListenCplt)
    i.I2C_ITMasterCplt                       0x08003f00   Section        0  stm32l0xx_hal_i2c.o(i.I2C_ITMasterCplt)
    I2C_ITMasterCplt                         0x08003f01   Thumb Code   226  stm32l0xx_hal_i2c.o(i.I2C_ITMasterCplt)
    i.I2C_ITMasterSequentialCplt             0x08003fec   Section        0  stm32l0xx_hal_i2c.o(i.I2C_ITMasterSequentialCplt)
    I2C_ITMasterSequentialCplt               0x08003fed   Thumb Code    98  stm32l0xx_hal_i2c.o(i.I2C_ITMasterSequentialCplt)
    i.I2C_ITSlaveCplt                        0x08004050   Section        0  stm32l0xx_hal_i2c.o(i.I2C_ITSlaveCplt)
    I2C_ITSlaveCplt                          0x08004051   Thumb Code   308  stm32l0xx_hal_i2c.o(i.I2C_ITSlaveCplt)
    i.I2C_ITSlaveSequentialCplt              0x0800418c   Section        0  stm32l0xx_hal_i2c.o(i.I2C_ITSlaveSequentialCplt)
    I2C_ITSlaveSequentialCplt                0x0800418d   Thumb Code    98  stm32l0xx_hal_i2c.o(i.I2C_ITSlaveSequentialCplt)
    i.I2C_IsAcknowledgeFailed                0x080041f0   Section        0  stm32l0xx_hal_i2c.o(i.I2C_IsAcknowledgeFailed)
    I2C_IsAcknowledgeFailed                  0x080041f1   Thumb Code   144  stm32l0xx_hal_i2c.o(i.I2C_IsAcknowledgeFailed)
    i.I2C_Master_ISR_DMA                     0x08004284   Section        0  stm32l0xx_hal_i2c.o(i.I2C_Master_ISR_DMA)
    I2C_Master_ISR_DMA                       0x08004285   Thumb Code   266  stm32l0xx_hal_i2c.o(i.I2C_Master_ISR_DMA)
    i.I2C_Master_ISR_IT                      0x08004390   Section        0  stm32l0xx_hal_i2c.o(i.I2C_Master_ISR_IT)
    I2C_Master_ISR_IT                        0x08004391   Thumb Code   424  stm32l0xx_hal_i2c.o(i.I2C_Master_ISR_IT)
    i.I2C_RequestMemoryRead                  0x0800453c   Section        0  stm32l0xx_hal_i2c.o(i.I2C_RequestMemoryRead)
    I2C_RequestMemoryRead                    0x0800453d   Thumb Code   144  stm32l0xx_hal_i2c.o(i.I2C_RequestMemoryRead)
    i.I2C_Slave_ISR_DMA                      0x080045d0   Section        0  stm32l0xx_hal_i2c.o(i.I2C_Slave_ISR_DMA)
    I2C_Slave_ISR_DMA                        0x080045d1   Thumb Code   158  stm32l0xx_hal_i2c.o(i.I2C_Slave_ISR_DMA)
    i.I2C_Slave_ISR_IT                       0x08004670   Section        0  stm32l0xx_hal_i2c.o(i.I2C_Slave_ISR_IT)
    I2C_Slave_ISR_IT                         0x08004671   Thumb Code   348  stm32l0xx_hal_i2c.o(i.I2C_Slave_ISR_IT)
    i.I2C_TransferConfig                     0x080047d0   Section        0  stm32l0xx_hal_i2c.o(i.I2C_TransferConfig)
    I2C_TransferConfig                       0x080047d1   Thumb Code    52  stm32l0xx_hal_i2c.o(i.I2C_TransferConfig)
    i.I2C_WaitOnFlagUntilTimeout             0x08004808   Section        0  stm32l0xx_hal_i2c.o(i.I2C_WaitOnFlagUntilTimeout)
    I2C_WaitOnFlagUntilTimeout               0x08004809   Thumb Code    82  stm32l0xx_hal_i2c.o(i.I2C_WaitOnFlagUntilTimeout)
    i.I2C_WaitOnSTOPFlagUntilTimeout         0x0800485a   Section        0  stm32l0xx_hal_i2c.o(i.I2C_WaitOnSTOPFlagUntilTimeout)
    I2C_WaitOnSTOPFlagUntilTimeout           0x0800485b   Thumb Code    90  stm32l0xx_hal_i2c.o(i.I2C_WaitOnSTOPFlagUntilTimeout)
    i.I2C_WaitOnTXISFlagUntilTimeout         0x080048b4   Section        0  stm32l0xx_hal_i2c.o(i.I2C_WaitOnTXISFlagUntilTimeout)
    I2C_WaitOnTXISFlagUntilTimeout           0x080048b5   Thumb Code    96  stm32l0xx_hal_i2c.o(i.I2C_WaitOnTXISFlagUntilTimeout)
    i.MX_ADC_Init                            0x08004914   Section        0  main.o(i.MX_ADC_Init)
    MX_ADC_Init                              0x08004915   Thumb Code   310  main.o(i.MX_ADC_Init)
    i.MX_DMA_Init                            0x08004a84   Section        0  main.o(i.MX_DMA_Init)
    MX_DMA_Init                              0x08004a85   Thumb Code    80  main.o(i.MX_DMA_Init)
    i.MX_GPIO_Init                           0x08004ad8   Section        0  main.o(i.MX_GPIO_Init)
    MX_GPIO_Init                             0x08004ad9   Thumb Code   440  main.o(i.MX_GPIO_Init)
    i.MX_I2C1_Init                           0x08004cac   Section        0  main.o(i.MX_I2C1_Init)
    MX_I2C1_Init                             0x08004cad   Thumb Code    96  main.o(i.MX_I2C1_Init)
    i.MX_I2C2_Init                           0x08004d2c   Section        0  main.o(i.MX_I2C2_Init)
    MX_I2C2_Init                             0x08004d2d   Thumb Code    96  main.o(i.MX_I2C2_Init)
    i.MX_SPI1_Init                           0x08004dac   Section        0  main.o(i.MX_SPI1_Init)
    MX_SPI1_Init                             0x08004dad   Thumb Code    66  main.o(i.MX_SPI1_Init)
    i.MX_TIM3_Init                           0x08004e0c   Section        0  main.o(i.MX_TIM3_Init)
    MX_TIM3_Init                             0x08004e0d   Thumb Code   246  main.o(i.MX_TIM3_Init)
    i.MX_USART1_UART_Init                    0x08004f24   Section        0  main.o(i.MX_USART1_UART_Init)
    MX_USART1_UART_Init                      0x08004f25   Thumb Code    64  main.o(i.MX_USART1_UART_Init)
    i.MX_USART2_UART_Init                    0x08004f7c   Section        0  main.o(i.MX_USART2_UART_Init)
    MX_USART2_UART_Init                      0x08004f7d   Thumb Code    68  main.o(i.MX_USART2_UART_Init)
    i.MX_USART4_UART_Init                    0x08004fdc   Section        0  main.o(i.MX_USART4_UART_Init)
    MX_USART4_UART_Init                      0x08004fdd   Thumb Code    62  main.o(i.MX_USART4_UART_Init)
    i.NMI_Handler                            0x08005038   Section        0  stm32l0xx_it.o(i.NMI_Handler)
    i.NVIC_SetPriority                       0x0800503c   Section        0  stm32l0xx_hal_cortex.o(i.NVIC_SetPriority)
    NVIC_SetPriority                         0x0800503d   Thumb Code   110  stm32l0xx_hal_cortex.o(i.NVIC_SetPriority)
    i.PendSV_Handler                         0x080050b4   Section        0  stm32l0xx_it.o(i.PendSV_Handler)
    i.RCC_SetFlashLatencyFromMSIRange        0x080050b8   Section        0  stm32l0xx_hal_rcc.o(i.RCC_SetFlashLatencyFromMSIRange)
    RCC_SetFlashLatencyFromMSIRange          0x080050b9   Thumb Code   138  stm32l0xx_hal_rcc.o(i.RCC_SetFlashLatencyFromMSIRange)
    i.SPI_WaitOnFlagUntilTimeout             0x08005150   Section        0  stm32l0xx_hal_spi.o(i.SPI_WaitOnFlagUntilTimeout)
    SPI_WaitOnFlagUntilTimeout               0x08005151   Thumb Code   280  stm32l0xx_hal_spi.o(i.SPI_WaitOnFlagUntilTimeout)
    i.SVC_Handler                            0x08005268   Section        0  stm32l0xx_it.o(i.SVC_Handler)
    i.SysTick_Handler                        0x0800526a   Section        0  stm32l0xx_it.o(i.SysTick_Handler)
    i.SystemClock_Config                     0x08005278   Section        0  main.o(i.SystemClock_Config)
    i.SystemInit                             0x08005344   Section        0  system_stm32l0xx.o(i.SystemInit)
    i.TIM_Base_SetConfig                     0x080053ac   Section        0  stm32l0xx_hal_tim.o(i.TIM_Base_SetConfig)
    TIM_Base_SetConfig                       0x080053ad   Thumb Code   120  stm32l0xx_hal_tim.o(i.TIM_Base_SetConfig)
    i.TIM_CCxChannelCmd                      0x08005430   Section        0  stm32l0xx_hal_tim.o(i.TIM_CCxChannelCmd)
    TIM_CCxChannelCmd                        0x08005431   Thumb Code    28  stm32l0xx_hal_tim.o(i.TIM_CCxChannelCmd)
    i.TIM_ETR_SetConfig                      0x0800544c   Section        0  stm32l0xx_hal_tim.o(i.TIM_ETR_SetConfig)
    TIM_ETR_SetConfig                        0x0800544d   Thumb Code    30  stm32l0xx_hal_tim.o(i.TIM_ETR_SetConfig)
    i.TIM_ITRx_SetConfig                     0x0800546a   Section        0  stm32l0xx_hal_tim.o(i.TIM_ITRx_SetConfig)
    TIM_ITRx_SetConfig                       0x0800546b   Thumb Code    26  stm32l0xx_hal_tim.o(i.TIM_ITRx_SetConfig)
    i.TIM_OC1_SetConfig                      0x08005484   Section        0  stm32l0xx_hal_tim.o(i.TIM_OC1_SetConfig)
    TIM_OC1_SetConfig                        0x08005485   Thumb Code    62  stm32l0xx_hal_tim.o(i.TIM_OC1_SetConfig)
    i.TIM_OC2_SetConfig                      0x080054c2   Section        0  stm32l0xx_hal_tim.o(i.TIM_OC2_SetConfig)
    TIM_OC2_SetConfig                        0x080054c3   Thumb Code    74  stm32l0xx_hal_tim.o(i.TIM_OC2_SetConfig)
    i.TIM_OC3_SetConfig                      0x0800550c   Section        0  stm32l0xx_hal_tim.o(i.TIM_OC3_SetConfig)
    TIM_OC3_SetConfig                        0x0800550d   Thumb Code    68  stm32l0xx_hal_tim.o(i.TIM_OC3_SetConfig)
    i.TIM_OC4_SetConfig                      0x08005550   Section        0  stm32l0xx_hal_tim.o(i.TIM_OC4_SetConfig)
    TIM_OC4_SetConfig                        0x08005551   Thumb Code    78  stm32l0xx_hal_tim.o(i.TIM_OC4_SetConfig)
    i.TIM_TI1_ConfigInputStage               0x0800559e   Section        0  stm32l0xx_hal_tim.o(i.TIM_TI1_ConfigInputStage)
    TIM_TI1_ConfigInputStage                 0x0800559f   Thumb Code    54  stm32l0xx_hal_tim.o(i.TIM_TI1_ConfigInputStage)
    i.TIM_TI2_ConfigInputStage               0x080055d4   Section        0  stm32l0xx_hal_tim.o(i.TIM_TI2_ConfigInputStage)
    TIM_TI2_ConfigInputStage                 0x080055d5   Thumb Code    54  stm32l0xx_hal_tim.o(i.TIM_TI2_ConfigInputStage)
    i.UART_AdvFeatureConfig                  0x0800560a   Section        0  stm32l0xx_hal_uart.o(i.UART_AdvFeatureConfig)
    i.UART_CheckIdleState                    0x080056fc   Section        0  stm32l0xx_hal_uart.o(i.UART_CheckIdleState)
    i.UART_DMAAbortOnError                   0x08005770   Section        0  stm32l0xx_hal_uart.o(i.UART_DMAAbortOnError)
    UART_DMAAbortOnError                     0x08005771   Thumb Code    24  stm32l0xx_hal_uart.o(i.UART_DMAAbortOnError)
    i.UART_DMAError                          0x08005788   Section        0  stm32l0xx_hal_uart.o(i.UART_DMAError)
    UART_DMAError                            0x08005789   Thumb Code    86  stm32l0xx_hal_uart.o(i.UART_DMAError)
    i.UART_DMAReceiveCplt                    0x080057de   Section        0  stm32l0xx_hal_uart.o(i.UART_DMAReceiveCplt)
    UART_DMAReceiveCplt                      0x080057df   Thumb Code    76  stm32l0xx_hal_uart.o(i.UART_DMAReceiveCplt)
    i.UART_DMARxHalfCplt                     0x0800582a   Section        0  stm32l0xx_hal_uart.o(i.UART_DMARxHalfCplt)
    UART_DMARxHalfCplt                       0x0800582b   Thumb Code    14  stm32l0xx_hal_uart.o(i.UART_DMARxHalfCplt)
    i.UART_DMATransmitCplt                   0x08005838   Section        0  stm32l0xx_hal_uart.o(i.UART_DMATransmitCplt)
    UART_DMATransmitCplt                     0x08005839   Thumb Code    58  stm32l0xx_hal_uart.o(i.UART_DMATransmitCplt)
    i.UART_DMATxHalfCplt                     0x08005872   Section        0  stm32l0xx_hal_uart.o(i.UART_DMATxHalfCplt)
    UART_DMATxHalfCplt                       0x08005873   Thumb Code    14  stm32l0xx_hal_uart.o(i.UART_DMATxHalfCplt)
    i.UART_EndRxTransfer                     0x08005880   Section        0  stm32l0xx_hal_uart.o(i.UART_EndRxTransfer)
    UART_EndRxTransfer                       0x08005881   Thumb Code    34  stm32l0xx_hal_uart.o(i.UART_EndRxTransfer)
    i.UART_EndTransmit_IT                    0x080058a2   Section        0  stm32l0xx_hal_uart.o(i.UART_EndTransmit_IT)
    UART_EndTransmit_IT                      0x080058a3   Thumb Code    32  stm32l0xx_hal_uart.o(i.UART_EndTransmit_IT)
    i.UART_EndTxTransfer                     0x080058c2   Section        0  stm32l0xx_hal_uart.o(i.UART_EndTxTransfer)
    UART_EndTxTransfer                       0x080058c3   Thumb Code    20  stm32l0xx_hal_uart.o(i.UART_EndTxTransfer)
    i.UART_Receive_IT                        0x080058d6   Section        0  stm32l0xx_hal_uart.o(i.UART_Receive_IT)
    UART_Receive_IT                          0x080058d7   Thumb Code   144  stm32l0xx_hal_uart.o(i.UART_Receive_IT)
    i.UART_SetConfig                         0x08005968   Section        0  stm32l0xx_hal_uart.o(i.UART_SetConfig)
    i.UART_Transmit_IT                       0x08005d58   Section        0  stm32l0xx_hal_uart.o(i.UART_Transmit_IT)
    UART_Transmit_IT                         0x08005d59   Thumb Code   114  stm32l0xx_hal_uart.o(i.UART_Transmit_IT)
    i.UART_WaitOnFlagUntilTimeout            0x08005dca   Section        0  stm32l0xx_hal_uart.o(i.UART_WaitOnFlagUntilTimeout)
    i.USART1_IRQHandler                      0x08005e3c   Section        0  stm32l0xx_it.o(i.USART1_IRQHandler)
    i.USART2_IRQHandler                      0x08005e4c   Section        0  stm32l0xx_it.o(i.USART2_IRQHandler)
    i.USART4_5_IRQHandler                    0x08005e5c   Section        0  stm32l0xx_it.o(i.USART4_5_IRQHandler)
    i._Error_Handler                         0x08005e6c   Section        0  main.o(i._Error_Handler)
    i.__ARM_common_ll_muluu                  0x08005e70   Section        0  stm32l0xx_hal_uart.o(i.__ARM_common_ll_muluu)
    i.__scatterload_copy                     0x08005ea0   Section       14  handlers.o(i.__scatterload_copy)
    i.__scatterload_null                     0x08005eae   Section        2  handlers.o(i.__scatterload_null)
    i.__scatterload_zeroinit                 0x08005eb0   Section       14  handlers.o(i.__scatterload_zeroinit)
    i.g_PID_calc_pid                         0x08005ec0   Section        0  pid.o(i.g_PID_calc_pid)
    i.init                                   0x080060f0   Section        0  init.o(i.init)
    i.main                                   0x0800611c   Section        0  main.o(i.main)
    i.p_ADC_calib                            0x08006540   Section        0  adc.o(i.p_ADC_calib)
    i.p_ADC_ntc_resistance_to_temp           0x08006544   Section        0  adc.o(i.p_ADC_ntc_resistance_to_temp)
    i.p_ADC_resistance_to_weight             0x080065cc   Section        0  adc.o(i.p_ADC_resistance_to_weight)
    i.p_ADC_start_conv                       0x080065d4   Section        0  adc.o(i.p_ADC_start_conv)
    i.p_ADC_translate_adc                    0x080065f4   Section        0  adc.o(i.p_ADC_translate_adc)
    i.p_BOAD_TEMP_get_board_temperature      0x080067a0   Section        0  board_temp.o(i.p_BOAD_TEMP_get_board_temperature)
    i.p_BOAD_TEMP_interpret_pcb_temperature  0x080067d8   Section        0  board_temp.o(i.p_BOAD_TEMP_interpret_pcb_temperature)
    i.p_COMMSERV_serve_agitation_and_heater_opcode 0x08006804   Section        0  commserv.o(i.p_COMMSERV_serve_agitation_and_heater_opcode)
    i.p_COMMSERV_serve_led_buzzer_opcode     0x08006808   Section        0  commserv.o(i.p_COMMSERV_serve_led_buzzer_opcode)
    i.p_COMMSERV_serve_opcode                0x08006858   Section        0  commserv.o(i.p_COMMSERV_serve_opcode)
    i.p_COMMSERV_serve_start_stop_thawing_opcode 0x08006890   Section        0  commserv.o(i.p_COMMSERV_serve_start_stop_thawing_opcode)
    i.p_COMMSERV_serve_technician_opcode     0x080068c8   Section        0  commserv.o(i.p_COMMSERV_serve_technician_opcode)
    i.p_DISCREETS_get_door_state             0x08006904   Section        0  discreets.o(i.p_DISCREETS_get_door_state)
    i.p_DISCREETS_get_motor_index            0x08006920   Section        0  discreets.o(i.p_DISCREETS_get_motor_index)
    i.p_DISCREETS_get_som_comm_address       0x0800693c   Section        0  discreets.o(i.p_DISCREETS_get_som_comm_address)
    i.p_DISCREETS_rgb_leds                   0x08006984   Section        0  discreets.o(i.p_DISCREETS_rgb_leds)
    i.p_ERROR_top                            0x08006a00   Section        0  error.o(i.p_ERROR_top)
    i.p_HEATER_update_heaters_power          0x08006a04   Section        0  heater.o(i.p_HEATER_update_heaters_power)
    i.p_HOST_FROM_COMM_get_from_som_message_header_values 0x08006ac0   Section        0  host_from_comm.o(i.p_HOST_FROM_COMM_get_from_som_message_header_values)
    i.p_HOST_FROM_COMM_serve_host_comm       0x08006bec   Section        0  host_from_comm.o(i.p_HOST_FROM_COMM_serve_host_comm)
    i.p_HOST_TO_COMM_build_and_send_message_to_som 0x08006c2c   Section        0  host_to_comm.o(i.p_HOST_TO_COMM_build_and_send_message_to_som)
    i.p_INIT_heating_pwm                     0x08006e6c   Section        0  init.o(i.p_INIT_heating_pwm)
    i.p_INIT_receiving_from_som              0x08006eb0   Section        0  init.o(i.p_INIT_receiving_from_som)
    i.p_INIT_rgb_leds                        0x08006eec   Section        0  init.o(i.p_INIT_rgb_leds)
    i.p_IR_TEMP_get_temperature              0x08006f1c   Section        0  ir_temp.o(i.p_IR_TEMP_get_temperature)
    i.p_IR_TEMP_interpret_ir_temperature     0x08006f48   Section        0  ir_temp.o(i.p_IR_TEMP_interpret_ir_temperature)
    i.p_MISCEL_calculate_crc8                0x08006f80   Section        0  miscel.o(i.p_MISCEL_calculate_crc8)
    i.p_MOTOR_init_L6470                     0x08006fb0   Section        0  motor.o(i.p_MOTOR_init_L6470)
    i.p_MOTOR_update_agitation_motor_register 0x08007190   Section        0  motor.o(i.p_MOTOR_update_agitation_motor_register)
    i.p_MOTOR_update_agitation_motor_speed   0x080071f8   Section        0  motor.o(i.p_MOTOR_update_agitation_motor_speed)
    i.p_PROGRESS_after_thawing_stage         0x08007250   Section        0  progress.o(i.p_PROGRESS_after_thawing_stage)
    i.p_PROGRESS_stage_and_rpogress          0x080072a0   Section        0  progress.o(i.p_PROGRESS_stage_and_rpogress)
    i.p_PROGRESS_standby_stage               0x080072dc   Section        0  progress.o(i.p_PROGRESS_standby_stage)
    i.p_PROGRESS_temp_to_percent             0x080072e0   Section        0  progress.o(i.p_PROGRESS_temp_to_percent)
    i.p_PROGRESS_thawing_stage               0x08007344   Section        0  progress.o(i.p_PROGRESS_thawing_stage)
    i.p_RFID_get_temperature                 0x08007374   Section        0  rfid.o(i.p_RFID_get_temperature)
    i.rfid_temp_ascii_to_int                 0x080073c4   Section        0  rfid.o(i.rfid_temp_ascii_to_int)
    .constdata                               0x08007420   Section      364  adc.o(.constdata)
    .constdata                               0x0800758c   Section      256  miscel.o(.constdata)
    .constdata                               0x0800768c   Section       32  motor.o(.constdata)
    .constdata                               0x080076ac   Section       33  system_stm32l0xx.o(.constdata)
    .data                                    0x20000000   Section        2  board_temp.o(.data)
    g_BOARD_TEMP_ret_str                     0x20000000   Data           2  board_temp.o(.data)
    .data                                    0x20000002   Section        3  host_from_comm.o(.data)
    .data                                    0x20000008   Section        6  host_to_comm.o(.data)
    blinking_counter                         0x2000000c   Data           2  host_to_comm.o(.data)
    .data                                    0x2000000e   Section        4  ir_temp.o(.data)
    ir_returned_string                       0x2000000e   Data           4  ir_temp.o(.data)
    .data                                    0x20000012   Section        4  motor.o(.data)
    door_closed_time_cnt                     0x20000014   Data           2  motor.o(.data)
    .data                                    0x20000018   Section       52  pid.o(.data)
    pid_p_contst                             0x20000018   Data           8  pid.o(.data)
    pid_i_contst                             0x20000020   Data           8  pid.o(.data)
    pid_d_contst                             0x20000028   Data           8  pid.o(.data)
    g_PID_error                              0x20000030   Data           8  pid.o(.data)
    g_PID_error_mx                           0x20000038   Data           8  pid.o(.data)
    g_PID_pid_integral                       0x20000040   Data           8  pid.o(.data)
    g_PID_integral_pointer                   0x20000048   Data           2  pid.o(.data)
    calc_num                                 0x2000004a   Data           2  pid.o(.data)
    .data                                    0x2000004c   Section        4  rfid.o(.data)
    .data                                    0x20000050   Section       78  main.o(.data)
    s1                                       0x2000009c   Data           2  main.o(.data)
    .data                                    0x200000a0   Section        4  stm32l0xx_hal.o(.data)
    .data                                    0x200000a4   Section        4  system_stm32l0xx.o(.data)
    .bss                                     0x200000a8   Section       96  adc.o(.bss)
    NTCs_temperature_history                 0x200000c8   Data          64  adc.o(.bss)
    .bss                                     0x20000108   Section      235  host_from_comm.o(.bss)
    .bss                                     0x200001f3   Section      140  host_to_comm.o(.bss)
    .bss                                     0x20000280   Section      200  miscel.o(.bss)
    .bss                                     0x20000348   Section      160  pid.o(.bss)
    g_PID_integral_history                   0x20000348   Data         160  pid.o(.bss)
    .bss                                     0x200003e8   Section     1108  main.o(.bss)
    STACK                                    0x20000840   Section     1024  startup_stm32l073xx.o(STACK)

    Global Symbols

    Symbol Name                              Value     Ov Type        Size  Object(Section)

    BuildAttributes$$THM_ISAv3M$S$PE$A:L22$X:L11$S22$IEEE1$IW$USESV6$~STKCKD$USESV7$~SHL$OSPACE$EBA8$MICROLIB$REQ8$PRES8$EABIv2 0x00000000   Number         0  anon$$obj.o ABSOLUTE
    __ARM_use_no_argv                        0x00000000   Number         0  main.o ABSOLUTE
    __cpp_initialize__aeabi_                  - Undefined Weak Reference
    __cxa_finalize                            - Undefined Weak Reference
    __decompress                              - Undefined Weak Reference
    _clock_init                               - Undefined Weak Reference
    _microlib_exit                            - Undefined Weak Reference
    __Vectors_Size                           0x000000c0   Number         0  startup_stm32l073xx.o ABSOLUTE
    __Vectors                                0x08000000   Data           4  startup_stm32l073xx.o(RESET)
    __Vectors_End                            0x080000c0   Data           0  startup_stm32l073xx.o(RESET)
    __main                                   0x080000c1   Thumb Code     0  entry.o(.ARM.Collect$$$$00000000)
    _main_stk                                0x080000c1   Thumb Code     0  entry2.o(.ARM.Collect$$$$00000001)
    _main_scatterload                        0x080000c5   Thumb Code     0  entry5.o(.ARM.Collect$$$$00000004)
    __main_after_scatterload                 0x080000c9   Thumb Code     0  entry5.o(.ARM.Collect$$$$00000004)
    _main_clock                              0x080000c9   Thumb Code     0  entry7b.o(.ARM.Collect$$$$00000008)
    _main_cpp_init                           0x080000c9   Thumb Code     0  entry8b.o(.ARM.Collect$$$$0000000A)
    _main_init                               0x080000c9   Thumb Code     0  entry9a.o(.ARM.Collect$$$$0000000B)
    __rt_final_cpp                           0x080000d1   Thumb Code     0  entry10a.o(.ARM.Collect$$$$0000000D)
    __rt_final_exit                          0x080000d1   Thumb Code     0  entry11a.o(.ARM.Collect$$$$0000000F)
    Reset_Handler                            0x080000d5   Thumb Code     8  startup_stm32l073xx.o(.text)
    ADC1_COMP_IRQHandler                     0x080000e7   Thumb Code     0  startup_stm32l073xx.o(.text)
    EXTI0_1_IRQHandler                       0x080000e7   Thumb Code     0  startup_stm32l073xx.o(.text)
    EXTI2_3_IRQHandler                       0x080000e7   Thumb Code     0  startup_stm32l073xx.o(.text)
    EXTI4_15_IRQHandler                      0x080000e7   Thumb Code     0  startup_stm32l073xx.o(.text)
    FLASH_IRQHandler                         0x080000e7   Thumb Code     0  startup_stm32l073xx.o(.text)
    I2C3_IRQHandler                          0x080000e7   Thumb Code     0  startup_stm32l073xx.o(.text)
    LCD_IRQHandler                           0x080000e7   Thumb Code     0  startup_stm32l073xx.o(.text)
    LPTIM1_IRQHandler                        0x080000e7   Thumb Code     0  startup_stm32l073xx.o(.text)
    PVD_IRQHandler                           0x080000e7   Thumb Code     0  startup_stm32l073xx.o(.text)
    RCC_CRS_IRQHandler                       0x080000e7   Thumb Code     0  startup_stm32l073xx.o(.text)
    RNG_LPUART1_IRQHandler                   0x080000e7   Thumb Code     0  startup_stm32l073xx.o(.text)
    RTC_IRQHandler                           0x080000e7   Thumb Code     0  startup_stm32l073xx.o(.text)
    SPI1_IRQHandler                          0x080000e7   Thumb Code     0  startup_stm32l073xx.o(.text)
    SPI2_IRQHandler                          0x080000e7   Thumb Code     0  startup_stm32l073xx.o(.text)
    TIM21_IRQHandler                         0x080000e7   Thumb Code     0  startup_stm32l073xx.o(.text)
    TIM22_IRQHandler                         0x080000e7   Thumb Code     0  startup_stm32l073xx.o(.text)
    TIM2_IRQHandler                          0x080000e7   Thumb Code     0  startup_stm32l073xx.o(.text)
    TIM3_IRQHandler                          0x080000e7   Thumb Code     0  startup_stm32l073xx.o(.text)
    TIM6_DAC_IRQHandler                      0x080000e7   Thumb Code     0  startup_stm32l073xx.o(.text)
    TIM7_IRQHandler                          0x080000e7   Thumb Code     0  startup_stm32l073xx.o(.text)
    TSC_IRQHandler                           0x080000e7   Thumb Code     0  startup_stm32l073xx.o(.text)
    USB_IRQHandler                           0x080000e7   Thumb Code     0  startup_stm32l073xx.o(.text)
    WWDG_IRQHandler                          0x080000e7   Thumb Code     0  startup_stm32l073xx.o(.text)
    __aeabi_uidiv                            0x080000f1   Thumb Code     0  uidiv.o(.text)
    __aeabi_uidivmod                         0x080000f1   Thumb Code    44  uidiv.o(.text)
    __aeabi_idiv                             0x0800011d   Thumb Code     0  idiv.o(.text)
    __aeabi_idivmod                          0x0800011d   Thumb Code    40  idiv.o(.text)
    __aeabi_uldivmod                         0x08000145   Thumb Code    96  uldiv.o(.text)
    __aeabi_llsl                             0x080001a5   Thumb Code    32  llshl.o(.text)
    _ll_shift_l                              0x080001a5   Thumb Code     0  llshl.o(.text)
    __aeabi_llsr                             0x080001c5   Thumb Code    34  llushr.o(.text)
    _ll_ushift_r                             0x080001c5   Thumb Code     0  llushr.o(.text)
    __scatterload                            0x080001e9   Thumb Code    28  init.o(.text)
    __scatterload_rt2                        0x080001e9   Thumb Code     0  init.o(.text)
    DMA1_Channel1_IRQHandler                 0x08000391   Thumb Code    10  stm32l0xx_it.o(i.DMA1_Channel1_IRQHandler)
    DMA1_Channel2_3_IRQHandler               0x080003a1   Thumb Code    10  stm32l0xx_it.o(i.DMA1_Channel2_3_IRQHandler)
    DMA1_Channel4_5_6_7_IRQHandler           0x080003b1   Thumb Code    16  stm32l0xx_it.o(i.DMA1_Channel4_5_6_7_IRQHandler)
    HAL_ADC_ConfigChannel                    0x080003e9   Thumb Code   306  stm32l0xx_hal_adc.o(i.HAL_ADC_ConfigChannel)
    HAL_ADC_ConvCpltCallback                 0x08000531   Thumb Code    16  main.o(i.HAL_ADC_ConvCpltCallback)
    HAL_ADC_ConvHalfCpltCallback             0x08000549   Thumb Code     2  stm32l0xx_hal_adc.o(i.HAL_ADC_ConvHalfCpltCallback)
    HAL_ADC_ErrorCallback                    0x0800054b   Thumb Code     2  stm32l0xx_hal_adc.o(i.HAL_ADC_ErrorCallback)
    HAL_ADC_Init                             0x0800054d   Thumb Code   554  stm32l0xx_hal_adc.o(i.HAL_ADC_Init)
    HAL_ADC_MspInit                          0x08000781   Thumb Code   118  stm32l0xx_hal_msp.o(i.HAL_ADC_MspInit)
    HAL_ADC_Start_DMA                        0x08000825   Thumb Code   176  stm32l0xx_hal_adc.o(i.HAL_ADC_Start_DMA)
    HAL_DMA_Abort_IT                         0x080008e5   Thumb Code   174  stm32l0xx_hal_dma.o(i.HAL_DMA_Abort_IT)
    HAL_DMA_IRQHandler                       0x08000999   Thumb Code   792  stm32l0xx_hal_dma.o(i.HAL_DMA_IRQHandler)
    HAL_DMA_Init                             0x08000cb5   Thumb Code   390  stm32l0xx_hal_dma.o(i.HAL_DMA_Init)
    HAL_DMA_Start_IT                         0x08000e45   Thumb Code   114  stm32l0xx_hal_dma.o(i.HAL_DMA_Start_IT)
    HAL_Delay                                0x08000eb7   Thumb Code    26  stm32l0xx_hal.o(i.HAL_Delay)
    HAL_GPIO_Init                            0x08000ed1   Thumb Code   472  stm32l0xx_hal_gpio.o(i.HAL_GPIO_Init)
    HAL_GPIO_ReadPin                         0x080010c9   Thumb Code    18  stm32l0xx_hal_gpio.o(i.HAL_GPIO_ReadPin)
    HAL_GPIO_WritePin                        0x080010db   Thumb Code    12  stm32l0xx_hal_gpio.o(i.HAL_GPIO_WritePin)
    HAL_GetTick                              0x080010e9   Thumb Code     6  stm32l0xx_hal.o(i.HAL_GetTick)
    HAL_I2CEx_ConfigAnalogFilter             0x080010f5   Thumb Code   110  stm32l0xx_hal_i2c_ex.o(i.HAL_I2CEx_ConfigAnalogFilter)
    HAL_I2CEx_ConfigDigitalFilter            0x08001163   Thumb Code   114  stm32l0xx_hal_i2c_ex.o(i.HAL_I2CEx_ConfigDigitalFilter)
    HAL_I2C_AbortCpltCallback                0x080011d5   Thumb Code     2  stm32l0xx_hal_i2c.o(i.HAL_I2C_AbortCpltCallback)
    HAL_I2C_AddrCallback                     0x080011d7   Thumb Code     2  stm32l0xx_hal_i2c.o(i.HAL_I2C_AddrCallback)
    HAL_I2C_ER_IRQHandler                    0x080011d9   Thumb Code   128  stm32l0xx_hal_i2c.o(i.HAL_I2C_ER_IRQHandler)
    HAL_I2C_EV_IRQHandler                    0x08001259   Thumb Code    30  stm32l0xx_hal_i2c.o(i.HAL_I2C_EV_IRQHandler)
    HAL_I2C_ErrorCallback                    0x08001277   Thumb Code     2  stm32l0xx_hal_i2c.o(i.HAL_I2C_ErrorCallback)
    HAL_I2C_Init                             0x08001279   Thumb Code   208  stm32l0xx_hal_i2c.o(i.HAL_I2C_Init)
    HAL_I2C_ListenCpltCallback               0x0800134d   Thumb Code     2  stm32l0xx_hal_i2c.o(i.HAL_I2C_ListenCpltCallback)
    HAL_I2C_MasterRxCpltCallback             0x08001351   Thumb Code    16  main.o(i.HAL_I2C_MasterRxCpltCallback)
    HAL_I2C_MasterTxCpltCallback             0x08001369   Thumb Code     2  stm32l0xx_hal_i2c.o(i.HAL_I2C_MasterTxCpltCallback)
    HAL_I2C_Master_Receive_IT                0x0800136d   Thumb Code   162  stm32l0xx_hal_i2c.o(i.HAL_I2C_Master_Receive_IT)
    HAL_I2C_Master_Transmit                  0x0800141d   Thumb Code   374  stm32l0xx_hal_i2c.o(i.HAL_I2C_Master_Transmit)
    HAL_I2C_MemRxCpltCallback                0x0800159d   Thumb Code    16  main.o(i.HAL_I2C_MemRxCpltCallback)
    HAL_I2C_MemTxCpltCallback                0x080015b5   Thumb Code     2  stm32l0xx_hal_i2c.o(i.HAL_I2C_MemTxCpltCallback)
    HAL_I2C_Mem_Read_IT                      0x080015b9   Thumb Code   244  stm32l0xx_hal_i2c.o(i.HAL_I2C_Mem_Read_IT)
    HAL_I2C_MspInit                          0x080016b9   Thumb Code   146  stm32l0xx_hal_msp.o(i.HAL_I2C_MspInit)
    HAL_I2C_SlaveRxCpltCallback              0x0800175d   Thumb Code     2  stm32l0xx_hal_i2c.o(i.HAL_I2C_SlaveRxCpltCallback)
    HAL_I2C_SlaveTxCpltCallback              0x0800175f   Thumb Code     2  stm32l0xx_hal_i2c.o(i.HAL_I2C_SlaveTxCpltCallback)
    HAL_IncTick                              0x08001761   Thumb Code    12  stm32l0xx_hal.o(i.HAL_IncTick)
    HAL_Init                                 0x08001771   Thumb Code    28  stm32l0xx_hal.o(i.HAL_Init)
    HAL_InitTick                             0x08001791   Thumb Code    36  stm32l0xx_hal.o(i.HAL_InitTick)
    HAL_MspInit                              0x080017b9   Thumb Code    58  stm32l0xx_hal_msp.o(i.HAL_MspInit)
    HAL_NVIC_EnableIRQ                       0x080017f9   Thumb Code    18  stm32l0xx_hal_cortex.o(i.HAL_NVIC_EnableIRQ)
    HAL_NVIC_SetPriority                     0x08001811   Thumb Code    18  stm32l0xx_hal_cortex.o(i.HAL_NVIC_SetPriority)
    HAL_RCCEx_GetPeriphCLKFreq               0x08001825   Thumb Code   866  stm32l0xx_hal_rcc_ex.o(i.HAL_RCCEx_GetPeriphCLKFreq)
    HAL_RCCEx_PeriphCLKConfig                0x08001bb5   Thumb Code   672  stm32l0xx_hal_rcc_ex.o(i.HAL_RCCEx_PeriphCLKConfig)
    HAL_RCC_ClockConfig                      0x08001e61   Thumb Code   482  stm32l0xx_hal_rcc.o(i.HAL_RCC_ClockConfig)
    HAL_RCC_GetHCLKFreq                      0x08002059   Thumb Code     6  stm32l0xx_hal_rcc.o(i.HAL_RCC_GetHCLKFreq)
    HAL_RCC_GetPCLK1Freq                     0x08002065   Thumb Code    26  stm32l0xx_hal_rcc.o(i.HAL_RCC_GetPCLK1Freq)
    HAL_RCC_GetPCLK2Freq                     0x08002089   Thumb Code    26  stm32l0xx_hal_rcc.o(i.HAL_RCC_GetPCLK2Freq)
    HAL_RCC_GetSysClockFreq                  0x080020ad   Thumb Code   206  stm32l0xx_hal_rcc.o(i.HAL_RCC_GetSysClockFreq)
    HAL_RCC_OscConfig                        0x08002191   Thumb Code  1732  stm32l0xx_hal_rcc.o(i.HAL_RCC_OscConfig)
    HAL_RS485Ex_Init                         0x08002865   Thumb Code   156  stm32l0xx_hal_uart_ex.o(i.HAL_RS485Ex_Init)
    HAL_SPI_Init                             0x08002905   Thumb Code   142  stm32l0xx_hal_spi.o(i.HAL_SPI_Init)
    HAL_SPI_MspInit                          0x08002995   Thumb Code    60  stm32l0xx_hal_msp.o(i.HAL_SPI_MspInit)
    HAL_SPI_Transmit                         0x080029dd   Thumb Code   474  stm32l0xx_hal_spi.o(i.HAL_SPI_Transmit)
    HAL_SYSTICK_CLKSourceConfig              0x08002bb9   Thumb Code    32  stm32l0xx_hal_cortex.o(i.HAL_SYSTICK_CLKSourceConfig)
    HAL_SYSTICK_Callback                     0x08002bdd   Thumb Code   434  main.o(i.HAL_SYSTICK_Callback)
    HAL_SYSTICK_Config                       0x08002db9   Thumb Code    46  stm32l0xx_hal_cortex.o(i.HAL_SYSTICK_Config)
    HAL_SYSTICK_IRQHandler                   0x08002df1   Thumb Code     8  stm32l0xx_hal_cortex.o(i.HAL_SYSTICK_IRQHandler)
    HAL_TIMEx_MasterConfigSynchronization    0x08002df9   Thumb Code    98  stm32l0xx_hal_tim_ex.o(i.HAL_TIMEx_MasterConfigSynchronization)
    HAL_TIMEx_RemapConfig                    0x08002e5b   Thumb Code    46  stm32l0xx_hal_tim_ex.o(i.HAL_TIMEx_RemapConfig)
    HAL_TIM_Base_Init                        0x08002e89   Thumb Code    56  stm32l0xx_hal_tim.o(i.HAL_TIM_Base_Init)
    HAL_TIM_Base_MspInit                     0x08002ec1   Thumb Code    22  stm32l0xx_hal_msp.o(i.HAL_TIM_Base_MspInit)
    HAL_TIM_ConfigClockSource                0x08002ee1   Thumb Code   318  stm32l0xx_hal_tim.o(i.HAL_TIM_ConfigClockSource)
    HAL_TIM_MspPostInit                      0x08003021   Thumb Code    68  stm32l0xx_hal_msp.o(i.HAL_TIM_MspPostInit)
    HAL_TIM_PWM_ConfigChannel                0x08003071   Thumb Code   274  stm32l0xx_hal_tim.o(i.HAL_TIM_PWM_ConfigChannel)
    HAL_TIM_PWM_Init                         0x08003183   Thumb Code    56  stm32l0xx_hal_tim.o(i.HAL_TIM_PWM_Init)
    HAL_TIM_PWM_MspInit                      0x080031bb   Thumb Code     2  stm32l0xx_hal_tim.o(i.HAL_TIM_PWM_MspInit)
    HAL_TIM_PWM_Start                        0x080031bd   Thumb Code    32  stm32l0xx_hal_tim.o(i.HAL_TIM_PWM_Start)
    HAL_UARTEx_WakeupCallback                0x080031dd   Thumb Code     2  stm32l0xx_hal_uart_ex.o(i.HAL_UARTEx_WakeupCallback)
    HAL_UART_ErrorCallback                   0x080031df   Thumb Code     2  stm32l0xx_hal_uart.o(i.HAL_UART_ErrorCallback)
    HAL_UART_IRQHandler                      0x080031e1   Thumb Code   444  stm32l0xx_hal_uart.o(i.HAL_UART_IRQHandler)
    HAL_UART_Init                            0x080033a1   Thumb Code   130  stm32l0xx_hal_uart.o(i.HAL_UART_Init)
    HAL_UART_MspInit                         0x08003425   Thumb Code   410  stm32l0xx_hal_msp.o(i.HAL_UART_MspInit)
    HAL_UART_Receive_DMA                     0x08003605   Thumb Code   190  stm32l0xx_hal_uart.o(i.HAL_UART_Receive_DMA)
    HAL_UART_Receive_IT                      0x080036d1   Thumb Code   230  stm32l0xx_hal_uart.o(i.HAL_UART_Receive_IT)
    HAL_UART_RxCpltCallback                  0x080037bd   Thumb Code   176  main.o(i.HAL_UART_RxCpltCallback)
    HAL_UART_RxHalfCpltCallback              0x08003891   Thumb Code     2  stm32l0xx_hal_uart.o(i.HAL_UART_RxHalfCpltCallback)
    HAL_UART_Transmit                        0x08003893   Thumb Code   240  stm32l0xx_hal_uart.o(i.HAL_UART_Transmit)
    HAL_UART_Transmit_DMA                    0x08003985   Thumb Code   174  stm32l0xx_hal_uart.o(i.HAL_UART_Transmit_DMA)
    HAL_UART_TxCpltCallback                  0x08003a41   Thumb Code    50  main.o(i.HAL_UART_TxCpltCallback)
    HAL_UART_TxHalfCpltCallback              0x08003a89   Thumb Code     2  stm32l0xx_hal_uart.o(i.HAL_UART_TxHalfCpltCallback)
    HardFault_Handler                        0x08003a8d   Thumb Code    60  stm32l0xx_it.o(i.HardFault_Handler)
    I2C1_IRQHandler                          0x08003ad1   Thumb Code    34  stm32l0xx_it.o(i.I2C1_IRQHandler)
    I2C2_IRQHandler                          0x08003af9   Thumb Code    34  stm32l0xx_it.o(i.I2C2_IRQHandler)
    NMI_Handler                              0x08005039   Thumb Code     2  stm32l0xx_it.o(i.NMI_Handler)
    PendSV_Handler                           0x080050b5   Thumb Code     2  stm32l0xx_it.o(i.PendSV_Handler)
    SVC_Handler                              0x08005269   Thumb Code     2  stm32l0xx_it.o(i.SVC_Handler)
    SysTick_Handler                          0x0800526b   Thumb Code    12  stm32l0xx_it.o(i.SysTick_Handler)
    SystemClock_Config                       0x08005279   Thumb Code   180  main.o(i.SystemClock_Config)
    SystemInit                               0x08005345   Thumb Code    88  system_stm32l0xx.o(i.SystemInit)
    UART_AdvFeatureConfig                    0x0800560b   Thumb Code   240  stm32l0xx_hal_uart.o(i.UART_AdvFeatureConfig)
    UART_CheckIdleState                      0x080056fd   Thumb Code   112  stm32l0xx_hal_uart.o(i.UART_CheckIdleState)
    UART_SetConfig                           0x08005969   Thumb Code   954  stm32l0xx_hal_uart.o(i.UART_SetConfig)
    UART_WaitOnFlagUntilTimeout              0x08005dcb   Thumb Code   112  stm32l0xx_hal_uart.o(i.UART_WaitOnFlagUntilTimeout)
    USART1_IRQHandler                        0x08005e3d   Thumb Code    10  stm32l0xx_it.o(i.USART1_IRQHandler)
    USART2_IRQHandler                        0x08005e4d   Thumb Code    10  stm32l0xx_it.o(i.USART2_IRQHandler)
    USART4_5_IRQHandler                      0x08005e5d   Thumb Code    10  stm32l0xx_it.o(i.USART4_5_IRQHandler)
    _Error_Handler                           0x08005e6d   Thumb Code     4  main.o(i._Error_Handler)
    __ARM_common_ll_muluu                    0x08005e71   Thumb Code    48  stm32l0xx_hal_uart.o(i.__ARM_common_ll_muluu)
    __scatterload_copy                       0x08005ea1   Thumb Code    14  handlers.o(i.__scatterload_copy)
    __scatterload_null                       0x08005eaf   Thumb Code     2  handlers.o(i.__scatterload_null)
    __scatterload_zeroinit                   0x08005eb1   Thumb Code    14  handlers.o(i.__scatterload_zeroinit)
    g_PID_calc_pid                           0x08005ec1   Thumb Code   508  pid.o(i.g_PID_calc_pid)
    init                                     0x080060f1   Thumb Code    34  init.o(i.init)
    main                                     0x0800611d   Thumb Code   976  main.o(i.main)
    p_ADC_calib                              0x08006541   Thumb Code     2  adc.o(i.p_ADC_calib)
    p_ADC_ntc_resistance_to_temp             0x08006545   Thumb Code   126  adc.o(i.p_ADC_ntc_resistance_to_temp)
    p_ADC_resistance_to_weight               0x080065cd   Thumb Code     6  adc.o(i.p_ADC_resistance_to_weight)
    p_ADC_start_conv                         0x080065d5   Thumb Code    20  adc.o(i.p_ADC_start_conv)
    p_ADC_translate_adc                      0x080065f5   Thumb Code   404  adc.o(i.p_ADC_translate_adc)
    p_BOAD_TEMP_get_board_temperature        0x080067a1   Thumb Code    42  board_temp.o(i.p_BOAD_TEMP_get_board_temperature)
    p_BOAD_TEMP_interpret_pcb_temperature    0x080067d9   Thumb Code    40  board_temp.o(i.p_BOAD_TEMP_interpret_pcb_temperature)
    p_COMMSERV_serve_agitation_and_heater_opcode 0x08006805   Thumb Code     2  commserv.o(i.p_COMMSERV_serve_agitation_and_heater_opcode)
    p_COMMSERV_serve_led_buzzer_opcode       0x08006809   Thumb Code    62  commserv.o(i.p_COMMSERV_serve_led_buzzer_opcode)
    p_COMMSERV_serve_opcode                  0x08006859   Thumb Code    52  commserv.o(i.p_COMMSERV_serve_opcode)
    p_COMMSERV_serve_start_stop_thawing_opcode 0x08006891   Thumb Code    46  commserv.o(i.p_COMMSERV_serve_start_stop_thawing_opcode)
    p_COMMSERV_serve_technician_opcode       0x080068c9   Thumb Code    52  commserv.o(i.p_COMMSERV_serve_technician_opcode)
    p_DISCREETS_get_door_state               0x08006905   Thumb Code    18  discreets.o(i.p_DISCREETS_get_door_state)
    p_DISCREETS_get_motor_index              0x08006921   Thumb Code    18  discreets.o(i.p_DISCREETS_get_motor_index)
    p_DISCREETS_get_som_comm_address         0x0800693d   Thumb Code    68  discreets.o(i.p_DISCREETS_get_som_comm_address)
    p_DISCREETS_rgb_leds                     0x08006985   Thumb Code   116  discreets.o(i.p_DISCREETS_rgb_leds)
    p_ERROR_top                              0x08006a01   Thumb Code     2  error.o(i.p_ERROR_top)
    p_HEATER_update_heaters_power            0x08006a05   Thumb Code   162  heater.o(i.p_HEATER_update_heaters_power)
    p_HOST_FROM_COMM_get_from_som_message_header_values 0x08006ac1   Thumb Code   276  host_from_comm.o(i.p_HOST_FROM_COMM_get_from_som_message_header_values)
    p_HOST_FROM_COMM_serve_host_comm         0x08006bed   Thumb Code    50  host_from_comm.o(i.p_HOST_FROM_COMM_serve_host_comm)
    p_HOST_TO_COMM_build_and_send_message_to_som 0x08006c2d   Thumb Code   550  host_to_comm.o(i.p_HOST_TO_COMM_build_and_send_message_to_som)
    p_INIT_heating_pwm                       0x08006e6d   Thumb Code    58  init.o(i.p_INIT_heating_pwm)
    p_INIT_receiving_from_som                0x08006eb1   Thumb Code    34  init.o(i.p_INIT_receiving_from_som)
    p_INIT_rgb_leds                          0x08006eed   Thumb Code    42  init.o(i.p_INIT_rgb_leds)
    p_IR_TEMP_get_temperature                0x08006f1d   Thumb Code    30  ir_temp.o(i.p_IR_TEMP_get_temperature)
    p_IR_TEMP_interpret_ir_temperature       0x08006f49   Thumb Code    42  ir_temp.o(i.p_IR_TEMP_interpret_ir_temperature)
    p_MISCEL_calculate_crc8                  0x08006f81   Thumb Code    38  miscel.o(i.p_MISCEL_calculate_crc8)
    p_MOTOR_init_L6470                       0x08006fb1   Thumb Code   478  motor.o(i.p_MOTOR_init_L6470)
    p_MOTOR_update_agitation_motor_register  0x08007191   Thumb Code    92  motor.o(i.p_MOTOR_update_agitation_motor_register)
    p_MOTOR_update_agitation_motor_speed     0x080071f9   Thumb Code    74  motor.o(i.p_MOTOR_update_agitation_motor_speed)
    p_PROGRESS_after_thawing_stage           0x08007251   Thumb Code    66  progress.o(i.p_PROGRESS_after_thawing_stage)
    p_PROGRESS_stage_and_rpogress            0x080072a1   Thumb Code    56  progress.o(i.p_PROGRESS_stage_and_rpogress)
    p_PROGRESS_standby_stage                 0x080072dd   Thumb Code     2  progress.o(i.p_PROGRESS_standby_stage)
    p_PROGRESS_temp_to_percent               0x080072e1   Thumb Code    76  progress.o(i.p_PROGRESS_temp_to_percent)
    p_PROGRESS_thawing_stage                 0x08007345   Thumb Code    44  progress.o(i.p_PROGRESS_thawing_stage)
    p_RFID_get_temperature                   0x08007375   Thumb Code    54  rfid.o(i.p_RFID_get_temperature)
    rfid_temp_ascii_to_int                   0x080073c5   Thumb Code    78  rfid.o(i.rfid_temp_ascii_to_int)
    g_ADC_ntc_table                          0x08007420   Data         364  adc.o(.constdata)
    g_MISCEL_crc8_table                      0x0800758c   Data         256  miscel.o(.constdata)
    g_MOTOR_l6470_spi_arg_len                0x0800768c   Data          32  motor.o(.constdata)
    AHBPrescTable                            0x080076ac   Data          16  system_stm32l0xx.o(.constdata)
    APBPrescTable                            0x080076bc   Data           8  system_stm32l0xx.o(.constdata)
    PLLMulTable                              0x080076c4   Data           9  system_stm32l0xx.o(.constdata)
    Region$$Table$$Base                      0x080076d0   Number         0  anon$$obj.o(Region$$Table)
    Region$$Table$$Limit                     0x080076f0   Number         0  anon$$obj.o(Region$$Table)
    g_HOST_FROM_COMM_from_som_data_start_index 0x20000002   Data           2  host_from_comm.o(.data)
    g_HOST_FROM_COMM_comm_err_array_index    0x20000004   Data           1  host_from_comm.o(.data)
    debug_sdlfjh83345                        0x20000008   Data           4  host_to_comm.o(.data)
    g_MOTOR_motor1092                        0x20000012   Data           2  motor.o(.data)
    dummy                                    0x2000004c   Data           2  rfid.o(.data)
    g_RFID_task                              0x2000004e   Data           2  rfid.o(.data)
    g_MAIN_debug_var0                        0x20000050   Data           2  main.o(.data)
    g_MAIN_adc_conversion_callback           0x20000052   Data           2  main.o(.data)
    g_MAIN_ir_conversion_callback            0x20000054   Data           2  main.o(.data)
    g_MAIN_temputure_callback                0x20000056   Data           2  main.o(.data)
    g_MAIN_after_thawing_time                0x20000058   Data           2  main.o(.data)
    g_MAIN_main_loop_tasks                   0x2000005c   Data           4  main.o(.data)
    g_MAIN_safety_error                      0x20000060   Data           2  main.o(.data)
    g_MAIN_rfid_count                        0x20000062   Data           2  main.o(.data)
    g_MAIN_from_rfid_str                     0x20000064   Data          40  main.o(.data)
    g_MAIN_pcb_temperature_str               0x2000008c   Data           2  main.o(.data)
    g_MAIN_no_somm_message_timer             0x2000008e   Data           2  main.o(.data)
    g_MAIN_motor_index_timer                 0x20000090   Data           2  main.o(.data)
    g_MAIN_delay_var0                        0x20000092   Data           2  main.o(.data)
    g_MAIN_timer_20mS_period                 0x20000094   Data           2  main.o(.data)
    g_MAIN_timer_100mS_period                0x20000096   Data           2  main.o(.data)
    g_MAIN_timer_1S_period                   0x20000098   Data           2  main.o(.data)
    one_second_passed_bits                   0x2000009a   Data           2  main.o(.data)
    uwTick                                   0x200000a0   Data           4  stm32l0xx_hal.o(.data)
    SystemCoreClock                          0x200000a4   Data           4  system_stm32l0xx.o(.data)
    g_ADC_adc_raw_results                    0x200000a8   Data          32  adc.o(.bss)
    g_HOST_FROM_COMM_som_rx_buffer           0x20000108   Data         135  host_from_comm.o(.bss)
    g_HOST_FROM_COMM_comm_err_array          0x2000018f   Data         100  host_from_comm.o(.bss)
    g_HOST_TO_COMM_som_tx_buffer             0x200001f3   Data         140  host_to_comm.o(.bss)
    g_MISCEL_debug9834475                    0x20000280   Data         200  miscel.o(.bss)
    system_state                             0x200003e8   Data          60  main.o(.bss)
    from_som_message_state                   0x20000424   Data          10  main.o(.bss)
    hadc                                     0x20000430   Data          96  main.o(.bss)
    hdma_adc                                 0x20000490   Data          64  main.o(.bss)
    hi2c1                                    0x200004d0   Data          76  main.o(.bss)
    g_MAIN_hi2c2                             0x2000051c   Data          76  main.o(.bss)
    hspi1                                    0x20000568   Data          88  main.o(.bss)
    htim3                                    0x200005c0   Data          56  main.o(.bss)
    huart1                                   0x200005f8   Data         112  main.o(.bss)
    huart2                                   0x20000668   Data         112  main.o(.bss)
    huart4                                   0x200006d8   Data         112  main.o(.bss)
    hdma_usart1_tx                           0x20000748   Data          64  main.o(.bss)
    hdma_usart2_rx                           0x20000788   Data          64  main.o(.bss)
    hdma_usart2_tx                           0x200007c8   Data          64  main.o(.bss)
    PWM_timer2_OC_params                     0x20000808   Data          16  main.o(.bss)
    PWM_timer3_OC_params                     0x20000818   Data          16  main.o(.bss)
    g_MAIN_uart_tx_callback                  0x20000828   Data          10  main.o(.bss)
    g_MAIN_uart_rx_callback                  0x20000832   Data          10  main.o(.bss)
    __initial_sp                             0x20000c40   Data           0  startup_stm32l073xx.o(STACK)



==============================================================================

Memory Map of the image

  Image Entry point : 0x080000c1

  Load Region LR_IROM1 (Base: 0x08000000, Size: 0x00007798, Max: 0x00030000, ABSOLUTE)

    Execution Region ER_IROM1 (Exec base: 0x08000000, Load base: 0x08000000, Size: 0x000076f0, Max: 0x00030000, ABSOLUTE)

    Exec Addr    Load Addr    Size         Type   Attr      Idx    E Section Name        Object

    0x08000000   0x08000000   0x000000c0   Data   RO            3    RESET               startup_stm32l073xx.o
    0x080000c0   0x080000c0   0x00000000   Code   RO         4221  * .ARM.Collect$$$$00000000  mc_p.l(entry.o)
    0x080000c0   0x080000c0   0x00000004   Code   RO         4240    .ARM.Collect$$$$00000001  mc_p.l(entry2.o)
    0x080000c4   0x080000c4   0x00000004   Code   RO         4243    .ARM.Collect$$$$00000004  mc_p.l(entry5.o)
    0x080000c8   0x080000c8   0x00000000   Code   RO         4245    .ARM.Collect$$$$00000008  mc_p.l(entry7b.o)
    0x080000c8   0x080000c8   0x00000000   Code   RO         4247    .ARM.Collect$$$$0000000A  mc_p.l(entry8b.o)
    0x080000c8   0x080000c8   0x00000008   Code   RO         4248    .ARM.Collect$$$$0000000B  mc_p.l(entry9a.o)
    0x080000d0   0x080000d0   0x00000000   Code   RO         4250    .ARM.Collect$$$$0000000D  mc_p.l(entry10a.o)
    0x080000d0   0x080000d0   0x00000000   Code   RO         4252    .ARM.Collect$$$$0000000F  mc_p.l(entry11a.o)
    0x080000d0   0x080000d0   0x00000004   Code   RO         4241    .ARM.Collect$$$$00002712  mc_p.l(entry2.o)
    0x080000d4   0x080000d4   0x0000001c   Code   RO            4    .text               startup_stm32l073xx.o
    0x080000f0   0x080000f0   0x0000002c   Code   RO         4224    .text               mc_p.l(uidiv.o)
    0x0800011c   0x0800011c   0x00000028   Code   RO         4226    .text               mc_p.l(idiv.o)
    0x08000144   0x08000144   0x00000060   Code   RO         4228    .text               mc_p.l(uldiv.o)
    0x080001a4   0x080001a4   0x00000020   Code   RO         4254    .text               mc_p.l(llshl.o)
    0x080001c4   0x080001c4   0x00000022   Code   RO         4256    .text               mc_p.l(llushr.o)
    0x080001e6   0x080001e6   0x00000002   PAD
    0x080001e8   0x080001e8   0x00000024   Code   RO         4258    .text               mc_p.l(init.o)
    0x0800020c   0x0800020c   0x00000086   Code   RO         1043    i.ADC_DMAConvCplt   stm32l0xx_hal_adc.o
    0x08000292   0x08000292   0x0000001e   Code   RO         1044    i.ADC_DMAError      stm32l0xx_hal_adc.o
    0x080002b0   0x080002b0   0x0000000e   Code   RO         1045    i.ADC_DMAHalfConvCplt  stm32l0xx_hal_adc.o
    0x080002be   0x080002be   0x00000002   PAD
    0x080002c0   0x080002c0   0x0000002c   Code   RO         1046    i.ADC_DelayMicroSecond  stm32l0xx_hal_adc.o
    0x080002ec   0x080002ec   0x000000a4   Code   RO         1048    i.ADC_Enable        stm32l0xx_hal_adc.o
    0x08000390   0x08000390   0x00000010   Code   RO          859    i.DMA1_Channel1_IRQHandler  stm32l0xx_it.o
    0x080003a0   0x080003a0   0x00000010   Code   RO          860    i.DMA1_Channel2_3_IRQHandler  stm32l0xx_it.o
    0x080003b0   0x080003b0   0x00000018   Code   RO          861    i.DMA1_Channel4_5_6_7_IRQHandler  stm32l0xx_it.o
    0x080003c8   0x080003c8   0x00000020   Code   RO         3839    i.DMA_SetConfig     stm32l0xx_hal_dma.o
    0x080003e8   0x080003e8   0x00000148   Code   RO         1050    i.HAL_ADC_ConfigChannel  stm32l0xx_hal_adc.o
    0x08000530   0x08000530   0x00000018   Code   RO          733    i.HAL_ADC_ConvCpltCallback  main.o
    0x08000548   0x08000548   0x00000002   Code   RO         1052    i.HAL_ADC_ConvHalfCpltCallback  stm32l0xx_hal_adc.o
    0x0800054a   0x0800054a   0x00000002   Code   RO         1054    i.HAL_ADC_ErrorCallback  stm32l0xx_hal_adc.o
    0x0800054c   0x0800054c   0x00000234   Code   RO         1059    i.HAL_ADC_Init      stm32l0xx_hal_adc.o
    0x08000780   0x08000780   0x000000a4   Code   RO          956    i.HAL_ADC_MspInit   stm32l0xx_hal_msp.o
    0x08000824   0x08000824   0x000000c0   Code   RO         1066    i.HAL_ADC_Start_DMA  stm32l0xx_hal_adc.o
    0x080008e4   0x080008e4   0x000000b4   Code   RO         3841    i.HAL_DMA_Abort_IT  stm32l0xx_hal_dma.o
    0x08000998   0x08000998   0x0000031c   Code   RO         3845    i.HAL_DMA_IRQHandler  stm32l0xx_hal_dma.o
    0x08000cb4   0x08000cb4   0x00000190   Code   RO         3846    i.HAL_DMA_Init      stm32l0xx_hal_dma.o
    0x08000e44   0x08000e44   0x00000072   Code   RO         3849    i.HAL_DMA_Start_IT  stm32l0xx_hal_dma.o
    0x08000eb6   0x08000eb6   0x0000001a   Code   RO         3074    i.HAL_Delay         stm32l0xx_hal.o
    0x08000ed0   0x08000ed0   0x000001f8   Code   RO         3780    i.HAL_GPIO_Init     stm32l0xx_hal_gpio.o
    0x080010c8   0x080010c8   0x00000012   Code   RO         3782    i.HAL_GPIO_ReadPin  stm32l0xx_hal_gpio.o
    0x080010da   0x080010da   0x0000000c   Code   RO         3784    i.HAL_GPIO_WritePin  stm32l0xx_hal_gpio.o
    0x080010e6   0x080010e6   0x00000002   PAD
    0x080010e8   0x080010e8   0x0000000c   Code   RO         3078    i.HAL_GetTick       stm32l0xx_hal.o
    0x080010f4   0x080010f4   0x0000006e   Code   RO         1703    i.HAL_I2CEx_ConfigAnalogFilter  stm32l0xx_hal_i2c_ex.o
    0x08001162   0x08001162   0x00000072   Code   RO         1704    i.HAL_I2CEx_ConfigDigitalFilter  stm32l0xx_hal_i2c_ex.o
    0x080011d4   0x080011d4   0x00000002   Code   RO         1279    i.HAL_I2C_AbortCpltCallback  stm32l0xx_hal_i2c.o
    0x080011d6   0x080011d6   0x00000002   Code   RO         1280    i.HAL_I2C_AddrCallback  stm32l0xx_hal_i2c.o
    0x080011d8   0x080011d8   0x00000080   Code   RO         1283    i.HAL_I2C_ER_IRQHandler  stm32l0xx_hal_i2c.o
    0x08001258   0x08001258   0x0000001e   Code   RO         1284    i.HAL_I2C_EV_IRQHandler  stm32l0xx_hal_i2c.o
    0x08001276   0x08001276   0x00000002   Code   RO         1286    i.HAL_I2C_ErrorCallback  stm32l0xx_hal_i2c.o
    0x08001278   0x08001278   0x000000d4   Code   RO         1290    i.HAL_I2C_Init      stm32l0xx_hal_i2c.o
    0x0800134c   0x0800134c   0x00000002   Code   RO         1292    i.HAL_I2C_ListenCpltCallback  stm32l0xx_hal_i2c.o
    0x0800134e   0x0800134e   0x00000002   PAD
    0x08001350   0x08001350   0x00000018   Code   RO          734    i.HAL_I2C_MasterRxCpltCallback  main.o
    0x08001368   0x08001368   0x00000002   Code   RO         1294    i.HAL_I2C_MasterTxCpltCallback  stm32l0xx_hal_i2c.o
    0x0800136a   0x0800136a   0x00000002   PAD
    0x0800136c   0x0800136c   0x000000b0   Code   RO         1298    i.HAL_I2C_Master_Receive_IT  stm32l0xx_hal_i2c.o
    0x0800141c   0x0800141c   0x00000180   Code   RO         1301    i.HAL_I2C_Master_Transmit  stm32l0xx_hal_i2c.o
    0x0800159c   0x0800159c   0x00000018   Code   RO          735    i.HAL_I2C_MemRxCpltCallback  main.o
    0x080015b4   0x080015b4   0x00000002   Code   RO         1305    i.HAL_I2C_MemTxCpltCallback  stm32l0xx_hal_i2c.o
    0x080015b6   0x080015b6   0x00000002   PAD
    0x080015b8   0x080015b8   0x00000100   Code   RO         1308    i.HAL_I2C_Mem_Read_IT  stm32l0xx_hal_i2c.o
    0x080016b8   0x080016b8   0x000000a4   Code   RO          958    i.HAL_I2C_MspInit   stm32l0xx_hal_msp.o
    0x0800175c   0x0800175c   0x00000002   Code   RO         1314    i.HAL_I2C_SlaveRxCpltCallback  stm32l0xx_hal_i2c.o
    0x0800175e   0x0800175e   0x00000002   Code   RO         1315    i.HAL_I2C_SlaveTxCpltCallback  stm32l0xx_hal_i2c.o
    0x08001760   0x08001760   0x00000010   Code   RO         3079    i.HAL_IncTick       stm32l0xx_hal.o
    0x08001770   0x08001770   0x00000020   Code   RO         3080    i.HAL_Init          stm32l0xx_hal.o
    0x08001790   0x08001790   0x00000028   Code   RO         3081    i.HAL_InitTick      stm32l0xx_hal.o
    0x080017b8   0x080017b8   0x00000040   Code   RO          959    i.HAL_MspInit       stm32l0xx_hal_msp.o
    0x080017f8   0x080017f8   0x00000018   Code   RO         4093    i.HAL_NVIC_EnableIRQ  stm32l0xx_hal_cortex.o
    0x08001810   0x08001810   0x00000012   Code   RO         4097    i.HAL_NVIC_SetPriority  stm32l0xx_hal_cortex.o
    0x08001822   0x08001822   0x00000002   PAD
    0x08001824   0x08001824   0x00000390   Code   RO         3344    i.HAL_RCCEx_GetPeriphCLKFreq  stm32l0xx_hal_rcc_ex.o
    0x08001bb4   0x08001bb4   0x000002ac   Code   RO         3347    i.HAL_RCCEx_PeriphCLKConfig  stm32l0xx_hal_rcc_ex.o
    0x08001e60   0x08001e60   0x000001f8   Code   RO         3233    i.HAL_RCC_ClockConfig  stm32l0xx_hal_rcc.o
    0x08002058   0x08002058   0x0000000c   Code   RO         3237    i.HAL_RCC_GetHCLKFreq  stm32l0xx_hal_rcc.o
    0x08002064   0x08002064   0x00000024   Code   RO         3239    i.HAL_RCC_GetPCLK1Freq  stm32l0xx_hal_rcc.o
    0x08002088   0x08002088   0x00000024   Code   RO         3240    i.HAL_RCC_GetPCLK2Freq  stm32l0xx_hal_rcc.o
    0x080020ac   0x080020ac   0x000000e4   Code   RO         3241    i.HAL_RCC_GetSysClockFreq  stm32l0xx_hal_rcc.o
    0x08002190   0x08002190   0x000006d4   Code   RO         3244    i.HAL_RCC_OscConfig  stm32l0xx_hal_rcc.o
    0x08002864   0x08002864   0x000000a0   Code   RO         2999    i.HAL_RS485Ex_Init  stm32l0xx_hal_uart_ex.o
    0x08002904   0x08002904   0x0000008e   Code   RO         1761    i.HAL_SPI_Init      stm32l0xx_hal_spi.o
    0x08002992   0x08002992   0x00000002   PAD
    0x08002994   0x08002994   0x00000048   Code   RO          961    i.HAL_SPI_MspInit   stm32l0xx_hal_msp.o
    0x080029dc   0x080029dc   0x000001da   Code   RO         1769    i.HAL_SPI_Transmit  stm32l0xx_hal_spi.o
    0x08002bb6   0x08002bb6   0x00000002   PAD
    0x08002bb8   0x08002bb8   0x00000024   Code   RO         4099    i.HAL_SYSTICK_CLKSourceConfig  stm32l0xx_hal_cortex.o
    0x08002bdc   0x08002bdc   0x000001dc   Code   RO          736    i.HAL_SYSTICK_Callback  main.o
    0x08002db8   0x08002db8   0x00000038   Code   RO         4101    i.HAL_SYSTICK_Config  stm32l0xx_hal_cortex.o
    0x08002df0   0x08002df0   0x00000008   Code   RO         4102    i.HAL_SYSTICK_IRQHandler  stm32l0xx_hal_cortex.o
    0x08002df8   0x08002df8   0x00000062   Code   RO         2623    i.HAL_TIMEx_MasterConfigSynchronization  stm32l0xx_hal_tim_ex.o
    0x08002e5a   0x08002e5a   0x0000002e   Code   RO         2624    i.HAL_TIMEx_RemapConfig  stm32l0xx_hal_tim_ex.o
    0x08002e88   0x08002e88   0x00000038   Code   RO         1990    i.HAL_TIM_Base_Init  stm32l0xx_hal_tim.o
    0x08002ec0   0x08002ec0   0x00000020   Code   RO          963    i.HAL_TIM_Base_MspInit  stm32l0xx_hal_msp.o
    0x08002ee0   0x08002ee0   0x0000013e   Code   RO         1999    i.HAL_TIM_ConfigClockSource  stm32l0xx_hal_tim.o
    0x0800301e   0x0800301e   0x00000002   PAD
    0x08003020   0x08003020   0x00000050   Code   RO          964    i.HAL_TIM_MspPostInit  stm32l0xx_hal_msp.o
    0x08003070   0x08003070   0x00000112   Code   RO         2056    i.HAL_TIM_PWM_ConfigChannel  stm32l0xx_hal_tim.o
    0x08003182   0x08003182   0x00000038   Code   RO         2059    i.HAL_TIM_PWM_Init  stm32l0xx_hal_tim.o
    0x080031ba   0x080031ba   0x00000002   Code   RO         2061    i.HAL_TIM_PWM_MspInit  stm32l0xx_hal_tim.o
    0x080031bc   0x080031bc   0x00000020   Code   RO         2063    i.HAL_TIM_PWM_Start  stm32l0xx_hal_tim.o
    0x080031dc   0x080031dc   0x00000002   Code   RO         3005    i.HAL_UARTEx_WakeupCallback  stm32l0xx_hal_uart_ex.o
    0x080031de   0x080031de   0x00000002   Code   RO         2671    i.HAL_UART_ErrorCallback  stm32l0xx_hal_uart.o
    0x080031e0   0x080031e0   0x000001c0   Code   RO         2674    i.HAL_UART_IRQHandler  stm32l0xx_hal_uart.o
    0x080033a0   0x080033a0   0x00000082   Code   RO         2675    i.HAL_UART_Init     stm32l0xx_hal_uart.o
    0x08003422   0x08003422   0x00000002   PAD
    0x08003424   0x08003424   0x000001e0   Code   RO          966    i.HAL_UART_MspInit  stm32l0xx_hal_msp.o
    0x08003604   0x08003604   0x000000cc   Code   RO         2679    i.HAL_UART_Receive_DMA  stm32l0xx_hal_uart.o
    0x080036d0   0x080036d0   0x000000ec   Code   RO         2680    i.HAL_UART_Receive_IT  stm32l0xx_hal_uart.o
    0x080037bc   0x080037bc   0x000000d4   Code   RO          737    i.HAL_UART_RxCpltCallback  main.o
    0x08003890   0x08003890   0x00000002   Code   RO         2682    i.HAL_UART_RxHalfCpltCallback  stm32l0xx_hal_uart.o
    0x08003892   0x08003892   0x000000f0   Code   RO         2683    i.HAL_UART_Transmit  stm32l0xx_hal_uart.o
    0x08003982   0x08003982   0x00000002   PAD
    0x08003984   0x08003984   0x000000bc   Code   RO         2684    i.HAL_UART_Transmit_DMA  stm32l0xx_hal_uart.o
    0x08003a40   0x08003a40   0x00000048   Code   RO          738    i.HAL_UART_TxCpltCallback  main.o
    0x08003a88   0x08003a88   0x00000002   Code   RO         2687    i.HAL_UART_TxHalfCpltCallback  stm32l0xx_hal_uart.o
    0x08003a8a   0x08003a8a   0x00000002   PAD
    0x08003a8c   0x08003a8c   0x00000044   Code   RO          862    i.HardFault_Handler  stm32l0xx_it.o
    0x08003ad0   0x08003ad0   0x00000028   Code   RO          863    i.I2C1_IRQHandler   stm32l0xx_it.o
    0x08003af8   0x08003af8   0x00000028   Code   RO          864    i.I2C2_IRQHandler   stm32l0xx_it.o
    0x08003b20   0x08003b20   0x0000003c   Code   RO         1324    i.I2C_DMAAbort      stm32l0xx_hal_i2c.o
    0x08003b5c   0x08003b5c   0x0000007e   Code   RO         1330    i.I2C_Disable_IRQ   stm32l0xx_hal_i2c.o
    0x08003bda   0x08003bda   0x00000002   PAD
    0x08003bdc   0x08003bdc   0x00000090   Code   RO         1331    i.I2C_Enable_IRQ    stm32l0xx_hal_i2c.o
    0x08003c6c   0x08003c6c   0x00000032   Code   RO         1332    i.I2C_Flush_TXDR    stm32l0xx_hal_i2c.o
    0x08003c9e   0x08003c9e   0x000000d6   Code   RO         1333    i.I2C_ITAddrCplt    stm32l0xx_hal_i2c.o
    0x08003d74   0x08003d74   0x00000118   Code   RO         1334    i.I2C_ITError       stm32l0xx_hal_i2c.o
    0x08003e8c   0x08003e8c   0x00000074   Code   RO         1335    i.I2C_ITListenCplt  stm32l0xx_hal_i2c.o
    0x08003f00   0x08003f00   0x000000ec   Code   RO         1336    i.I2C_ITMasterCplt  stm32l0xx_hal_i2c.o
    0x08003fec   0x08003fec   0x00000062   Code   RO         1337    i.I2C_ITMasterSequentialCplt  stm32l0xx_hal_i2c.o
    0x0800404e   0x0800404e   0x00000002   PAD
    0x08004050   0x08004050   0x0000013c   Code   RO         1338    i.I2C_ITSlaveCplt   stm32l0xx_hal_i2c.o
    0x0800418c   0x0800418c   0x00000062   Code   RO         1339    i.I2C_ITSlaveSequentialCplt  stm32l0xx_hal_i2c.o
    0x080041ee   0x080041ee   0x00000002   PAD
    0x080041f0   0x080041f0   0x00000094   Code   RO         1340    i.I2C_IsAcknowledgeFailed  stm32l0xx_hal_i2c.o
    0x08004284   0x08004284   0x0000010a   Code   RO         1341    i.I2C_Master_ISR_DMA  stm32l0xx_hal_i2c.o
    0x0800438e   0x0800438e   0x00000002   PAD
    0x08004390   0x08004390   0x000001ac   Code   RO         1342    i.I2C_Master_ISR_IT  stm32l0xx_hal_i2c.o
    0x0800453c   0x0800453c   0x00000094   Code   RO         1343    i.I2C_RequestMemoryRead  stm32l0xx_hal_i2c.o
    0x080045d0   0x080045d0   0x0000009e   Code   RO         1345    i.I2C_Slave_ISR_DMA  stm32l0xx_hal_i2c.o
    0x0800466e   0x0800466e   0x00000002   PAD
    0x08004670   0x08004670   0x00000160   Code   RO         1346    i.I2C_Slave_ISR_IT  stm32l0xx_hal_i2c.o
    0x080047d0   0x080047d0   0x00000038   Code   RO         1347    i.I2C_TransferConfig  stm32l0xx_hal_i2c.o
    0x08004808   0x08004808   0x00000052   Code   RO         1348    i.I2C_WaitOnFlagUntilTimeout  stm32l0xx_hal_i2c.o
    0x0800485a   0x0800485a   0x0000005a   Code   RO         1350    i.I2C_WaitOnSTOPFlagUntilTimeout  stm32l0xx_hal_i2c.o
    0x080048b4   0x080048b4   0x00000060   Code   RO         1351    i.I2C_WaitOnTXISFlagUntilTimeout  stm32l0xx_hal_i2c.o
    0x08004914   0x08004914   0x00000170   Code   RO          739    i.MX_ADC_Init       main.o
    0x08004a84   0x08004a84   0x00000054   Code   RO          740    i.MX_DMA_Init       main.o
    0x08004ad8   0x08004ad8   0x000001d4   Code   RO          741    i.MX_GPIO_Init      main.o
    0x08004cac   0x08004cac   0x00000080   Code   RO          742    i.MX_I2C1_Init      main.o
    0x08004d2c   0x08004d2c   0x00000080   Code   RO          743    i.MX_I2C2_Init      main.o
    0x08004dac   0x08004dac   0x00000060   Code   RO          744    i.MX_SPI1_Init      main.o
    0x08004e0c   0x08004e0c   0x00000118   Code   RO          745    i.MX_TIM3_Init      main.o
    0x08004f24   0x08004f24   0x00000058   Code   RO          746    i.MX_USART1_UART_Init  main.o
    0x08004f7c   0x08004f7c   0x00000060   Code   RO          747    i.MX_USART2_UART_Init  main.o
    0x08004fdc   0x08004fdc   0x0000005c   Code   RO          748    i.MX_USART4_UART_Init  main.o
    0x08005038   0x08005038   0x00000002   Code   RO          865    i.NMI_Handler       stm32l0xx_it.o
    0x0800503a   0x0800503a   0x00000002   PAD
    0x0800503c   0x0800503c   0x00000078   Code   RO         4103    i.NVIC_SetPriority  stm32l0xx_hal_cortex.o
    0x080050b4   0x080050b4   0x00000002   Code   RO          866    i.PendSV_Handler    stm32l0xx_it.o
    0x080050b6   0x080050b6   0x00000002   PAD
    0x080050b8   0x080050b8   0x00000098   Code   RO         3245    i.RCC_SetFlashLatencyFromMSIRange  stm32l0xx_hal_rcc.o
    0x08005150   0x08005150   0x00000118   Code   RO         1791    i.SPI_WaitOnFlagUntilTimeout  stm32l0xx_hal_spi.o
    0x08005268   0x08005268   0x00000002   Code   RO          867    i.SVC_Handler       stm32l0xx_it.o
    0x0800526a   0x0800526a   0x0000000c   Code   RO          868    i.SysTick_Handler   stm32l0xx_it.o
    0x08005276   0x08005276   0x00000002   PAD
    0x08005278   0x08005278   0x000000cc   Code   RO          749    i.SystemClock_Config  main.o
    0x08005344   0x08005344   0x00000068   Code   RO         4191    i.SystemInit        system_stm32l0xx.o
    0x080053ac   0x080053ac   0x00000084   Code   RO         2074    i.TIM_Base_SetConfig  stm32l0xx_hal_tim.o
    0x08005430   0x08005430   0x0000001c   Code   RO         2075    i.TIM_CCxChannelCmd  stm32l0xx_hal_tim.o
    0x0800544c   0x0800544c   0x0000001e   Code   RO         2081    i.TIM_ETR_SetConfig  stm32l0xx_hal_tim.o
    0x0800546a   0x0800546a   0x0000001a   Code   RO         2082    i.TIM_ITRx_SetConfig  stm32l0xx_hal_tim.o
    0x08005484   0x08005484   0x0000003e   Code   RO         2083    i.TIM_OC1_SetConfig  stm32l0xx_hal_tim.o
    0x080054c2   0x080054c2   0x0000004a   Code   RO         2084    i.TIM_OC2_SetConfig  stm32l0xx_hal_tim.o
    0x0800550c   0x0800550c   0x00000044   Code   RO         2085    i.TIM_OC3_SetConfig  stm32l0xx_hal_tim.o
    0x08005550   0x08005550   0x0000004e   Code   RO         2086    i.TIM_OC4_SetConfig  stm32l0xx_hal_tim.o
    0x0800559e   0x0800559e   0x00000036   Code   RO         2088    i.TIM_TI1_ConfigInputStage  stm32l0xx_hal_tim.o
    0x080055d4   0x080055d4   0x00000036   Code   RO         2090    i.TIM_TI2_ConfigInputStage  stm32l0xx_hal_tim.o
    0x0800560a   0x0800560a   0x000000f0   Code   RO         2688    i.UART_AdvFeatureConfig  stm32l0xx_hal_uart.o
    0x080056fa   0x080056fa   0x00000002   PAD
    0x080056fc   0x080056fc   0x00000074   Code   RO         2689    i.UART_CheckIdleState  stm32l0xx_hal_uart.o
    0x08005770   0x08005770   0x00000018   Code   RO         2690    i.UART_DMAAbortOnError  stm32l0xx_hal_uart.o
    0x08005788   0x08005788   0x00000056   Code   RO         2691    i.UART_DMAError     stm32l0xx_hal_uart.o
    0x080057de   0x080057de   0x0000004c   Code   RO         2692    i.UART_DMAReceiveCplt  stm32l0xx_hal_uart.o
    0x0800582a   0x0800582a   0x0000000e   Code   RO         2694    i.UART_DMARxHalfCplt  stm32l0xx_hal_uart.o
    0x08005838   0x08005838   0x0000003a   Code   RO         2696    i.UART_DMATransmitCplt  stm32l0xx_hal_uart.o
    0x08005872   0x08005872   0x0000000e   Code   RO         2698    i.UART_DMATxHalfCplt  stm32l0xx_hal_uart.o
    0x08005880   0x08005880   0x00000022   Code   RO         2700    i.UART_EndRxTransfer  stm32l0xx_hal_uart.o
    0x080058a2   0x080058a2   0x00000020   Code   RO         2701    i.UART_EndTransmit_IT  stm32l0xx_hal_uart.o
    0x080058c2   0x080058c2   0x00000014   Code   RO         2702    i.UART_EndTxTransfer  stm32l0xx_hal_uart.o
    0x080058d6   0x080058d6   0x00000090   Code   RO         2703    i.UART_Receive_IT   stm32l0xx_hal_uart.o
    0x08005966   0x08005966   0x00000002   PAD
    0x08005968   0x08005968   0x000003f0   Code   RO         2704    i.UART_SetConfig    stm32l0xx_hal_uart.o
    0x08005d58   0x08005d58   0x00000072   Code   RO         2705    i.UART_Transmit_IT  stm32l0xx_hal_uart.o
    0x08005dca   0x08005dca   0x00000070   Code   RO         2706    i.UART_WaitOnFlagUntilTimeout  stm32l0xx_hal_uart.o
    0x08005e3a   0x08005e3a   0x00000002   PAD
    0x08005e3c   0x08005e3c   0x00000010   Code   RO          869    i.USART1_IRQHandler  stm32l0xx_it.o
    0x08005e4c   0x08005e4c   0x00000010   Code   RO          870    i.USART2_IRQHandler  stm32l0xx_it.o
    0x08005e5c   0x08005e5c   0x00000010   Code   RO          871    i.USART4_5_IRQHandler  stm32l0xx_it.o
    0x08005e6c   0x08005e6c   0x00000004   Code   RO          750    i._Error_Handler    main.o
    0x08005e70   0x08005e70   0x00000030   Code   RO         2991    i.__ARM_common_ll_muluu  stm32l0xx_hal_uart.o
    0x08005ea0   0x08005ea0   0x0000000e   Code   RO         4262    i.__scatterload_copy  mc_p.l(handlers.o)
    0x08005eae   0x08005eae   0x00000002   Code   RO         4263    i.__scatterload_null  mc_p.l(handlers.o)
    0x08005eb0   0x08005eb0   0x0000000e   Code   RO         4264    i.__scatterload_zeroinit  mc_p.l(handlers.o)
    0x08005ebe   0x08005ebe   0x00000002   PAD
    0x08005ec0   0x08005ec0   0x00000230   Code   RO          574    i.g_PID_calc_pid    pid.o
    0x080060f0   0x080060f0   0x0000002c   Code   RO          418    i.init              init.o
    0x0800611c   0x0800611c   0x00000424   Code   RO          751    i.main              main.o
    0x08006540   0x08006540   0x00000002   Code   RO           13    i.p_ADC_calib       adc.o
    0x08006542   0x08006542   0x00000002   PAD
    0x08006544   0x08006544   0x00000088   Code   RO           14    i.p_ADC_ntc_resistance_to_temp  adc.o
    0x080065cc   0x080065cc   0x00000006   Code   RO           15    i.p_ADC_resistance_to_weight  adc.o
    0x080065d2   0x080065d2   0x00000002   PAD
    0x080065d4   0x080065d4   0x00000020   Code   RO           16    i.p_ADC_start_conv  adc.o
    0x080065f4   0x080065f4   0x000001ac   Code   RO           17    i.p_ADC_translate_adc  adc.o
    0x080067a0   0x080067a0   0x00000038   Code   RO          183    i.p_BOAD_TEMP_get_board_temperature  board_temp.o
    0x080067d8   0x080067d8   0x0000002c   Code   RO          184    i.p_BOAD_TEMP_interpret_pcb_temperature  board_temp.o
    0x08006804   0x08006804   0x00000002   Code   RO          215    i.p_COMMSERV_serve_agitation_and_heater_opcode  commserv.o
    0x08006806   0x08006806   0x00000002   PAD
    0x08006808   0x08006808   0x00000050   Code   RO          216    i.p_COMMSERV_serve_led_buzzer_opcode  commserv.o
    0x08006858   0x08006858   0x00000038   Code   RO          217    i.p_COMMSERV_serve_opcode  commserv.o
    0x08006890   0x08006890   0x00000038   Code   RO          218    i.p_COMMSERV_serve_start_stop_thawing_opcode  commserv.o
    0x080068c8   0x080068c8   0x0000003c   Code   RO          219    i.p_COMMSERV_serve_technician_opcode  commserv.o
    0x08006904   0x08006904   0x0000001c   Code   RO          278    i.p_DISCREETS_get_door_state  discreets.o
    0x08006920   0x08006920   0x0000001c   Code   RO          279    i.p_DISCREETS_get_motor_index  discreets.o
    0x0800693c   0x0800693c   0x00000048   Code   RO          280    i.p_DISCREETS_get_som_comm_address  discreets.o
    0x08006984   0x08006984   0x0000007c   Code   RO          281    i.p_DISCREETS_rgb_leds  discreets.o
    0x08006a00   0x08006a00   0x00000002   Code   RO          318    i.p_ERROR_top       error.o
    0x08006a02   0x08006a02   0x00000002   PAD
    0x08006a04   0x08006a04   0x000000bc   Code   RO          332    i.p_HEATER_update_heaters_power  heater.o
    0x08006ac0   0x08006ac0   0x0000012c   Code   RO          353    i.p_HOST_FROM_COMM_get_from_som_message_header_values  host_from_comm.o
    0x08006bec   0x08006bec   0x00000040   Code   RO          354    i.p_HOST_FROM_COMM_serve_host_comm  host_from_comm.o
    0x08006c2c   0x08006c2c   0x00000240   Code   RO          393    i.p_HOST_TO_COMM_build_and_send_message_to_som  host_to_comm.o
    0x08006e6c   0x08006e6c   0x00000044   Code   RO          419    i.p_INIT_heating_pwm  init.o
    0x08006eb0   0x08006eb0   0x0000003c   Code   RO          420    i.p_INIT_receiving_from_som  init.o
    0x08006eec   0x08006eec   0x00000030   Code   RO          421    i.p_INIT_rgb_leds   init.o
    0x08006f1c   0x08006f1c   0x0000002c   Code   RO          464    i.p_IR_TEMP_get_temperature  ir_temp.o
    0x08006f48   0x08006f48   0x00000038   Code   RO          465    i.p_IR_TEMP_interpret_ir_temperature  ir_temp.o
    0x08006f80   0x08006f80   0x00000030   Code   RO          501    i.p_MISCEL_calculate_crc8  miscel.o
    0x08006fb0   0x08006fb0   0x000001de   Code   RO          531    i.p_MOTOR_init_L6470  motor.o
    0x0800718e   0x0800718e   0x00000002   PAD
    0x08007190   0x08007190   0x00000068   Code   RO          533    i.p_MOTOR_update_agitation_motor_register  motor.o
    0x080071f8   0x080071f8   0x00000058   Code   RO          534    i.p_MOTOR_update_agitation_motor_speed  motor.o
    0x08007250   0x08007250   0x00000050   Code   RO          683    i.p_PROGRESS_after_thawing_stage  progress.o
    0x080072a0   0x080072a0   0x0000003c   Code   RO          684    i.p_PROGRESS_stage_and_rpogress  progress.o
    0x080072dc   0x080072dc   0x00000002   Code   RO          685    i.p_PROGRESS_standby_stage  progress.o
    0x080072de   0x080072de   0x00000002   PAD
    0x080072e0   0x080072e0   0x00000064   Code   RO          686    i.p_PROGRESS_temp_to_percent  progress.o
    0x08007344   0x08007344   0x00000030   Code   RO          687    i.p_PROGRESS_thawing_stage  progress.o
    0x08007374   0x08007374   0x00000050   Code   RO          601    i.p_RFID_get_temperature  rfid.o
    0x080073c4   0x080073c4   0x0000005c   Code   RO          604    i.rfid_temp_ascii_to_int  rfid.o
    0x08007420   0x08007420   0x0000016c   Data   RO           19    .constdata          adc.o
    0x0800758c   0x0800758c   0x00000100   Data   RO          504    .constdata          miscel.o
    0x0800768c   0x0800768c   0x00000020   Data   RO          535    .constdata          motor.o
    0x080076ac   0x080076ac   0x00000021   Data   RO         4192    .constdata          system_stm32l0xx.o
    0x080076cd   0x080076cd   0x00000003   PAD
    0x080076d0   0x080076d0   0x00000020   Data   RO         4260    Region$$Table       anon$$obj.o


    Execution Region RW_IRAM1 (Exec base: 0x20000000, Load base: 0x080076f0, Size: 0x00000c40, Max: 0x00005000, ABSOLUTE)

    Exec Addr    Load Addr    Size         Type   Attr      Idx    E Section Name        Object

    0x20000000   0x080076f0   0x00000002   Data   RW          185    .data               board_temp.o
    0x20000002   0x080076f2   0x00000003   Data   RW          356    .data               host_from_comm.o
    0x20000005   0x080076f5   0x00000003   PAD
    0x20000008   0x080076f8   0x00000006   Data   RW          395    .data               host_to_comm.o
    0x2000000e   0x080076fe   0x00000004   Data   RW          466    .data               ir_temp.o
    0x20000012   0x08007702   0x00000004   Data   RW          536    .data               motor.o
    0x20000016   0x08007706   0x00000002   PAD
    0x20000018   0x08007708   0x00000034   Data   RW          576    .data               pid.o
    0x2000004c   0x0800773c   0x00000004   Data   RW          605    .data               rfid.o
    0x20000050   0x08007740   0x0000004e   Data   RW          753    .data               main.o
    0x2000009e   0x0800778e   0x00000002   PAD
    0x200000a0   0x08007790   0x00000004   Data   RW         3090    .data               stm32l0xx_hal.o
    0x200000a4   0x08007794   0x00000004   Data   RW         4193    .data               system_stm32l0xx.o
    0x200000a8        -       0x00000060   Zero   RW           18    .bss                adc.o
    0x20000108        -       0x000000eb   Zero   RW          355    .bss                host_from_comm.o
    0x200001f3        -       0x0000008c   Zero   RW          394    .bss                host_to_comm.o
    0x2000027f   0x08007798   0x00000001   PAD
    0x20000280        -       0x000000c8   Zero   RW          503    .bss                miscel.o
    0x20000348        -       0x000000a0   Zero   RW          575    .bss                pid.o
    0x200003e8        -       0x00000454   Zero   RW          752    .bss                main.o
    0x2000083c   0x08007798   0x00000004   PAD
    0x20000840        -       0x00000400   Zero   RW            1    STACK               startup_stm32l073xx.o


==============================================================================

Image component sizes


      Code (inc. data)   RO Data    RW Data    ZI Data      Debug   Object Name

       604         46        364          0         96     417619   adc.o
       100         18          0          2          0       1761   board_temp.o
       254         40          0          0          0       2368   commserv.o
       252         32          0          0          0       2097   discreets.o
         2          0          0          0          0        370   error.o
       188         26          0          0          0        516   heater.o
       364         38          0          3        235       2637   host_from_comm.o
       576         26          0          6        140       1847   host_to_comm.o
       220         52          0          0          0       1714   init.o
       100         28          0          4          0       1643   ir_temp.o
      3928        532          0         78       1108      14723   main.o
        48         10        256          0        200       1278   miscel.o
       670         26         32          4          0       2676   motor.o
       560         52          0         52        160       2197   pid.o
       290         46          0          0          0       2400   progress.o
       172         40          0          4          0       2000   rfid.o
        28          8        192          0       1024        624   startup_stm32l073xx.o
       126         18          0          4          0       3575   stm32l0xx_hal.o
      1474         62          0          0          0       7034   stm32l0xx_hal_adc.o
       262         30          0          0          0      11752   stm32l0xx_hal_cortex.o
      1522         20          0          0          0       4322   stm32l0xx_hal_dma.o
       534         32          0          0          0       2875   stm32l0xx_hal_gpio.o
      4764        106          0          0          0      27070   stm32l0xx_hal_i2c.o
       224          0          0          0          0       1875   stm32l0xx_hal_i2c_ex.o
      1056        174          0          0          0       4752   stm32l0xx_hal_msp.o
      2716        116          0          0          0       6820   stm32l0xx_hal_rcc.o
      1596         58          0          0          0       2973   stm32l0xx_hal_rcc_ex.o
       896          0          0          0          0       3130   stm32l0xx_hal_spi.o
      1344         12          0          0          0      11105   stm32l0xx_hal_tim.o
       144          0          0          0          0       1760   stm32l0xx_hal_tim_ex.o
      3592         96          0          0          0      17181   stm32l0xx_hal_uart.o
       162          4          0          0          0       1859   stm32l0xx_hal_uart_ex.o
       270         58          0          0          0       5706   stm32l0xx_it.o
       104         16         33          4          0       1187   system_stm32l0xx.o

    ----------------------------------------------------------------------
     29200       1822        912        168       2968     573446   Object Totals
         0          0         32          0          0          0   (incl. Generated)
        58          0          3          7          5          0   (incl. Padding)

    ----------------------------------------------------------------------

      Code (inc. data)   RO Data    RW Data    ZI Data      Debug   Library Member Name

         0          0          0          0          0          0   entry.o
         0          0          0          0          0          0   entry10a.o
         0          0          0          0          0          0   entry11a.o
         8          4          0          0          0          0   entry2.o
         4          0          0          0          0          0   entry5.o
         0          0          0          0          0          0   entry7b.o
         0          0          0          0          0          0   entry8b.o
         8          4          0          0          0          0   entry9a.o
        30          0          0          0          0          0   handlers.o
        40          0          0          0          0         72   idiv.o
        36          8          0          0          0         68   init.o
        32          0          0          0          0         68   llshl.o
        34          0          0          0          0         68   llushr.o
        44          0          0          0          0         72   uidiv.o
        96          0          0          0          0         84   uldiv.o

    ----------------------------------------------------------------------
       336         16          0          0          0        432   Library Totals
         4          0          0          0          0          0   (incl. Padding)

    ----------------------------------------------------------------------

      Code (inc. data)   RO Data    RW Data    ZI Data      Debug   Library Name

       332         16          0          0          0        432   mc_p.l

    ----------------------------------------------------------------------
       336         16          0          0          0        432   Library Totals

    ----------------------------------------------------------------------

==============================================================================


      Code (inc. data)   RO Data    RW Data    ZI Data      Debug   

     29536       1838        912        168       2968     565186   Grand Totals
     29536       1838        912        168       2968     565186   ELF Image Totals
     29536       1838        912        168          0          0   ROM Totals

==============================================================================

    Total RO  Size (Code + RO Data)                30448 (  29.73kB)
    Total RW  Size (RW Data + ZI Data)              3136 (   3.06kB)
    Total ROM Size (Code + RO Data + RW Data)      30616 (  29.90kB)

==============================================================================

