Component: ARM Compiler 5.06 update 6 (build 750) Tool: armlink [4d35ed]

==============================================================================

Section Cross References

    startup_stm32l073xx.o(RESET) refers to startup_stm32l073xx.o(STACK) for __initial_sp
    startup_stm32l073xx.o(RESET) refers to startup_stm32l073xx.o(.text) for Reset_Handler
    startup_stm32l073xx.o(RESET) refers to stm32l0xx_it.o(i.NMI_Handler) for NMI_Handler
    startup_stm32l073xx.o(RESET) refers to stm32l0xx_it.o(i.HardFault_Handler) for HardFault_Handler
    startup_stm32l073xx.o(RESET) refers to stm32l0xx_it.o(i.SVC_Handler) for SVC_Handler
    startup_stm32l073xx.o(RESET) refers to stm32l0xx_it.o(i.PendSV_Handler) for PendSV_Handler
    startup_stm32l073xx.o(RESET) refers to stm32l0xx_it.o(i.SysTick_Handler) for SysTick_Handler
    startup_stm32l073xx.o(RESET) refers to stm32l0xx_it.o(i.DMA1_Channel1_IRQHandler) for DMA1_Channel1_IRQHandler
    startup_stm32l073xx.o(RESET) refers to stm32l0xx_it.o(i.DMA1_Channel2_3_IRQHandler) for DMA1_Channel2_3_IRQHandler
    startup_stm32l073xx.o(RESET) refers to stm32l0xx_it.o(i.DMA1_Channel4_5_6_7_IRQHandler) for DMA1_Channel4_5_6_7_IRQHandler
    startup_stm32l073xx.o(RESET) refers to stm32l0xx_it.o(i.USART4_5_IRQHandler) for USART4_5_IRQHandler
    startup_stm32l073xx.o(RESET) refers to stm32l0xx_it.o(i.I2C1_IRQHandler) for I2C1_IRQHandler
    startup_stm32l073xx.o(RESET) refers to stm32l0xx_it.o(i.I2C2_IRQHandler) for I2C2_IRQHandler
    startup_stm32l073xx.o(RESET) refers to stm32l0xx_it.o(i.USART1_IRQHandler) for USART1_IRQHandler
    startup_stm32l073xx.o(RESET) refers to stm32l0xx_it.o(i.USART2_IRQHandler) for USART2_IRQHandler
    startup_stm32l073xx.o(.text) refers to system_stm32l0xx.o(i.SystemInit) for SystemInit
    startup_stm32l073xx.o(.text) refers to entry.o(.ARM.Collect$$$$00000000) for __main
    adc.o(i.filter_ntcs) refers to idiv.o(.text) for __aeabi_idivmod
    adc.o(i.filter_ntcs) refers to main.o(.bss) for system_state
    adc.o(i.filter_ntcs) refers to adc.o(.data) for NTCs_temperature_history_pointer
    adc.o(i.filter_ntcs) refers to adc.o(.bss) for NTCs_temperature_history
    adc.o(i.p_ADC_ntc_resistance_to_temp) refers to uidiv.o(.text) for __aeabi_uidivmod
    adc.o(i.p_ADC_ntc_resistance_to_temp) refers to adc.o(.constdata) for g_ADC_ntc_table
    adc.o(i.p_ADC_start_conv) refers to stm32l0xx_hal_adc.o(i.HAL_ADC_Start_DMA) for HAL_ADC_Start_DMA
    adc.o(i.p_ADC_start_conv) refers to main.o(.data) for g_MAIN_adc_conversion_callback
    adc.o(i.p_ADC_start_conv) refers to adc.o(.bss) for g_ADC_adc_raw_results
    adc.o(i.p_ADC_start_conv) refers to main.o(.bss) for hadc
    adc.o(i.p_ADC_translate_adc) refers to idiv.o(.text) for __aeabi_idivmod
    adc.o(i.p_ADC_translate_adc) refers to uidiv.o(.text) for __aeabi_uidivmod
    adc.o(i.p_ADC_translate_adc) refers to adc.o(i.p_ADC_ntc_resistance_to_temp) for p_ADC_ntc_resistance_to_temp
    adc.o(i.p_ADC_translate_adc) refers to adc.o(i.p_ADC_resistance_to_weight) for p_ADC_resistance_to_weight
    adc.o(i.p_ADC_translate_adc) refers to adc.o(.bss) for g_ADC_adc_raw_results
    adc.o(i.p_ADC_translate_adc) refers to main.o(.bss) for system_state
    board_temp.o(i.p_BOAD_TEMP_get_board_temperature) refers to stm32l0xx_hal_i2c.o(i.HAL_I2C_Master_Transmit) for HAL_I2C_Master_Transmit
    board_temp.o(i.p_BOAD_TEMP_get_board_temperature) refers to stm32l0xx_hal_i2c.o(i.HAL_I2C_Master_Receive_IT) for HAL_I2C_Master_Receive_IT
    board_temp.o(i.p_BOAD_TEMP_get_board_temperature) refers to main.o(.data) for g_MAIN_temputure_callback
    board_temp.o(i.p_BOAD_TEMP_get_board_temperature) refers to main.o(.bss) for g_MAIN_hi2c2
    board_temp.o(i.p_BOAD_TEMP_get_board_temperature) refers to board_temp.o(.data) for g_BOARD_TEMP_ret_str
    board_temp.o(i.p_BOAD_TEMP_interpret_pcb_temperature) refers to board_temp.o(.data) for g_BOARD_TEMP_ret_str
    commserv.o(i.p_COMMSERV_serve_led_buzzer_opcode) refers to discreets.o(i.p_DISCREETS_rgb_leds) for p_DISCREETS_rgb_leds
    commserv.o(i.p_COMMSERV_serve_led_buzzer_opcode) refers to main.o(.bss) for system_state
    commserv.o(i.p_COMMSERV_serve_led_buzzer_opcode) refers to host_from_comm.o(.bss) for g_HOST_FROM_COMM_som_rx_buffer
    commserv.o(i.p_COMMSERV_serve_led_buzzer_opcode) refers to host_from_comm.o(.data) for g_HOST_FROM_COMM_from_som_data_start_index
    commserv.o(i.p_COMMSERV_serve_opcode) refers to commserv.o(i.p_COMMSERV_serve_led_buzzer_opcode) for p_COMMSERV_serve_led_buzzer_opcode
    commserv.o(i.p_COMMSERV_serve_opcode) refers to commserv.o(i.p_COMMSERV_serve_agitation_and_heater_opcode) for p_COMMSERV_serve_agitation_and_heater_opcode
    commserv.o(i.p_COMMSERV_serve_opcode) refers to commserv.o(i.p_COMMSERV_serve_technician_opcode) for p_COMMSERV_serve_technician_opcode
    commserv.o(i.p_COMMSERV_serve_opcode) refers to commserv.o(i.p_COMMSERV_serve_start_stop_thawing_opcode) for p_COMMSERV_serve_start_stop_thawing_opcode
[...]
    i.HAL_DMA_IRQHandler                     0x08000998   Section        0  stm32l0xx_hal_dma.o(i.HAL_DMA_IRQHandler)
    i.HAL_DMA_Init                           0x08000cb4   Section        0  stm32l0xx_hal_dma.o(i.HAL_DMA_Init)
    i.HAL_DMA_Start_IT                       0x08000e44   Section        0  stm32l0xx_hal_dma.o(i.HAL_DMA_Start_IT)
    i.HAL_Delay                              0x08000eb6   Section        0  stm32l0xx_hal.o(i.HAL_Delay)
    i.HAL_GPIO_Init                          0x08000ed0   Section        0  stm32l0xx_hal_gpio.o(i.HAL_GPIO_Init)
    i.HAL_GPIO_ReadPin                       0x080010c8   Section        0  stm32l0xx_hal_gpio.o(i.HAL_GPIO_ReadPin)
    i.HAL_GPIO_WritePin                      0x080010da   Section        0  stm32l0xx_hal_gpio.o(i.HAL_GPIO_WritePin)
    i.HAL_GetTick                            0x080010e8   Section        0  stm32l0xx_hal.o(i.HAL_GetTick)
    i.HAL_I2CEx_ConfigAnalogFilter           0x080010f4   Section        0  stm32l0xx_hal_i2c_ex.o(i.HAL_I2CEx_ConfigAnalogFilter)
    i.HAL_I2CEx_ConfigDigitalFilter          0x08001162   Section        0  stm32l0xx_hal_i2c_ex.o(i.HAL_I2CEx_ConfigDigitalFilter)
    i.HAL_I2C_AbortCpltCallback              0x080011d4   Section        0  stm32l0xx_hal_i2c.o(i.HAL_I2C_AbortCpltCallback)
    i.HAL_I2C_AddrCallback                   0x080011d6   Section        0  stm32l0xx_hal_i2c.o(i.HAL_I2C_AddrCallback)
    i.HAL_I2C_ER_IRQHandler                  0x080011d8   Section        0  stm32l0xx_hal_i2c.o(i.HAL_I2C_ER_IRQHandler)
    i.HAL_I2C_EV_IRQHandler                  0x08001258   Section        0  stm32l0xx_hal_i2c.o(i.HAL_I2C_EV_IRQHandler)
    i.HAL_I2C_ErrorCallback                  0x08001276   Section        0  stm32l0xx_hal_i2c.o(i.HAL_I2C_ErrorCallback)
    i.HAL_I2C_Init                           0x08001278   Section        0  stm32l0xx_hal_i2c.o(i.HAL_I2C_Init)
    i.HAL_I2C_ListenCpltCallback             0x0800134c   Section        0  stm32l0xx_hal_i2c.o(i.HAL_I2C_ListenCpltCallback)
    i.HAL_I2C_MasterRxCpltCallback           0x08001350   Section        0  main.o(i.HAL_I2C_MasterRxCpltCallback)
    i.HAL_I2C_MasterTxCpltCallback           0x08001368   Section        0  stm32l0xx_hal_i2c.o(i.HAL_I2C_MasterTxCpltCallback)
    i.HAL_I2C_Master_Receive_IT              0x0800136c   Section        0  stm32l0xx_hal_i2c.o(i.HAL_I2C_Master_Receive_IT)
    i.HAL_I2C_Master_Transmit                0x0800141c   Section        0  stm32l0xx_hal_i2c.o(i.HAL_I2C_Master_Transmit)
    i.HAL_I2C_MemRxCpltCallback              0x0800159c   Section        0  main.o(i.HAL_I2C_MemRxCpltCallback)
    i.HAL_I2C_MemTxCpltCallback              0x080015b4   Section        0  stm32l0xx_hal_i2c.o(i.HAL_I2C_MemTxCpltCallback)
    i.HAL_I2C_Mem_Read_IT                    0x080015b8   Section        0  stm32l0xx_hal_i2c.o(i.HAL_I2C_Mem_Read_IT)
    i.HAL_I2C_MspInit                        0x080016b8   Section        0  stm32l0xx_hal_msp.o(i.HAL_I2C_MspInit)
    i.HAL_I2C_SlaveRxCpltCallback            0x0800175c   Section        0  stm32l0xx_hal_i2c.o(i.HAL_I2C_SlaveRxCpltCallback)
    i.HAL_I2C_SlaveTxCpltCallback            0x0800175e   Section        0  stm32l0xx_hal_i2c.o(i.HAL_I2C_SlaveTxCpltCallback)
    i.HAL_IncTick                            0x08001760   Section        0  stm32l0xx_hal.o(i.HAL_IncTick)
    i.HAL_Init                               0x08001770   Section        0  stm32l0xx_hal.o(i.HAL_Init)
    i.HAL_InitTick                           0x08001790   Section        0  stm32l0xx_hal.o(i.HAL_InitTick)
    i.HAL_MspInit                            0x080017b8   Section        0  stm32l0xx_hal_msp.o(i.HAL_MspInit)
    i.HAL_NVIC_EnableIRQ                     0x080017f8   Section        0  stm32l0xx_hal_cortex.o(i.HAL_NVIC_EnableIRQ)
    i.HAL_NVIC_SetPriority                   0x08001810   Section        0  stm32l0xx_hal_cortex.o(i.HAL_NVIC_SetPriority)
    i.HAL_RCCEx_GetPeriphCLKFreq             0x08001824   Section        0  stm32l0xx_hal_rcc_ex.o(i.HAL_RCCEx_GetPeriphCLKFreq)
    i.HAL_RCCEx_PeriphCLKConfig              0x08001bb4   Section        0  stm32l0xx_hal_rcc_ex.o(i.HAL_RCCEx_PeriphCLKConfig)
    i.HAL_RCC_ClockConfig                    0x08001e60   Section        0  stm32l0xx_hal_rcc.o(i.HAL_RCC_ClockConfig)
    i.HAL_RCC_GetHCLKFreq                    0x08002058   Section        0  stm32l0xx_hal_rcc.o(i.HAL_RCC_GetHCLKFreq)
    i.HAL_RCC_GetPCLK1Freq                   0x08002064   Section        0  stm32l0xx_hal_rcc.o(i.HAL_RCC_GetPCLK1Freq)
    i.HAL_RCC_GetPCLK2Freq                   0x08002088   Section        0  stm32l0xx_hal_rcc.o(i.HAL_RCC_GetPCLK2Freq)
    i.HAL_RCC_GetSysClockFreq                0x080020ac   Section        0  stm32l0xx_hal_rcc.o(i.HAL_RCC_GetSysClockFreq)
    i.HAL_RCC_OscConfig                      0x08002190   Section        0  stm32l0xx_hal_rcc.o(i.HAL_RCC_OscConfig)
    i.HAL_RS485Ex_Init                       0x08002864   Section        0  stm32l0xx_hal_uart_ex.o(i.HAL_RS485Ex_Init)
    i.HAL_SPI_Init                           0x08002904   Section        0  stm32l0xx_hal_spi.o(i.HAL_SPI_Init)
    i.HAL_SPI_MspInit                        0x08002994   Section        0  stm32l0xx_hal_msp.o(i.HAL_SPI_MspInit)
    i.HAL_SPI_Transmit                       0x080029dc   Section        0  stm32l0xx_hal_spi.o(i.HAL_SPI_Transmit)
    i.HAL_SYSTICK_CLKSourceConfig            0x08002bb8   Section        0  stm32l0xx_hal_cortex.o(i.HAL_SYSTICK_CLKSourceConfig)
    i.HAL_SYSTICK_Callback                   0x08002bdc   Section        0  main.o(i.HAL_SYSTICK_Callback)
    i.HAL_SYSTICK_Config                     0x08002db8   Section        0  stm32l0xx_hal_cortex.o(i.HAL_SYSTICK_Config)
    i.HAL_SYSTICK_IRQHandler                 0x08002df0   Section        0  stm32l0xx_hal_cortex.o(i.HAL_SYSTICK_IRQHandler)
    i.HAL_TIMEx_MasterConfigSynchronization  0x08002df8   Section        0  stm32l0xx_hal_tim_ex.o(i.HAL_TIMEx_MasterConfigSynchronization)
    i.HAL_TIMEx_RemapConfig                  0x08002e5a   Section        0  stm32l0xx_hal_tim_ex.o(i.HAL_TIMEx_RemapConfig)
    i.HAL_TIM_Base_Init                      0x08002e88   Section        0  stm32l0xx_hal_tim.o(i.HAL_TIM_Base_Init)
    i.HAL_TIM_Base_MspInit                   0x08002ec0   Section        0  stm32l0xx_hal_msp.o(i.HAL_TIM_Base_MspInit)
    i.HAL_TIM_ConfigClockSource              0x08002ee0   Section        0  stm32l0xx_hal_tim.o(i.HAL_TIM_ConfigClockSource)
    i.HAL_TIM_MspPostInit                    0x08003020   Section        0  stm32l0xx_hal_msp.o(i.HAL_TIM_MspPostInit)
    i.HAL_TIM_PWM_ConfigChannel              0x08003070   Section        0  stm32l0xx_hal_tim.o(i.HAL_TIM_PWM_ConfigChannel)
    i.HAL_TIM_PWM_Init                       0x08003182   Section        0  stm32l0xx_hal_tim.o(i.HAL_TIM_PWM_Init)
    i.HAL_TIM_PWM_MspInit                    0x080031ba   Section        0  stm32l0xx_hal_tim.o(i.HAL_TIM_PWM_MspInit)
    i.HAL_TIM_PWM_Start                      0x080031bc   Section        0  stm32l0xx_hal_tim.o(i.HAL_TIM_PWM_Start)
    i.HAL_UARTEx_WakeupCallback              0x080031dc   Section        0  stm32l0xx_hal_uart_ex.o(i.HAL_UARTEx_WakeupCallback)
    i.HAL_UART_ErrorCallback                 0x080031de   Section        0  stm32l0xx_hal_uart.o(i.HAL_UART_ErrorCallback)
    i.HAL_UART_IRQHandler                    0x080031e0   Section        0  stm32l0xx_hal_uart.o(i.HAL_UART_IRQHandler)
    i.HAL_UART_Init                          0x080033a0   Section        0  stm32l0xx_hal_uart.o(i.HAL_UART_Init)
    i.HAL_UART_MspInit                       0x08003424   Section        0  stm32l0xx_hal_msp.o(i.HAL_UART_MspInit)
    i.HAL_UART_Receive_DMA                   0x08003604   Section        0  stm32l0xx_hal_uart.o(i.HAL_UART_Receive_DMA)
    i.HAL_UART_Receive_IT                    0x080036d0   Section        0  stm32l0xx_hal_uart.o(i.HAL_UART_Receive_IT)
    i.HAL_UART_RxCpltCallback                0x080037bc   Section        0  main.o(i.HAL_UART_RxCpltCallback)
    i.HAL_UART_RxHalfCpltCallback            0x08003890   Section        0  stm32l0xx_hal_uart.o(i.HAL_UART_RxHalfCpltCallback)
    i.HAL_UART_Transmit                      0x08003892   Section        0  stm32l0xx_hal_uart.o(i.HAL_UART_Transmit)
    i.HAL_UART_Transmit_DMA                  0x08003984   Section        0  stm32l0xx_hal_uart.o(i.HAL_UART_Transmit_DMA)
    i.HAL_UART_TxCpltCallback                0x08003a40   Section        0  main.o(i.HAL_UART_TxCpltCallback)
    i.HAL_UART_TxHalfCpltCallback            0x08003a88   Section        0  stm32l0xx_hal_uart.o(i.HAL_UART_TxHalfCpltCallback)
    i.HardFault_Handler                      0x08003a8c   Section        0  stm32l0xx_it.o(i.HardFault_Handler)
    i.I2C1_IRQHandler                        0x08003ad0   Section        0  stm32l0xx_it.o(i.I2C1_IRQHandler)
    i.I2C2_IRQHandler                        0x08003af8   Section        0  stm32l0xx_it.o(i.I2C2_IRQHandler)
    i.I2C_DMAAbort                           0x08003b20   Section        0  stm32l0xx_hal_i2c.o(i.I2C_DMAAbort)
    I2C_DMAAbort                             0x08003b21   Thumb Code    60  stm32l0xx_hal_i2c.o(i.I2C_DMAAbort)
    i.I2C_Disable_IRQ                        0x08003b5c   Section        0  stm32l0xx_hal_i2c.o(i.I2C_Disable_IRQ)
    I2C_Disable_IRQ                          0x08003b5d   Thumb Code   126  stm32l0xx_hal_i2c.o(i.I2C_Disable_IRQ)
    i.I2C_Enable_IRQ                         0x08003bdc   Section        0  stm32l0xx_hal_i2c.o(i.I2C_Enable_IRQ)
    I2C_Enable_IRQ                           0x08003bdd   Thumb Code   134  stm32l0xx_hal_i2c.o(i.I2C_Enable_IRQ)
    i.I2C_Flush_TXDR                         0x08003c6c   Section        0  stm32l0xx_hal_i2c.o(i.I2C_Flush_TXDR)
    I2C_Flush_TXDR                           0x08003c6d   Thumb Code    50  stm32l0xx_hal_i2c.o(i.I2C_Flush_TXDR)
    i.I2C_ITAddrCplt                         0x08003c9e   Section        0  stm32l0xx_hal_i2c.o(i.I2C_ITAddrCplt)
    I2C_ITAddrCplt                           0x08003c9f   Thumb Code   214  stm32l0xx_hal_i2c.o(i.I2C_ITAddrCplt)
    i.I2C_ITError                            0x08003d74   Section        0  stm32l0xx_hal_i2c.o(i.I2C_ITError)
    I2C_ITError                              0x08003d75   Thumb Code   268  stm32l0xx_hal_i2c.o(i.I2C_ITError)
    i.I2C_ITListenCplt                       0x08003e8c   Section        0  stm32l0xx_hal_i2c.o(i.I2C_ITListenCplt)
    I2C_ITListenCplt                         0x08003e8d   Thumb Code   110  stm32l0xx_hal_i2c.o(i.I2C_ITListenCplt)
    i.I2C_ITMasterCplt                       0x08003f00   Section        0  stm32l0xx_hal_i2c.o(i.I2C_ITMasterCplt)
    I2C_ITMasterCplt                         0x08003f01   Thumb Code   226  stm32l0xx_hal_i2c.o(i.I2C_ITMasterCplt)
    i.I2C_ITMasterSequentialCplt             0x08003fec   Section        0  stm32l0xx_hal_i2c.o(i.I2C_ITMasterSequentialCplt)
    I2C_ITMasterSequentialCplt               0x08003fed   Thumb Code    98  stm32l0xx_hal_i2c.o(i.I2C_ITMasterSequentialCplt)
    i.I2C_ITSlaveCplt                        0x08004050   Section        0  stm32l0xx_hal_i2c.o(i.I2C_ITSlaveCplt)
    I2C_ITSlaveCplt                          0x08004051   Thumb Code   308  stm32l0xx_hal_i2c.o(i.I2C_ITSlaveCplt)
    i.I2C_ITSlaveSequentialCplt              0x0800418c   Section        0  stm32l0xx_hal_i2c.o(i.I2C_ITSlaveSequentialCplt)
    I2C_ITSlaveSequentialCplt                0x0800418d   Thumb Code    98  stm32l0xx_hal_i2c.o(i.I2C_ITSlaveSequentialCplt)
    i.I2C_IsAcknowledgeFailed                0x080041f0   Section        0  stm32l0xx_hal_i2c.o(i.I2C_IsAcknowledgeFailed)
    I2C_IsAcknowledgeFailed                  0x080041f1   Thumb Code   144  stm32l0xx_hal_i2c.o(i.I2C_IsAcknowledgeFailed)
    i.I2C_Master_ISR_DMA                     0x08004284   Section        0  stm32l0xx_hal_i2c.o(i.I2C_Master_ISR_DMA)
    I2C_Master_ISR_DMA                       0x08004285   Thumb Code   266  stm32l0xx_hal_i2c.o(i.I2C_Master_ISR_DMA)
    i.I2C_Master_ISR_IT                      0x08004390   Section        0  stm32l0xx_hal_i2c.o(i.I2C_Master_ISR_IT)
    I2C_Master_ISR_IT                        0x08004391   Thumb Code   424  stm32l0xx_hal_i2c.o(i.I2C_Master_ISR_IT)
    i.I2C_RequestMemoryRead                  0x0800453c   Section        0  stm32l0xx_hal_i2c.o(i.I2C_RequestMemoryRead)
    I2C_RequestMemoryRead                    0x0800453d   Thumb Code   144  stm32l0xx_hal_i2c.o(i.I2C_RequestMemoryRead)
    i.I2C_Slave_ISR_DMA                      0x080045d0   Section        0  stm32l0xx_hal_i2c.o(i.I2C_Slave_ISR_DMA)
    I2C_Slave_ISR_DMA                        0x080045d1   Thumb Code   158  stm32l0xx_hal_i2c.o(i.I2C_Slave_ISR_DMA)
    i.I2C_Slave_ISR_IT                       0x08004670   Section        0  stm32l0xx_hal_i2c.o(i.I2C_Slave_ISR_IT)
    I2C_Slave_ISR_IT                         0x08004671   Thumb Code   348  stm32l0xx_hal_i2c.o(i.I2C_Slave_ISR_IT)
    i.I2C_TransferConfig                     0x080047d0   Section        0  stm32l0xx_hal_i2c.o(i.I2C_TransferConfig)
    I2C_TransferConfig                       0x080047d1   Thumb Code    52  stm32l0xx_hal_i2c.o(i.I2C_TransferConfig)
    i.I2C_WaitOnFlagUntilTimeout             0x08004808   Section        0  stm32l0xx_hal_i2c.o(i.I2C_WaitOnFlagUntilTimeout)
    I2C_WaitOnFlagUntilTimeout               0x08004809   Thumb Code    82  stm32l0xx_hal_i2c.o(i.I2C_WaitOnFlagUntilTimeout)
    i.I2C_WaitOnSTOPFlagUntilTimeout         0x0800485a   Section        0  stm32l0xx_hal_i2c.o(i.I2C_WaitOnSTOPFlagUntilTimeout)
    I2C_WaitOnSTOPFlagUntilTimeout           0x0800485b   Thumb Code    90  stm32l0xx_hal_i2c.o(i.I2C_WaitOnSTOPFlagUntilTimeout)
    i.I2C_WaitOnTXISFlagUntilTimeout         0x080048b4   Section        0  stm32l0xx_hal_i2c.o(i.I2C_WaitOnTXISFlagUntilTimeout)
    I2C_WaitOnTXISFlagUntilTimeout           0x080048b5   Thumb Code    96  stm32l0xx_hal_i2c.o(i.I2C_WaitOnTXISFlagUntilTimeout)
    i.MX_ADC_Init                            0x08004914   Section        0  main.o(i.MX_ADC_Init)
    MX_ADC_Init                              0x08004915   Thumb Code   310  main.o(i.MX_ADC_Init)
    i.MX_DMA_Init                            0x08004a84   Section        0  main.o(i.MX_DMA_Init)
    MX_DMA_Init                              0x08004a85   Thumb Code    80  main.o(i.MX_DMA_Init)
    i.MX_GPIO_Init                           0x08004ad8   Section        0  main.o(i.MX_GPIO_Init)
    MX_GPIO_Init                             0x08004ad9   Thumb Code   440  main.o(i.MX_GPIO_Init)
    i.MX_I2C1_Init                           0x08004cac   Section        0  main.o(i.MX_I2C1_Init)
    MX_I2C1_Init                             0x08004cad   Thumb Code    96  main.o(i.MX_I2C1_Init)
    i.MX_I2C2_Init                           0x08004d2c   Section        0  main.o(i.MX_I2C2_Init)
    MX_I2C2_Init                             0x08004d2d   Thumb Code    96  main.o(i.MX_I2C2_Init)
    i.MX_SPI1_Init                           0x08004dac   Section        0  main.o(i.MX_SPI1_Init)
    MX_SPI1_Init                             0x08004dad   Thumb Code    66  main.o(i.MX_SPI1_Init)
    i.MX_TIM3_Init                           0x08004e0c   Section        0  main.o(i.MX_TIM3_Init)
    MX_TIM3_Init                             0x08004e0d   Thumb Code   246  main.o(i.MX_TIM3_Init)
    i.MX_USART1_UART_Init                    0x08004f24   Section        0  main.o(i.MX_USART1_UART_Init)
    MX_USART1_UART_Init                      0x08004f25   Thumb Code    62  main.o(i.MX_USART1_UART_Init)
    i.MX_USART2_UART_Init                    0x08004f80   Section        0  main.o(i.MX_USART2_UART_Init)
    MX_USART2_UART_Init                      0x08004f81   Thumb Code    70  main.o(i.MX_USART2_UART_Init)
    i.MX_USART4_UART_Init                    0x08004fe0   Section        0  main.o(i.MX_USART4_UART_Init)
    MX_USART4_UART_Init                      0x08004fe1   Thumb Code    62  main.o(i.MX_USART4_UART_Init)
    i.NMI_Handler                            0x0800503c   Section        0  stm32l0xx_it.o(i.NMI_Handler)
    i.NVIC_SetPriority                       0x08005040   Section        0  stm32l0xx_hal_cortex.o(i.NVIC_SetPriority)
    NVIC_SetPriority                         0x08005041   Thumb Code   110  stm32l0xx_hal_cortex.o(i.NVIC_SetPriority)
    i.PendSV_Handler                         0x080050b8   Section        0  stm32l0xx_it.o(i.PendSV_Handler)
    i.RCC_SetFlashLatencyFromMSIRange        0x080050bc   Section        0  stm32l0xx_hal_rcc.o(i.RCC_SetFlashLatencyFromMSIRange)
    RCC_SetFlashLatencyFromMSIRange          0x080050bd   Thumb Code   138  stm32l0xx_hal_rcc.o(i.RCC_SetFlashLatencyFromMSIRange)
    i.SPI_WaitOnFlagUntilTimeout             0x08005154   Section        0  stm32l0xx_hal_spi.o(i.SPI_WaitOnFlagUntilTimeout)
    SPI_WaitOnFlagUntilTimeout               0x08005155   Thumb Code   280  stm32l0xx_hal_spi.o(i.SPI_WaitOnFlagUntilTimeout)
    i.SVC_Handler                            0x0800526c   Section        0  stm32l0xx_it.o(i.SVC_Handler)
    i.SysTick_Handler                        0x0800526e   Section        0  stm32l0xx_it.o(i.SysTick_Handler)
    i.SystemClock_Config                     0x0800527c   Section        0  main.o(i.SystemClock_Config)
    i.SystemInit                             0x08005348   Section        0  system_stm32l0xx.o(i.SystemInit)
    i.TIM_Base_SetConfig                     0x080053b0   Section        0  stm32l0xx_hal_tim.o(i.TIM_Base_SetConfig)
    TIM_Base_SetConfig                       0x080053b1   Thumb Code   120  stm32l0xx_hal_tim.o(i.TIM_Base_SetConfig)
    i.TIM_CCxChannelCmd                      0x08005434   Section        0  stm32l0xx_hal_tim.o(i.TIM_CCxChannelCmd)
    TIM_CCxChannelCmd                        0x08005435   Thumb Code    28  stm32l0xx_hal_tim.o(i.TIM_CCxChannelCmd)
    i.TIM_ETR_SetConfig                      0x08005450   Section        0  stm32l0xx_hal_tim.o(i.TIM_ETR_SetConfig)
    TIM_ETR_SetConfig                        0x08005451   Thumb Code    30  stm32l0xx_hal_tim.o(i.TIM_ETR_SetConfig)
    i.TIM_ITRx_SetConfig                     0x0800546e   Section        0  stm32l0xx_hal_tim.o(i.TIM_ITRx_SetConfig)
    TIM_ITRx_SetConfig                       0x0800546f   Thumb Code    26  stm32l0xx_hal_tim.o(i.TIM_ITRx_SetConfig)
    i.TIM_OC1_SetConfig                      0x08005488   Section        0  stm32l0xx_hal_tim.o(i.TIM_OC1_SetConfig)
    TIM_OC1_SetConfig                        0x08005489   Thumb Code    62  stm32l0xx_hal_tim.o(i.TIM_OC1_SetConfig)
    i.TIM_OC2_SetConfig                      0x080054c6   Section        0  stm32l0xx_hal_tim.o(i.TIM_OC2_SetConfig)
    TIM_OC2_SetConfig                        0x080054c7   Thumb Code    74  stm32l0xx_hal_tim.o(i.TIM_OC2_SetConfig)
    i.TIM_OC3_SetConfig                      0x08005510   Section        0  stm32l0xx_hal_tim.o(i.TIM_OC3_SetConfig)
    TIM_OC3_SetConfig                        0x08005511   Thumb Code    68  stm32l0xx_hal_tim.o(i.TIM_OC3_SetConfig)
    i.TIM_OC4_SetConfig                      0x08005554   Section        0  stm32l0xx_hal_tim.o(i.TIM_OC4_SetConfig)
    TIM_OC4_SetConfig                        0x08005555   Thumb Code    78  stm32l0xx_hal_tim.o(i.TIM_OC4_SetConfig)
    i.TIM_TI1_ConfigInputStage               0x080055a2   Section        0  stm32l0xx_hal_tim.o(i.TIM_TI1_ConfigInputStage)
    TIM_TI1_ConfigInputStage                 0x080055a3   Thumb Code    54  stm32l0xx_hal_tim.o(i.TIM_TI1_ConfigInputStage)
    i.TIM_TI2_ConfigInputStage               0x080055d8   Section        0  stm32l0xx_hal_tim.o(i.TIM_TI2_ConfigInputStage)
    TIM_TI2_ConfigInputStage                 0x080055d9   Thumb Code    54  stm32l0xx_hal_tim.o(i.TIM_TI2_ConfigInputStage)
    i.UART_AdvFeatureConfig                  0x0800560e   Section        0  stm32l0xx_hal_uart.o(i.UART_AdvFeatureConfig)
    i.UART_CheckIdleState                    0x08005700   Section        0  stm32l0xx_hal_uart.o(i.UART_CheckIdleState)
    i.UART_DMAAbortOnError                   0x08005774   Section        0  stm32l0xx_hal_uart.o(i.UART_DMAAbortOnError)
    UART_DMAAbortOnError                     0x08005775   Thumb Code    24  stm32l0xx_hal_uart.o(i.UART_DMAAbortOnError)
    i.UART_DMAError                          0x0800578c   Section        0  stm32l0xx_hal_uart.o(i.UART_DMAError)
    UART_DMAError                            0x0800578d   Thumb Code    86  stm32l0xx_hal_uart.o(i.UART_DMAError)
    i.UART_DMAReceiveCplt                    0x080057e2   Section        0  stm32l0xx_hal_uart.o(i.UART_DMAReceiveCplt)
    UART_DMAReceiveCplt                      0x080057e3   Thumb Code    76  stm32l0xx_hal_uart.o(i.UART_DMAReceiveCplt)
    i.UART_DMARxHalfCplt                     0x0800582e   Section        0  stm32l0xx_hal_uart.o(i.UART_DMARxHalfCplt)
    UART_DMARxHalfCplt                       0x0800582f   Thumb Code    14  stm32l0xx_hal_uart.o(i.UART_DMARxHalfCplt)
    i.UART_DMATransmitCplt                   0x0800583c   Section        0  stm32l0xx_hal_uart.o(i.UART_DMATransmitCplt)
    UART_DMATransmitCplt                     0x0800583d   Thumb Code    58  stm32l0xx_hal_uart.o(i.UART_DMATransmitCplt)
    i.UART_DMATxHalfCplt                     0x08005876   Section        0  stm32l0xx_hal_uart.o(i.UART_DMATxHalfCplt)
    UART_DMATxHalfCplt                       0x08005877   Thumb Code    14  stm32l0xx_hal_uart.o(i.UART_DMATxHalfCplt)
    i.UART_EndRxTransfer                     0x08005884   Section        0  stm32l0xx_hal_uart.o(i.UART_EndRxTransfer)
    UART_EndRxTransfer                       0x08005885   Thumb Code    34  stm32l0xx_hal_uart.o(i.UART_EndRxTransfer)
    i.UART_EndTransmit_IT                    0x080058a6   Section        0  stm32l0xx_hal_uart.o(i.UART_EndTransmit_IT)
    UART_EndTransmit_IT                      0x080058a7   Thumb Code    32  stm32l0xx_hal_uart.o(i.UART_EndTransmit_IT)
    i.UART_EndTxTransfer                     0x080058c6   Section        0  stm32l0xx_hal_uart.o(i.UART_EndTxTransfer)
    UART_EndTxTransfer                       0x080058c7   Thumb Code    20  stm32l0xx_hal_uart.o(i.UART_EndTxTransfer)
    i.UART_Receive_IT                        0x080058da   Section        0  stm32l0xx_hal_uart.o(i.UART_Receive_IT)
    UART_Receive_IT                          0x080058db   Thumb Code   144  stm32l0xx_hal_uart.o(i.UART_Receive_IT)
    i.UART_SetConfig                         0x0800596c   Section        0  stm32l0xx_hal_uart.o(i.UART_SetConfig)
    i.UART_Transmit_IT                       0x08005d5c   Section        0  stm32l0xx_hal_uart.o(i.UART_Transmit_IT)
    UART_Transmit_IT                         0x08005d5d   Thumb Code   114  stm32l0xx_hal_uart.o(i.UART_Transmit_IT)
    i.UART_WaitOnFlagUntilTimeout            0x08005dce   Section        0  stm32l0xx_hal_uart.o(i.UART_WaitOnFlagUntilTimeout)
    i.USART1_IRQHandler                      0x08005e40   Section        0  stm32l0xx_it.o(i.USART1_IRQHandler)
    i.USART2_IRQHandler                      0x08005e50   Section        0  stm32l0xx_it.o(i.USART2_IRQHandler)
    i.USART4_5_IRQHandler                    0x08005e60   Section        0  stm32l0xx_it.o(i.USART4_5_IRQHandler)
    i._Error_Handler                         0x08005e70   Section        0  main.o(i._Error_Handler)
    i.__ARM_common_ll_muluu                  0x08005e74   Section        0  stm32l0xx_hal_uart.o(i.__ARM_common_ll_muluu)
    i.__scatterload_copy                     0x08005ea4   Section       14  handlers.o(i.__scatterload_copy)
    i.__scatterload_null                     0x08005eb2   Section        2  handlers.o(i.__scatterload_null)
    i.__scatterload_zeroinit                 0x08005eb4   Section       14  handlers.o(i.__scatterload_zeroinit)
    i.g_PID_calc_pid                         0x08005ec4   Section        0  pid.o(i.g_PID_calc_pid)
    i.init                                   0x080060f4   Section        0  init.o(i.init)
    i.main                                   0x08006120   Section        0  main.o(i.main)
    i.p_ADC_calib                            0x08006544   Section        0  adc.o(i.p_ADC_calib)
    i.p_ADC_ntc_resistance_to_temp           0x08006548   Section        0  adc.o(i.p_ADC_ntc_resistance_to_temp)
    i.p_ADC_resistance_to_weight             0x080065d0   Section        0  adc.o(i.p_ADC_resistance_to_weight)
    i.p_ADC_start_conv                       0x080065d8   Section        0  adc.o(i.p_ADC_start_conv)
    i.p_ADC_translate_adc                    0x080065f8   Section        0  adc.o(i.p_ADC_translate_adc)
    i.p_BOAD_TEMP_get_board_temperature      0x080067a4   Section        0  board_temp.o(i.p_BOAD_TEMP_get_board_temperature)
    i.p_BOAD_TEMP_interpret_pcb_temperature  0x080067dc   Section        0  board_temp.o(i.p_BOAD_TEMP_interpret_pcb_temperature)
    i.p_COMMSERV_serve_agitation_and_heater_opcode 0x08006808   Section        0  commserv.o(i.p_COMMSERV_serve_agitation_and_heater_opcode)
    i.p_COMMSERV_serve_led_buzzer_opcode     0x0800680c   Section        0  commserv.o(i.p_COMMSERV_serve_led_buzzer_opcode)
    i.p_COMMSERV_serve_opcode                0x0800685c   Section        0  commserv.o(i.p_COMMSERV_serve_opcode)
    i.p_COMMSERV_serve_start_stop_thawing_opcode 0x08006894   Section        0  commserv.o(i.p_COMMSERV_serve_start_stop_thawing_opcode)
    i.p_COMMSERV_serve_technician_opcode     0x080068cc   Section        0  commserv.o(i.p_COMMSERV_serve_technician_opcode)
    i.p_DISCREETS_get_door_state             0x08006908   Section        0  discreets.o(i.p_DISCREETS_get_door_state)
    i.p_DISCREETS_get_motor_index            0x08006924   Section        0  discreets.o(i.p_DISCREETS_get_motor_index)
    i.p_DISCREETS_get_som_comm_address       0x08006940   Section        0  discreets.o(i.p_DISCREETS_get_som_comm_address)
    i.p_DISCREETS_rgb_leds                   0x08006988   Section        0  discreets.o(i.p_DISCREETS_rgb_leds)
    i.p_ERROR_top                            0x08006a04   Section        0  error.o(i.p_ERROR_top)
    i.p_HEATER_update_heaters_power          0x08006a08   Section        0  heater.o(i.p_HEATER_update_heaters_power)
    i.p_MISCEL_calculate_crc8        0x08006ac4   Section        0  miscel.o(i.p_MISCEL_calculate_crc8)
    i.p_HOST_FROM_COMM_get_from_som_message_header_values 0x08006af4   Section        0  host_from_comm.o(i.p_HOST_FROM_COMM_get_from_som_message_header_values)
    i.p_HOST_FROM_COMM_serve_host_comm       0x08006c20   Section        0  host_from_comm.o(i.p_HOST_FROM_COMM_serve_host_comm)
    i.p_HOST_TO_COMM_build_and_send_message_to_som 0x08006c60   Section        0  host_to_comm.o(i.p_HOST_TO_COMM_build_and_send_message_to_som)
    i.p_INIT_heating_pwm                     0x08006ea0   Section        0  init.o(i.p_INIT_heating_pwm)
    i.p_INIT_receiving_from_som              0x08006ee4   Section        0  init.o(i.p_INIT_receiving_from_som)
    i.p_INIT_rgb_leds                        0x08006f20   Section        0  init.o(i.p_INIT_rgb_leds)
    i.p_IR_TEMP_get_temperature              0x08006f50   Section        0  ir_temp.o(i.p_IR_TEMP_get_temperature)
    i.p_IR_TEMP_interpret_ir_temperature     0x08006f7c   Section        0  ir_temp.o(i.p_IR_TEMP_interpret_ir_temperature)
    i.p_MOTOR_init_L6470                     0x08006fb4   Section        0  motor.o(i.p_MOTOR_init_L6470)
    i.p_MOTOR_update_agitation_motor_register 0x08007194   Section        0  motor.o(i.p_MOTOR_update_agitation_motor_register)
    i.p_MOTOR_update_agitation_motor_speed   0x080071fc   Section        0  motor.o(i.p_MOTOR_update_agitation_motor_speed)
    i.p_PROGRESS_after_thawing_stage         0x08007254   Section        0  progress.o(i.p_PROGRESS_after_thawing_stage)
    i.p_PROGRESS_stage_and_rpogress          0x080072a4   Section        0  progress.o(i.p_PROGRESS_stage_and_rpogress)
    i.p_PROGRESS_standby_stage               0x080072e0   Section        0  progress.o(i.p_PROGRESS_standby_stage)
    i.p_PROGRESS_temp_to_percent             0x080072e4   Section        0  progress.o(i.p_PROGRESS_temp_to_percent)
    i.p_PROGRESS_thawing_stage               0x08007348   Section        0  progress.o(i.p_PROGRESS_thawing_stage)
    i.p_RFID_get_temperature                 0x08007378   Section        0  rfid.o(i.p_RFID_get_temperature)
    i.rfid_temp_ascii_to_int                 0x080073c8   Section        0  rfid.o(i.rfid_temp_ascii_to_int)
    .constdata                               0x08007424   Section      364  adc.o(.constdata)
    .constdata                               0x08007590   Section      256  miscel.o(.constdata)
    .constdata                               0x08007690   Section       32  motor.o(.constdata)
    .constdata                               0x080076b0   Section       33  system_stm32l0xx.o(.constdata)
    .data                                    0x20000000   Section        2  board_temp.o(.data)
    g_BOARD_TEMP_ret_str                     0x20000000   Data           2  board_temp.o(.data)
    .data                                    0x20000002   Section        3  host_from_comm.o(.data)
    .data                                    0x20000008   Section        6  host_to_comm.o(.data)
    blinking_counter                         0x2000000c   Data           2  host_to_comm.o(.data)
    .data                                    0x2000000e   Section        4  ir_temp.o(.data)
    ir_returned_string                       0x2000000e   Data           4  ir_temp.o(.data)
    .data                                    0x20000012   Section        4  motor.o(.data)
    door_closed_time_cnt                     0x20000014   Data           2  motor.o(.data)
    .data                                    0x20000018   Section       52  pid.o(.data)
    pid_p_contst                             0x20000018   Data           8  pid.o(.data)
    pid_i_contst                             0x20000020   Data           8  pid.o(.data)
    pid_d_contst                             0x20000028   Data           8  pid.o(.data)
    g_PID_error                              0x20000030   Data           8  pid.o(.data)
    g_PID_error_mx                           0x20000038   Data           8  pid.o(.data)
    g_PID_pid_integral                       0x20000040   Data           8  pid.o(.data)
    g_PID_integral_pointer                   0x20000048   Data           2  pid.o(.data)
    calc_num                                 0x2000004a   Data           2  pid.o(.data)
    .data                                    0x2000004c   Section        4  rfid.o(.data)
    .data                                    0x20000050   Section       78  main.o(.data)
    s1                                       0x2000009c   Data           2  main.o(.data)
    .data                                    0x200000a0   Section        4  stm32l0xx_hal.o(.data)
    .data                                    0x200000a4   Section        4  system_stm32l0xx.o(.data)
    .bss                                     0x200000a8   Section       96  adc.o(.bss)
    NTCs_temperature_history                 0x200000c8   Data          64  adc.o(.bss)
    .bss                                     0x20000108   Section      235  host_from_comm.o(.bss)
    .bss                                     0x200001f3   Section      140  host_to_comm.o(.bss)
    .bss                                     0x20000280   Section      200  miscel.o(.bss)
    .bss                                     0x20000348   Section      160  pid.o(.bss)
    g_PID_integral_history                   0x20000348   Data         160  pid.o(.bss)
    .bss                                     0x200003e8   Section     1108  main.o(.bss)
    STACK                                    0x20000840   Section     1024  startup_stm32l073xx.o(STACK)

    Global Symbols

    Symbol Name                              Value     Ov Type        Size  Object(Section)

    BuildAttributes$$THM_ISAv3M$S$PE$A:L22$X:L11$S22$IEEE1$IW$USESV6$~STKCKD$USESV7$~SHL$OSPACE$EBA8$MICROLIB$REQ8$PRES8$EABIv2 0x00000000   Number         0  anon$$obj.o ABSOLUTE
    __ARM_use_no_argv                        0x00000000   Number         0  main.o ABSOLUTE
    __cpp_initialize__aeabi_                  - Undefined Weak Reference
    __cxa_finalize                            - Undefined Weak Reference
    __decompress                              - Undefined Weak Reference
    _clock_init                               - Undefined Weak Reference
    _microlib_exit                            - Undefined Weak Reference
    __Vectors_Size                           0x000000c0   Number         0  startup_stm32l073xx.o ABSOLUTE
    __Vectors                                0x08000000   Data           4  startup_stm32l073xx.o(RESET)
    __Vectors_End                            0x080000c0   Data           0  startup_stm32l073xx.o(RESET)
    __main                                   0x080000c1   Thumb Code     0  entry.o(.ARM.Collect$$$$00000000)
    _main_stk                                0x080000c1   Thumb Code     0  entry2.o(.ARM.Collect$$$$00000001)
    _main_scatterload                        0x080000c5   Thumb Code     0  entry5.o(.ARM.Collect$$$$00000004)
    __main_after_scatterload                 0x080000c9   Thumb Code     0  entry5.o(.ARM.Collect$$$$00000004)
    _main_clock                              0x080000c9   Thumb Code     0  entry7b.o(.ARM.Collect$$$$00000008)
    _main_cpp_init                           0x080000c9   Thumb Code     0  entry8b.o(.ARM.Collect$$$$0000000A)
    _main_init                               0x080000c9   Thumb Code     0  entry9a.o(.ARM.Collect$$$$0000000B)
    __rt_final_cpp                           0x080000d1   Thumb Code     0  entry10a.o(.ARM.Collect$$$$0000000D)
    __rt_final_exit                          0x080000d1   Thumb Code     0  entry11a.o(.ARM.Collect$$$$0000000F)
    Reset_Handler                            0x080000d5   Thumb Code     8  startup_stm32l073xx.o(.text)
    ADC1_COMP_IRQHandler                     0x080000e7   Thumb Code     0  startup_stm32l073xx.o(.text)
    EXTI0_1_IRQHandler                       0x080000e7   Thumb Code     0  startup_stm32l073xx.o(.text)
    EXTI2_3_IRQHandler                       0x080000e7   Thumb Code     0  startup_stm32l073xx.o(.text)
    EXTI4_15_IRQHandler                      0x080000e7   Thumb Code     0  startup_stm32l073xx.o(.text)
    FLASH_IRQHandler                         0x080000e7   Thumb Code     0  startup_stm32l073xx.o(.text)
    I2C3_IRQHandler                          0x080000e7   Thumb Code     0  startup_stm32l073xx.o(.text)
    LCD_IRQHandler                           0x080000e7   Thumb Code     0  startup_stm32l073xx.o(.text)
    LPTIM1_IRQHandler                        0x080000e7   Thumb Code     0  startup_stm32l073xx.o(.text)
    PVD_IRQHandler                           0x080000e7   Thumb Code     0  startup_stm32l073xx.o(.text)
    RCC_CRS_IRQHandler                       0x080000e7   Thumb Code     0  startup_stm32l073xx.o(.text)
    RNG_LPUART1_IRQHandler                   0x080000e7   Thumb Code     0  startup_stm32l073xx.o(.text)
    RTC_IRQHandler                           0x080000e7   Thumb Code     0  startup_stm32l073xx.o(.text)
    SPI1_IRQHandler                          0x080000e7   Thumb Code     0  startup_stm32l073xx.o(.text)
    SPI2_IRQHandler                          0x080000e7   Thumb Code     0  startup_stm32l073xx.o(.text)
    TIM21_IRQHandler                         0x080000e7   Thumb Code     0  startup_stm32l073xx.o(.text)
    TIM22_IRQHandler                         0x080000e7   Thumb Code     0  startup_stm32l073xx.o(.text)
    TIM2_IRQHandler                          0x080000e7   Thumb Code     0  startup_stm32l073xx.o(.text)
    TIM3_IRQHandler                          0x080000e7   Thumb Code     0  startup_stm32l073xx.o(.text)
    TIM6_DAC_IRQHandler                      0x080000e7   Thumb Code     0  startup_stm32l073xx.o(.text)
    TIM7_IRQHandler                          0x080000e7   Thumb Code     0  startup_stm32l073xx.o(.text)
    TSC_IRQHandler                           0x080000e7   Thumb Code     0  startup_stm32l073xx.o(.text)
    USB_IRQHandler                           0x080000e7   Thumb Code     0  startup_stm32l073xx.o(.text)
    WWDG_IRQHandler                          0x080000e7   Thumb Code     0  startup_stm32l073xx.o(.text)
    __aeabi_uidiv                            0x080000f1   Thumb Code     0  uidiv.o(.text)
    __aeabi_uidivmod                         0x080000f1   Thumb Code    44  uidiv.o(.text)
    __aeabi_idiv                             0x0800011d   Thumb Code     0  idiv.o(.text)
    __aeabi_idivmod                          0x0800011d   Thumb Code    40  idiv.o(.text)
    __aeabi_uldivmod                         0x08000145   Thumb Code    96  uldiv.o(.text)
    __aeabi_llsl                             0x080001a5   Thumb Code    32  llshl.o(.text)
    _ll_shift_l                              0x080001a5   Thumb Code     0  llshl.o(.text)
    __aeabi_llsr                             0x080001c5   Thumb Code    34  llushr.o(.text)
    _ll_ushift_r                             0x080001c5   Thumb Code     0  llushr.o(.text)
    __scatterload                            0x080001e9   Thumb Code    28  init.o(.text)
    __scatterload_rt2                        0x080001e9   Thumb Code     0  init.o(.text)
    DMA1_Channel1_IRQHandler                 0x08000391   Thumb Code    10  stm32l0xx_it.o(i.DMA1_Channel1_IRQHandler)
    DMA1_Channel2_3_IRQHandler               0x080003a1   Thumb Code    10  stm32l0xx_it.o(i.DMA1_Channel2_3_IRQHandler)
    DMA1_Channel4_5_6_7_IRQHandler           0x080003b1   Thumb Code    16  stm32l0xx_it.o(i.DMA1_Channel4_5_6_7_IRQHandler)
    HAL_ADC_ConfigChannel                    0x080003e9   Thumb Code   306  stm32l0xx_hal_adc.o(i.HAL_ADC_ConfigChannel)
    HAL_ADC_ConvCpltCallback                 0x08000531   Thumb Code    16  main.o(i.HAL_ADC_ConvCpltCallback)
    HAL_ADC_ConvHalfCpltCallback             0x08000549   Thumb Code     2  stm32l0xx_hal_adc.o(i.HAL_ADC_ConvHalfCpltCallback)
    HAL_ADC_ErrorCallback                    0x0800054b   Thumb Code     2  stm32l0xx_hal_adc.o(i.HAL_ADC_ErrorCallback)
    HAL_ADC_Init                             0x0800054d   Thumb Code   554  stm32l0xx_hal_adc.o(i.HAL_ADC_Init)
    HAL_ADC_MspInit                          0x08000781   Thumb Code   118  stm32l0xx_hal_msp.o(i.HAL_ADC_MspInit)
    HAL_ADC_Start_DMA                        0x08000825   Thumb Code   176  stm32l0xx_hal_adc.o(i.HAL_ADC_Start_DMA)
    HAL_DMA_Abort_IT                         0x080008e5   Thumb Code   174  stm32l0xx_hal_dma.o(i.HAL_DMA_Abort_IT)
    HAL_DMA_IRQHandler                       0x08000999   Thumb Code   792  stm32l0xx_hal_dma.o(i.HAL_DMA_IRQHandler)
    HAL_DMA_Init                             0x08000cb5   Thumb Code   390  stm32l0xx_hal_dma.o(i.HAL_DMA_Init)
    HAL_DMA_Start_IT                         0x08000e45   Thumb Code   114  stm32l0xx_hal_dma.o(i.HAL_DMA_Start_IT)
    HAL_Delay                                0x08000eb7   Thumb Code    26  stm32l0xx_hal.o(i.HAL_Delay)
    HAL_GPIO_Init                            0x08000ed1   Thumb Code   472  stm32l0xx_hal_gpio.o(i.HAL_GPIO_Init)
    HAL_GPIO_ReadPin                         0x080010c9   Thumb Code    18  stm32l0xx_hal_gpio.o(i.HAL_GPIO_ReadPin)
    HAL_GPIO_WritePin                        0x080010db   Thumb Code    12  stm32l0xx_hal_gpio.o(i.HAL_GPIO_WritePin)
    HAL_GetTick                              0x080010e9   Thumb Code     6  stm32l0xx_hal.o(i.HAL_GetTick)
    HAL_I2CEx_ConfigAnalogFilter             0x080010f5   Thumb Code   110  stm32l0xx_hal_i2c_ex.o(i.HAL_I2CEx_ConfigAnalogFilter)
    HAL_I2CEx_ConfigDigitalFilter            0x08001163   Thumb Code   114  stm32l0xx_hal_i2c_ex.o(i.HAL_I2CEx_ConfigDigitalFilter)
    HAL_I2C_AbortCpltCallback                0x080011d5   Thumb Code     2  stm32l0xx_hal_i2c.o(i.HAL_I2C_AbortCpltCallback)
    HAL_I2C_AddrCallback                     0x080011d7   Thumb Code     2  stm32l0xx_hal_i2c.o(i.HAL_I2C_AddrCallback)
    HAL_I2C_ER_IRQHandler                    0x080011d9   Thumb Code   128  stm32l0xx_hal_i2c.o(i.HAL_I2C_ER_IRQHandler)
    HAL_I2C_EV_IRQHandler                    0x08001259   Thumb Code    30  stm32l0xx_hal_i2c.o(i.HAL_I2C_EV_IRQHandler)
    HAL_I2C_ErrorCallback                    0x08001277   Thumb Code     2  stm32l0xx_hal_i2c.o(i.HAL_I2C_ErrorCallback)
    HAL_I2C_Init                             0x08001279   Thumb Code   208  stm32l0xx_hal_i2c.o(i.HAL_I2C_Init)
    HAL_I2C_ListenCpltCallback               0x0800134d   Thumb Code     2  stm32l0xx_hal_i2c.o(i.HAL_I2C_ListenCpltCallback)
    HAL_I2C_MasterRxCpltCallback             0x08001351   Thumb Code    16  main.o(i.HAL_I2C_MasterRxCpltCallback)
    HAL_I2C_MasterTxCpltCallback             0x08001369   Thumb Code     2  stm32l0xx_hal_i2c.o(i.HAL_I2C_MasterTxCpltCallback)
    HAL_I2C_Master_Receive_IT                0x0800136d   Thumb Code   162  stm32l0xx_hal_i2c.o(i.HAL_I2C_Master_Receive_IT)
    HAL_I2C_Master_Transmit                  0x0800141d   Thumb Code   374  stm32l0xx_hal_i2c.o(i.HAL_I2C_Master_Transmit)
    HAL_I2C_MemRxCpltCallback                0x0800159d   Thumb Code    16  main.o(i.HAL_I2C_MemRxCpltCallback)
    HAL_I2C_MemTxCpltCallback                0x080015b5   Thumb Code     2  stm32l0xx_hal_i2c.o(i.HAL_I2C_MemTxCpltCallback)
    HAL_I2C_Mem_Read_IT                      0x080015b9   Thumb Code   244  stm32l0xx_hal_i2c.o(i.HAL_I2C_Mem_Read_IT)
    HAL_I2C_MspInit                          0x080016b9   Thumb Code   146  stm32l0xx_hal_msp.o(i.HAL_I2C_MspInit)
    HAL_I2C_SlaveRxCpltCallback              0x0800175d   Thumb Code     2  stm32l0xx_hal_i2c.o(i.HAL_I2C_SlaveRxCpltCallback)
    HAL_I2C_SlaveTxCpltCallback              0x0800175f   Thumb Code     2  stm32l0xx_hal_i2c.o(i.HAL_I2C_SlaveTxCpltCallback)
    HAL_IncTick                              0x08001761   Thumb Code    12  stm32l0xx_hal.o(i.HAL_IncTick)
    HAL_Init                                 0x08001771   Thumb Code    28  stm32l0xx_hal.o(i.HAL_Init)
    HAL_InitTick                             0x08001791   Thumb Code    36  stm32l0xx_hal.o(i.HAL_InitTick)
    HAL_MspInit                              0x080017b9   Thumb Code    58  stm32l0xx_hal_msp.o(i.HAL_MspInit)
    HAL_NVIC_EnableIRQ                       0x080017f9   Thumb Code    18  stm32l0xx_hal_cortex.o(i.HAL_NVIC_EnableIRQ)
    HAL_NVIC_SetPriority                     0x08001811   Thumb Code    18  stm32l0xx_hal_cortex.o(i.HAL_NVIC_SetPriority)
    HAL_RCCEx_GetPeriphCLKFreq               0x08001825   Thumb Code   866  stm32l0xx_hal_rcc_ex.o(i.HAL_RCCEx_GetPeriphCLKFreq)
    HAL_RCCEx_PeriphCLKConfig                0x08001bb5   Thumb Code   672  stm32l0xx_hal_rcc_ex.o(i.HAL_RCCEx_PeriphCLKConfig)
    HAL_RCC_ClockConfig                      0x08001e61   Thumb Code   482  stm32l0xx_hal_rcc.o(i.HAL_RCC_ClockConfig)
    HAL_RCC_GetHCLKFreq                      0x08002059   Thumb Code     6  stm32l0xx_hal_rcc.o(i.HAL_RCC_GetHCLKFreq)
    HAL_RCC_GetPCLK1Freq                     0x08002065   Thumb Code    26  stm32l0xx_hal_rcc.o(i.HAL_RCC_GetPCLK1Freq)
    HAL_RCC_GetPCLK2Freq                     0x08002089   Thumb Code    26  stm32l0xx_hal_rcc.o(i.HAL_RCC_GetPCLK2Freq)
    HAL_RCC_GetSysClockFreq                  0x080020ad   Thumb Code   206  stm32l0xx_hal_rcc.o(i.HAL_RCC_GetSysClockFreq)
    HAL_RCC_OscConfig                        0x08002191   Thumb Code  1732  stm32l0xx_hal_rcc.o(i.HAL_RCC_OscConfig)
    HAL_RS485Ex_Init                         0x08002865   Thumb Code   156  stm32l0xx_hal_uart_ex.o(i.HAL_RS485Ex_Init)
    HAL_SPI_Init                             0x08002905   Thumb Code   142  stm32l0xx_hal_spi.o(i.HAL_SPI_Init)
    HAL_SPI_MspInit                          0x08002995   Thumb Code    60  stm32l0xx_hal_msp.o(i.HAL_SPI_MspInit)
    HAL_SPI_Transmit                         0x080029dd   Thumb Code   474  stm32l0xx_hal_spi.o(i.HAL_SPI_Transmit)
    HAL_SYSTICK_CLKSourceConfig              0x08002bb9   Thumb Code    32  stm32l0xx_hal_cortex.o(i.HAL_SYSTICK_CLKSourceConfig)
    HAL_SYSTICK_Callback                     0x08002bdd   Thumb Code   434  main.o(i.HAL_SYSTICK_Callback)
    HAL_SYSTICK_Config                       0x08002db9   Thumb Code    46  stm32l0xx_hal_cortex.o(i.HAL_SYSTICK_Config)
    HAL_SYSTICK_IRQHandler                   0x08002df1   Thumb Code     8  stm32l0xx_hal_cortex.o(i.HAL_SYSTICK_IRQHandler)
    HAL_TIMEx_MasterConfigSynchronization    0x08002df9   Thumb Code    98  stm32l0xx_hal_tim_ex.o(i.HAL_TIMEx_MasterConfigSynchronization)
    HAL_TIMEx_RemapConfig                    0x08002e5b   Thumb Code    46  stm32l0xx_hal_tim_ex.o(i.HAL_TIMEx_RemapConfig)
    HAL_TIM_Base_Init                        0x08002e89   Thumb Code    56  stm32l0xx_hal_tim.o(i.HAL_TIM_Base_Init)
    HAL_TIM_Base_MspInit                     0x08002ec1   Thumb Code    22  stm32l0xx_hal_msp.o(i.HAL_TIM_Base_MspInit)
    HAL_TIM_ConfigClockSource                0x08002ee1   Thumb Code   318  stm32l0xx_hal_tim.o(i.HAL_TIM_ConfigClockSource)
    HAL_TIM_MspPostInit                      0x08003021   Thumb Code    68  stm32l0xx_hal_msp.o(i.HAL_TIM_MspPostInit)
    HAL_TIM_PWM_ConfigChannel                0x08003071   Thumb Code   274  stm32l0xx_hal_tim.o(i.HAL_TIM_PWM_ConfigChannel)
    HAL_TIM_PWM_Init                         0x08003183   Thumb Code    56  stm32l0xx_hal_tim.o(i.HAL_TIM_PWM_Init)
    HAL_TIM_PWM_MspInit                      0x080031bb   Thumb Code     2  stm32l0xx_hal_tim.o(i.HAL_TIM_PWM_MspInit)
    HAL_TIM_PWM_Start                        0x080031bd   Thumb Code    32  stm32l0xx_hal_tim.o(i.HAL_TIM_PWM_Start)
    HAL_UARTEx_WakeupCallback                0x080031dd   Thumb Code     2  stm32l0xx_hal_uart_ex.o(i.HAL_UARTEx_WakeupCallback)
    HAL_UART_ErrorCallback                   0x080031df   Thumb Code     2  stm32l0xx_hal_uart.o(i.HAL_UART_ErrorCallback)
    HAL_UART_IRQHandler                      0x080031e1   Thumb Code   444  stm32l0xx_hal_uart.o(i.HAL_UART_IRQHandler)
    HAL_UART_Init                            0x080033a1   Thumb Code   130  stm32l0xx_hal_uart.o(i.HAL_UART_Init)
    HAL_UART_MspInit                         0x08003425   Thumb Code   410  stm32l0xx_hal_msp.o(i.HAL_UART_MspInit)
    HAL_UART_Receive_DMA                     0x08003605   Thumb Code   190  stm32l0xx_hal_uart.o(i.HAL_UART_Receive_DMA)
    HAL_UART_Receive_IT                      0x080036d1   Thumb Code   230  stm32l0xx_hal_uart.o(i.HAL_UART_Receive_IT)
    HAL_UART_RxCpltCallback                  0x080037bd   Thumb Code   176  main.o(i.HAL_UART_RxCpltCallback)
    HAL_UART_RxHalfCpltCallback              0x08003891   Thumb Code     2  stm32l0xx_hal_uart.o(i.HAL_UART_RxHalfCpltCallback)
    HAL_UART_Transmit                        0x08003893   Thumb Code   240  stm32l0xx_hal_uart.o(i.HAL_UART_Transmit)
    HAL_UART_Transmit_DMA                    0x08003985   Thumb Code   174  stm32l0xx_hal_uart.o(i.HAL_UART_Transmit_DMA)
    HAL_UART_TxCpltCallback                  0x08003a41   Thumb Code    50  main.o(i.HAL_UART_TxCpltCallback)
    HAL_UART_TxHalfCpltCallback              0x08003a89   Thumb Code     2  stm32l0xx_hal_uart.o(i.HAL_UART_TxHalfCpltCallback)
    HardFault_Handler                        0x08003a8d   Thumb Code    60  stm32l0xx_it.o(i.HardFault_Handler)
    I2C1_IRQHandler                          0x08003ad1   Thumb Code    34  stm32l0xx_it.o(i.I2C1_IRQHandler)
    I2C2_IRQHandler                          0x08003af9   Thumb Code    34  stm32l0xx_it.o(i.I2C2_IRQHandler)
    NMI_Handler                              0x0800503d   Thumb Code     2  stm32l0xx_it.o(i.NMI_Handler)
    PendSV_Handler                           0x080050b9   Thumb Code     2  stm32l0xx_it.o(i.PendSV_Handler)
    SVC_Handler                              0x0800526d   Thumb Code     2  stm32l0xx_it.o(i.SVC_Handler)
    SysTick_Handler                          0x0800526f   Thumb Code    12  stm32l0xx_it.o(i.SysTick_Handler)
    SystemClock_Config                       0x0800527d   Thumb Code   180  main.o(i.SystemClock_Config)
    SystemInit                               0x08005349   Thumb Code    88  system_stm32l0xx.o(i.SystemInit)
    UART_AdvFeatureConfig                    0x0800560f   Thumb Code   240  stm32l0xx_hal_uart.o(i.UART_AdvFeatureConfig)
    UART_CheckIdleState                      0x08005701   Thumb Code   112  stm32l0xx_hal_uart.o(i.UART_CheckIdleState)
    UART_SetConfig                           0x0800596d   Thumb Code   954  stm32l0xx_hal_uart.o(i.UART_SetConfig)
    UART_WaitOnFlagUntilTimeout              0x08005dcf   Thumb Code   112  stm32l0xx_hal_uart.o(i.UART_WaitOnFlagUntilTimeout)
    USART1_IRQHandler                        0x08005e41   Thumb Code    10  stm32l0xx_it.o(i.USART1_IRQHandler)
    USART2_IRQHandler                        0x08005e51   Thumb Code    10  stm32l0xx_it.o(i.USART2_IRQHandler)
    USART4_5_IRQHandler                      0x08005e61   Thumb Code    10  stm32l0xx_it.o(i.USART4_5_IRQHandler)
    _Error_Handler                           0x08005e71   Thumb Code     4  main.o(i._Error_Handler)
    __ARM_common_ll_muluu                    0x08005e75   Thumb Code    48  stm32l0xx_hal_uart.o(i.__ARM_common_ll_muluu)
    __scatterload_copy                       0x08005ea5   Thumb Code    14  handlers.o(i.__scatterload_copy)
    __scatterload_null                       0x08005eb3   Thumb Code     2  handlers.o(i.__scatterload_null)
    __scatterload_zeroinit                   0x08005eb5   Thumb Code    14  handlers.o(i.__scatterload_zeroinit)
    g_PID_calc_pid                           0x08005ec5   Thumb Code   508  pid.o(i.g_PID_calc_pid)
    init                                     0x080060f5   Thumb Code    34  init.o(i.init)
    main                                     0x08006121   Thumb Code   976  main.o(i.main)
    p_ADC_calib                              0x08006545   Thumb Code     2  adc.o(i.p_ADC_calib)
    p_ADC_ntc_resistance_to_temp             0x08006549   Thumb Code   126  adc.o(i.p_ADC_ntc_resistance_to_temp)
    p_ADC_resistance_to_weight               0x080065d1   Thumb Code     6  adc.o(i.p_ADC_resistance_to_weight)
    p_ADC_start_conv                         0x080065d9   Thumb Code    20  adc.o(i.p_ADC_start_conv)
    p_ADC_translate_adc                      0x080065f9   Thumb Code   404  adc.o(i.p_ADC_translate_adc)
    p_BOAD_TEMP_get_board_temperature        0x080067a5   Thumb Code    42  board_temp.o(i.p_BOAD_TEMP_get_board_temperature)
    p_BOAD_TEMP_interpret_pcb_temperature    0x080067dd   Thumb Code    40  board_temp.o(i.p_BOAD_TEMP_interpret_pcb_temperature)
    p_COMMSERV_serve_agitation_and_heater_opcode 0x08006809   Thumb Code     2  commserv.o(i.p_COMMSERV_serve_agitation_and_heater_opcode)
    p_COMMSERV_serve_led_buzzer_opcode       0x0800680d   Thumb Code    62  commserv.o(i.p_COMMSERV_serve_led_buzzer_opcode)
    p_COMMSERV_serve_opcode                  0x0800685d   Thumb Code    52  commserv.o(i.p_COMMSERV_serve_opcode)
    p_COMMSERV_serve_start_stop_thawing_opcode 0x08006895   Thumb Code    46  commserv.o(i.p_COMMSERV_serve_start_stop_thawing_opcode)
    p_COMMSERV_serve_technician_opcode       0x080068cd   Thumb Code    52  commserv.o(i.p_COMMSERV_serve_technician_opcode)
    p_DISCREETS_get_door_state               0x08006909   Thumb Code    18  discreets.o(i.p_DISCREETS_get_door_state)
    p_DISCREETS_get_motor_index              0x08006925   Thumb Code    18  discreets.o(i.p_DISCREETS_get_motor_index)
    p_DISCREETS_get_som_comm_address         0x08006941   Thumb Code    68  discreets.o(i.p_DISCREETS_get_som_comm_address)
    p_DISCREETS_rgb_leds                     0x08006989   Thumb Code   116  discreets.o(i.p_DISCREETS_rgb_leds)
    p_ERROR_top                              0x08006a05   Thumb Code     2  error.o(i.p_ERROR_top)
    p_HEATER_update_heaters_power            0x08006a09   Thumb Code   162  heater.o(i.p_HEATER_update_heaters_power)
    p_MISCEL_calculate_crc8          0x08006ac5   Thumb Code    38  miscel.o(i.p_MISCEL_calculate_crc8)
    p_HOST_FROM_COMM_get_from_som_message_header_values 0x08006af5   Thumb Code   276  host_from_comm.o(i.p_HOST_FROM_COMM_get_from_som_message_header_values)
    p_HOST_FROM_COMM_serve_host_comm         0x08006c21   Thumb Code    50  host_from_comm.o(i.p_HOST_FROM_COMM_serve_host_comm)
    p_HOST_TO_COMM_build_and_send_message_to_som 0x08006c61   Thumb Code   552  host_to_comm.o(i.p_HOST_TO_COMM_build_and_send_message_to_som)
    p_INIT_heating_pwm                       0x08006ea1   Thumb Code    58  init.o(i.p_INIT_heating_pwm)
    p_INIT_receiving_from_som                0x08006ee5   Thumb Code    34  init.o(i.p_INIT_receiving_from_som)
    p_INIT_rgb_leds                          0x08006f21   Thumb Code    42  init.o(i.p_INIT_rgb_leds)
    p_IR_TEMP_get_temperature                0x08006f51   Thumb Code    30  ir_temp.o(i.p_IR_TEMP_get_temperature)
    p_IR_TEMP_interpret_ir_temperature       0x08006f7d   Thumb Code    42  ir_temp.o(i.p_IR_TEMP_interpret_ir_temperature)
    p_MOTOR_init_L6470                       0x08006fb5   Thumb Code   478  motor.o(i.p_MOTOR_init_L6470)
    p_MOTOR_update_agitation_motor_register  0x08007195   Thumb Code    92  motor.o(i.p_MOTOR_update_agitation_motor_register)
    p_MOTOR_update_agitation_motor_speed     0x080071fd   Thumb Code    74  motor.o(i.p_MOTOR_update_agitation_motor_speed)
    p_PROGRESS_after_thawing_stage           0x08007255   Thumb Code    66  progress.o(i.p_PROGRESS_after_thawing_stage)
    p_PROGRESS_stage_and_rpogress            0x080072a5   Thumb Code    56  progress.o(i.p_PROGRESS_stage_and_rpogress)
    p_PROGRESS_standby_stage                 0x080072e1   Thumb Code     2  progress.o(i.p_PROGRESS_standby_stage)
    p_PROGRESS_temp_to_percent               0x080072e5   Thumb Code    76  progress.o(i.p_PROGRESS_temp_to_percent)
    p_PROGRESS_thawing_stage                 0x08007349   Thumb Code    44  progress.o(i.p_PROGRESS_thawing_stage)
    p_RFID_get_temperature                   0x08007379   Thumb Code    54  rfid.o(i.p_RFID_get_temperature)
    rfid_temp_ascii_to_int                   0x080073c9   Thumb Code    78  rfid.o(i.rfid_temp_ascii_to_int)
    g_ADC_ntc_table                          0x08007424   Data         364  adc.o(.constdata)
    g_MISCEL_crc8_table                      0x08007590   Data         256  miscel.o(.constdata)
    g_MOTOR_l6470_spi_arg_len                0x08007690   Data          32  motor.o(.constdata)
    AHBPrescTable                            0x080076b0   Data          16  system_stm32l0xx.o(.constdata)
    APBPrescTable                            0x080076c0   Data           8  system_stm32l0xx.o(.constdata)
    PLLMulTable                              0x080076c8   Data           9  system_stm32l0xx.o(.constdata)
    Region$$Table$$Base                      0x080076d4   Number         0  anon$$obj.o(Region$$Table)
    Region$$Table$$Limit                     0x080076f4   Number         0  anon$$obj.o(Region$$Table)
    g_HOST_FROM_COMM_from_som_data_start_index 0x20000002   Data           2  host_from_comm.o(.data)
    g_HOST_FROM_COMM_comm_err_array_index    0x20000004   Data           1  host_from_comm.o(.data)
    debug_sdlfjh83345                        0x20000008   Data           4  host_to_comm.o(.data)
    g_MOTOR_motor1092                        0x20000012   Data           2  motor.o(.data)
    dummy                                    0x2000004c   Data           2  rfid.o(.data)
    g_RFID_task                              0x2000004e   Data           2  rfid.o(.data)
    g_MAIN_debug_var0                        0x20000050   Data           2  main.o(.data)
    g_MAIN_adc_conversion_callback           0x20000052   Data           2  main.o(.data)
    g_MAIN_ir_conversion_callback            0x20000054   Data           2  main.o(.data)
    g_MAIN_temputure_callback                0x20000056   Data           2  main.o(.data)
    g_MAIN_after_thawing_time                0x20000058   Data           2  main.o(.data)
    g_MAIN_main_loop_tasks                   0x2000005c   Data           4  main.o(.data)
    g_MAIN_safety_error                      0x20000060   Data           2  main.o(.data)
    g_MAIN_rfid_count                        0x20000062   Data           2  main.o(.data)
    g_MAIN_from_rfid_str                     0x20000064   Data          40  main.o(.data)
    g_MAIN_pcb_temperature_str               0x2000008c   Data           2  main.o(.data)
    g_MAIN_no_somm_message_timer             0x2000008e   Data           2  main.o(.data)
    g_MAIN_motor_index_timer                 0x20000090   Data           2  main.o(.data)
    g_MAIN_delay_var0                        0x20000092   Data           2  main.o(.data)
    g_MAIN_timer_20mS_period                 0x20000094   Data           2  main.o(.data)
    g_MAIN_timer_100mS_period                0x20000096   Data           2  main.o(.data)
    g_MAIN_timer_1S_period                   0x20000098   Data           2  main.o(.data)
    one_second_passed_bits                   0x2000009a   Data           2  main.o(.data)
    uwTick                                   0x200000a0   Data           4  stm32l0xx_hal.o(.data)
    SystemCoreClock                          0x200000a4   Data           4  system_stm32l0xx.o(.data)
    g_ADC_adc_raw_results                    0x200000a8   Data          32  adc.o(.bss)
    g_HOST_FROM_COMM_som_rx_buffer           0x20000108   Data         135  host_from_comm.o(.bss)
    g_HOST_FROM_COMM_comm_err_array          0x2000018f   Data         100  host_from_comm.o(.bss)
    g_HOST_TO_COMM_som_tx_buffer             0x200001f3   Data         140  host_to_comm.o(.bss)
    g_MISCEL_debug9834475                    0x20000280   Data         200  miscel.o(.bss)
    system_state                             0x200003e8   Data          60  main.o(.bss)
    from_som_message_state                   0x20000424   Data          10  main.o(.bss)
    hadc                                     0x20000430   Data          96  main.o(.bss)
    hdma_adc                                 0x20000490   Data          64  main.o(.bss)
    hi2c1                                    0x200004d0   Data          76  main.o(.bss)
    g_MAIN_hi2c2                             0x2000051c   Data          76  main.o(.bss)
    hspi1                                    0x20000568   Data          88  main.o(.bss)
    htim3                                    0x200005c0   Data          56  main.o(.bss)
    huart1                                   0x200005f8   Data         112  main.o(.bss)
    huart2                                   0x20000668   Data         112  main.o(.bss)
    huart4                                   0x200006d8   Data         112  main.o(.bss)
    hdma_usart1_tx                           0x20000748   Data          64  main.o(.bss)
    hdma_usart2_rx                           0x20000788   Data          64  main.o(.bss)
    hdma_usart2_tx                           0x200007c8   Data          64  main.o(.bss)
    PWM_timer2_OC_params                     0x20000808   Data          16  main.o(.bss)
    PWM_timer3_OC_params                     0x20000818   Data          16  main.o(.bss)
    g_MAIN_uart_tx_callback                  0x20000828   Data          10  main.o(.bss)
    g_MAIN_uart_rx_callback                  0x20000832   Data          10  main.o(.bss)
    __initial_sp                             0x20000c40   Data           0  startup_stm32l073xx.o(STACK)



==============================================================================

Memory Map of the image

  Image Entry point : 0x080000c1

  Load Region LR_IROM1 (Base: 0x08000000, Size: 0x0000779c, Max: 0x00030000, ABSOLUTE)

    Execution Region ER_IROM1 (Exec base: 0x08000000, Load base: 0x08000000, Size: 0x000076f4, Max: 0x00030000, ABSOLUTE)

    Exec Addr    Load Addr    Size         Type   Attr      Idx    E Section Name        Object

    0x08000000   0x08000000   0x000000c0   Data   RO            3    RESET               startup_stm32l073xx.o
    0x080000c0   0x080000c0   0x00000000   Code   RO         4218  * .ARM.Collect$$$$00000000  mc_p.l(entry.o)
    0x080000c0   0x080000c0   0x00000004   Code   RO         4237    .ARM.Collect$$$$00000001  mc_p.l(entry2.o)
    0x080000c4   0x080000c4   0x00000004   Code   RO         4240    .ARM.Collect$$$$00000004  mc_p.l(entry5.o)
    0x080000c8   0x080000c8   0x00000000   Code   RO         4242    .ARM.Collect$$$$00000008  mc_p.l(entry7b.o)
    0x080000c8   0x080000c8   0x00000000   Code   RO         4244    .ARM.Collect$$$$0000000A  mc_p.l(entry8b.o)
    0x080000c8   0x080000c8   0x00000008   Code   RO         4245    .ARM.Collect$$$$0000000B  mc_p.l(entry9a.o)
    0x080000d0   0x080000d0   0x00000000   Code   RO         4247    .ARM.Collect$$$$0000000D  mc_p.l(entry10a.o)
    0x080000d0   0x080000d0   0x00000000   Code   RO         4249    .ARM.Collect$$$$0000000F  mc_p.l(entry11a.o)
    0x080000d0   0x080000d0   0x00000004   Code   RO         4238    .ARM.Collect$$$$00002712  mc_p.l(entry2.o)
    0x080000d4   0x080000d4   0x0000001c   Code   RO            4    .text               startup_stm32l073xx.o
    0x080000f0   0x080000f0   0x0000002c   Code   RO         4221    .text               mc_p.l(uidiv.o)
    0x0800011c   0x0800011c   0x00000028   Code   RO         4223    .text               mc_p.l(idiv.o)
    0x08000144   0x08000144   0x00000060   Code   RO         4225    .text               mc_p.l(uldiv.o)
    0x080001a4   0x080001a4   0x00000020   Code   RO         4251    .text               mc_p.l(llshl.o)
    0x080001c4   0x080001c4   0x00000022   Code   RO         4253    .text               mc_p.l(llushr.o)
    0x080001e6   0x080001e6   0x00000002   PAD
    0x080001e8   0x080001e8   0x00000024   Code   RO         4255    .text               mc_p.l(init.o)
    0x0800020c   0x0800020c   0x00000086   Code   RO         1040    i.ADC_DMAConvCplt   stm32l0xx_hal_adc.o
    0x08000292   0x08000292   0x0000001e   Code   RO         1041    i.ADC_DMAError      stm32l0xx_hal_adc.o
    0x080002b0   0x080002b0   0x0000000e   Code   RO         1042    i.ADC_DMAHalfConvCplt  stm32l0xx_hal_adc.o
    0x080002be   0x080002be   0x00000002   PAD
    0x080002c0   0x080002c0   0x0000002c   Code   RO         1043    i.ADC_DelayMicroSecond  stm32l0xx_hal_adc.o
    0x080002ec   0x080002ec   0x000000a4   Code   RO         1045    i.ADC_Enable        stm32l0xx_hal_adc.o
    0x08000390   0x08000390   0x00000010   Code   RO          856    i.DMA1_Channel1_IRQHandler  stm32l0xx_it.o
    0x080003a0   0x080003a0   0x00000010   Code   RO          857    i.DMA1_Channel2_3_IRQHandler  stm32l0xx_it.o
    0x080003b0   0x080003b0   0x00000018   Code   RO          858    i.DMA1_Channel4_5_6_7_IRQHandler  stm32l0xx_it.o
    0x080003c8   0x080003c8   0x00000020   Code   RO         3836    i.DMA_SetConfig     stm32l0xx_hal_dma.o
    0x080003e8   0x080003e8   0x00000148   Code   RO         1047    i.HAL_ADC_ConfigChannel  stm32l0xx_hal_adc.o
    0x08000530   0x08000530   0x00000018   Code   RO          730    i.HAL_ADC_ConvCpltCallback  main.o
    0x08000548   0x08000548   0x00000002   Code   RO         1049    i.HAL_ADC_ConvHalfCpltCallback  stm32l0xx_hal_adc.o
    0x0800054a   0x0800054a   0x00000002   Code   RO         1051    i.HAL_ADC_ErrorCallback  stm32l0xx_hal_adc.o
    0x0800054c   0x0800054c   0x00000234   Code   RO         1056    i.HAL_ADC_Init      stm32l0xx_hal_adc.o
    0x08000780   0x08000780   0x000000a4   Code   RO          953    i.HAL_ADC_MspInit   stm32l0xx_hal_msp.o
    0x08000824   0x08000824   0x000000c0   Code   RO         1063    i.HAL_ADC_Start_DMA  stm32l0xx_hal_adc.o
    0x080008e4   0x080008e4   0x000000b4   Code   RO         3838    i.HAL_DMA_Abort_IT  stm32l0xx_hal_dma.o
    0x08000998   0x08000998   0x0000031c   Code   RO         3842    i.HAL_DMA_IRQHandler  stm32l0xx_hal_dma.o
    0x08000cb4   0x08000cb4   0x00000190   Code   RO         3843    i.HAL_DMA_Init      stm32l0xx_hal_dma.o
    0x08000e44   0x08000e44   0x00000072   Code   RO         3846    i.HAL_DMA_Start_IT  stm32l0xx_hal_dma.o
    0x08000eb6   0x08000eb6   0x0000001a   Code   RO         3071    i.HAL_Delay         stm32l0xx_hal.o
    0x08000ed0   0x08000ed0   0x000001f8   Code   RO         3777    i.HAL_GPIO_Init     stm32l0xx_hal_gpio.o
    0x080010c8   0x080010c8   0x00000012   Code   RO         3779    i.HAL_GPIO_ReadPin  stm32l0xx_hal_gpio.o
    0x080010da   0x080010da   0x0000000c   Code   RO         3781    i.HAL_GPIO_WritePin  stm32l0xx_hal_gpio.o
    0x080010e6   0x080010e6   0x00000002   PAD
    0x080010e8   0x080010e8   0x0000000c   Code   RO         3075    i.HAL_GetTick       stm32l0xx_hal.o
    0x080010f4   0x080010f4   0x0000006e   Code   RO         1700    i.HAL_I2CEx_ConfigAnalogFilter  stm32l0xx_hal_i2c_ex.o
    0x08001162   0x08001162   0x00000072   Code   RO         1701    i.HAL_I2CEx_ConfigDigitalFilter  stm32l0xx_hal_i2c_ex.o
    0x080011d4   0x080011d4   0x00000002   Code   RO         1276    i.HAL_I2C_AbortCpltCallback  stm32l0xx_hal_i2c.o
    0x080011d6   0x080011d6   0x00000002   Code   RO         1277    i.HAL_I2C_AddrCallback  stm32l0xx_hal_i2c.o
    0x080011d8   0x080011d8   0x00000080   Code   RO         1280    i.HAL_I2C_ER_IRQHandler  stm32l0xx_hal_i2c.o
    0x08001258   0x08001258   0x0000001e   Code   RO         1281    i.HAL_I2C_EV_IRQHandler  stm32l0xx_hal_i2c.o
    0x08001276   0x08001276   0x00000002   Code   RO         1283    i.HAL_I2C_ErrorCallback  stm32l0xx_hal_i2c.o
    0x08001278   0x08001278   0x000000d4   Code   RO         1287    i.HAL_I2C_Init      stm32l0xx_hal_i2c.o
    0x0800134c   0x0800134c   0x00000002   Code   RO         1289    i.HAL_I2C_ListenCpltCallback  stm32l0xx_hal_i2c.o
    0x0800134e   0x0800134e   0x00000002   PAD
    0x08001350   0x08001350   0x00000018   Code   RO          731    i.HAL_I2C_MasterRxCpltCallback  main.o
    0x08001368   0x08001368   0x00000002   Code   RO         1291    i.HAL_I2C_MasterTxCpltCallback  stm32l0xx_hal_i2c.o
    0x0800136a   0x0800136a   0x00000002   PAD
    0x0800136c   0x0800136c   0x000000b0   Code   RO         1295    i.HAL_I2C_Master_Receive_IT  stm32l0xx_hal_i2c.o
    0x0800141c   0x0800141c   0x00000180   Code   RO         1298    i.HAL_I2C_Master_Transmit  stm32l0xx_hal_i2c.o
    0x0800159c   0x0800159c   0x00000018   Code   RO          732    i.HAL_I2C_MemRxCpltCallback  main.o
    0x080015b4   0x080015b4   0x00000002   Code   RO         1302    i.HAL_I2C_MemTxCpltCallback  stm32l0xx_hal_i2c.o
    0x080015b6   0x080015b6   0x00000002   PAD
    0x080015b8   0x080015b8   0x00000100   Code   RO         1305    i.HAL_I2C_Mem_Read_IT  stm32l0xx_hal_i2c.o
    0x080016b8   0x080016b8   0x000000a4   Code   RO          955    i.HAL_I2C_MspInit   stm32l0xx_hal_msp.o
    0x0800175c   0x0800175c   0x00000002   Code   RO         1311    i.HAL_I2C_SlaveRxCpltCallback  stm32l0xx_hal_i2c.o
    0x0800175e   0x0800175e   0x00000002   Code   RO         1312    i.HAL_I2C_SlaveTxCpltCallback  stm32l0xx_hal_i2c.o
    0x08001760   0x08001760   0x00000010   Code   RO         3076    i.HAL_IncTick       stm32l0xx_hal.o
    0x08001770   0x08001770   0x00000020   Code   RO         3077    i.HAL_Init          stm32l0xx_hal.o
    0x08001790   0x08001790   0x00000028   Code   RO         3078    i.HAL_InitTick      stm32l0xx_hal.o
    0x080017b8   0x080017b8   0x00000040   Code   RO          956    i.HAL_MspInit       stm32l0xx_hal_msp.o
    0x080017f8   0x080017f8   0x00000018   Code   RO         4090    i.HAL_NVIC_EnableIRQ  stm32l0xx_hal_cortex.o
    0x08001810   0x08001810   0x00000012   Code   RO         4094    i.HAL_NVIC_SetPriority  stm32l0xx_hal_cortex.o
    0x08001822   0x08001822   0x00000002   PAD
    0x08001824   0x08001824   0x00000390   Code   RO         3341    i.HAL_RCCEx_GetPeriphCLKFreq  stm32l0xx_hal_rcc_ex.o
    0x08001bb4   0x08001bb4   0x000002ac   Code   RO         3344    i.HAL_RCCEx_PeriphCLKConfig  stm32l0xx_hal_rcc_ex.o
    0x08001e60   0x08001e60   0x000001f8   Code   RO         3230    i.HAL_RCC_ClockConfig  stm32l0xx_hal_rcc.o
    0x08002058   0x08002058   0x0000000c   Code   RO         3234    i.HAL_RCC_GetHCLKFreq  stm32l0xx_hal_rcc.o
    0x08002064   0x08002064   0x00000024   Code   RO         3236    i.HAL_RCC_GetPCLK1Freq  stm32l0xx_hal_rcc.o
    0x08002088   0x08002088   0x00000024   Code   RO         3237    i.HAL_RCC_GetPCLK2Freq  stm32l0xx_hal_rcc.o
    0x080020ac   0x080020ac   0x000000e4   Code   RO         3238    i.HAL_RCC_GetSysClockFreq  stm32l0xx_hal_rcc.o
    0x08002190   0x08002190   0x000006d4   Code   RO         3241    i.HAL_RCC_OscConfig  stm32l0xx_hal_rcc.o
    0x08002864   0x08002864   0x000000a0   Code   RO         2996    i.HAL_RS485Ex_Init  stm32l0xx_hal_uart_ex.o
    0x08002904   0x08002904   0x0000008e   Code   RO         1758    i.HAL_SPI_Init      stm32l0xx_hal_spi.o
    0x08002992   0x08002992   0x00000002   PAD
    0x08002994   0x08002994   0x00000048   Code   RO          958    i.HAL_SPI_MspInit   stm32l0xx_hal_msp.o
    0x080029dc   0x080029dc   0x000001da   Code   RO         1766    i.HAL_SPI_Transmit  stm32l0xx_hal_spi.o
    0x08002bb6   0x08002bb6   0x00000002   PAD
    0x08002bb8   0x08002bb8   0x00000024   Code   RO         4096    i.HAL_SYSTICK_CLKSourceConfig  stm32l0xx_hal_cortex.o
    0x08002bdc   0x08002bdc   0x000001dc   Code   RO          733    i.HAL_SYSTICK_Callback  main.o
    0x08002db8   0x08002db8   0x00000038   Code   RO         4098    i.HAL_SYSTICK_Config  stm32l0xx_hal_cortex.o
    0x08002df0   0x08002df0   0x00000008   Code   RO         4099    i.HAL_SYSTICK_IRQHandler  stm32l0xx_hal_cortex.o
    0x08002df8   0x08002df8   0x00000062   Code   RO         2620    i.HAL_TIMEx_MasterConfigSynchronization  stm32l0xx_hal_tim_ex.o
    0x08002e5a   0x08002e5a   0x0000002e   Code   RO         2621    i.HAL_TIMEx_RemapConfig  stm32l0xx_hal_tim_ex.o
    0x08002e88   0x08002e88   0x00000038   Code   RO         1987    i.HAL_TIM_Base_Init  stm32l0xx_hal_tim.o
    0x08002ec0   0x08002ec0   0x00000020   Code   RO          960    i.HAL_TIM_Base_MspInit  stm32l0xx_hal_msp.o
    0x08002ee0   0x08002ee0   0x0000013e   Code   RO         1996    i.HAL_TIM_ConfigClockSource  stm32l0xx_hal_tim.o
    0x0800301e   0x0800301e   0x00000002   PAD
    0x08003020   0x08003020   0x00000050   Code   RO          961    i.HAL_TIM_MspPostInit  stm32l0xx_hal_msp.o
    0x08003070   0x08003070   0x00000112   Code   RO         2053    i.HAL_TIM_PWM_ConfigChannel  stm32l0xx_hal_tim.o
    0x08003182   0x08003182   0x00000038   Code   RO         2056    i.HAL_TIM_PWM_Init  stm32l0xx_hal_tim.o
    0x080031ba   0x080031ba   0x00000002   Code   RO         2058    i.HAL_TIM_PWM_MspInit  stm32l0xx_hal_tim.o
    0x080031bc   0x080031bc   0x00000020   Code   RO         2060    i.HAL_TIM_PWM_Start  stm32l0xx_hal_tim.o
    0x080031dc   0x080031dc   0x00000002   Code   RO         3002    i.HAL_UARTEx_WakeupCallback  stm32l0xx_hal_uart_ex.o
    0x080031de   0x080031de   0x00000002   Code   RO         2668    i.HAL_UART_ErrorCallback  stm32l0xx_hal_uart.o
    0x080031e0   0x080031e0   0x000001c0   Code   RO         2671    i.HAL_UART_IRQHandler  stm32l0xx_hal_uart.o
    0x080033a0   0x080033a0   0x00000082   Code   RO         2672    i.HAL_UART_Init     stm32l0xx_hal_uart.o
    0x08003422   0x08003422   0x00000002   PAD
    0x08003424   0x08003424   0x000001e0   Code   RO          963    i.HAL_UART_MspInit  stm32l0xx_hal_msp.o
    0x08003604   0x08003604   0x000000cc   Code   RO         2676    i.HAL_UART_Receive_DMA  stm32l0xx_hal_uart.o
    0x080036d0   0x080036d0   0x000000ec   Code   RO         2677    i.HAL_UART_Receive_IT  stm32l0xx_hal_uart.o
    0x080037bc   0x080037bc   0x000000d4   Code   RO          734    i.HAL_UART_RxCpltCallback  main.o
    0x08003890   0x08003890   0x00000002   Code   RO         2679    i.HAL_UART_RxHalfCpltCallback  stm32l0xx_hal_uart.o
    0x08003892   0x08003892   0x000000f0   Code   RO         2680    i.HAL_UART_Transmit  stm32l0xx_hal_uart.o
    0x08003982   0x08003982   0x00000002   PAD
    0x08003984   0x08003984   0x000000bc   Code   RO         2681    i.HAL_UART_Transmit_DMA  stm32l0xx_hal_uart.o
    0x08003a40   0x08003a40   0x00000048   Code   RO          735    i.HAL_UART_TxCpltCallback  main.o
    0x08003a88   0x08003a88   0x00000002   Code   RO         2684    i.HAL_UART_TxHalfCpltCallback  stm32l0xx_hal_uart.o
    0x08003a8a   0x08003a8a   0x00000002   PAD
    0x08003a8c   0x08003a8c   0x00000044   Code   RO          859    i.HardFault_Handler  stm32l0xx_it.o
    0x08003ad0   0x08003ad0   0x00000028   Code   RO          860    i.I2C1_IRQHandler   stm32l0xx_it.o
    0x08003af8   0x08003af8   0x00000028   Code   RO          861    i.I2C2_IRQHandler   stm32l0xx_it.o
    0x08003b20   0x08003b20   0x0000003c   Code   RO         1321    i.I2C_DMAAbort      stm32l0xx_hal_i2c.o
    0x08003b5c   0x08003b5c   0x0000007e   Code   RO         1327    i.I2C_Disable_IRQ   stm32l0xx_hal_i2c.o
    0x08003bda   0x08003bda   0x00000002   PAD
    0x08003bdc   0x08003bdc   0x00000090   Code   RO         1328    i.I2C_Enable_IRQ    stm32l0xx_hal_i2c.o
    0x08003c6c   0x08003c6c   0x00000032   Code   RO         1329    i.I2C_Flush_TXDR    stm32l0xx_hal_i2c.o
    0x08003c9e   0x08003c9e   0x000000d6   Code   RO         1330    i.I2C_ITAddrCplt    stm32l0xx_hal_i2c.o
    0x08003d74   0x08003d74   0x00000118   Code   RO         1331    i.I2C_ITError       stm32l0xx_hal_i2c.o
    0x08003e8c   0x08003e8c   0x00000074   Code   RO         1332    i.I2C_ITListenCplt  stm32l0xx_hal_i2c.o
    0x08003f00   0x08003f00   0x000000ec   Code   RO         1333    i.I2C_ITMasterCplt  stm32l0xx_hal_i2c.o
    0x08003fec   0x08003fec   0x00000062   Code   RO         1334    i.I2C_ITMasterSequentialCplt  stm32l0xx_hal_i2c.o
    0x0800404e   0x0800404e   0x00000002   PAD
    0x08004050   0x08004050   0x0000013c   Code   RO         1335    i.I2C_ITSlaveCplt   stm32l0xx_hal_i2c.o
    0x0800418c   0x0800418c   0x00000062   Code   RO         1336    i.I2C_ITSlaveSequentialCplt  stm32l0xx_hal_i2c.o
    0x080041ee   0x080041ee   0x00000002   PAD
    0x080041f0   0x080041f0   0x00000094   Code   RO         1337    i.I2C_IsAcknowledgeFailed  stm32l0xx_hal_i2c.o
    0x08004284   0x08004284   0x0000010a   Code   RO         1338    i.I2C_Master_ISR_DMA  stm32l0xx_hal_i2c.o
    0x0800438e   0x0800438e   0x00000002   PAD
    0x08004390   0x08004390   0x000001ac   Code   RO         1339    i.I2C_Master_ISR_IT  stm32l0xx_hal_i2c.o
    0x0800453c   0x0800453c   0x00000094   Code   RO         1340    i.I2C_RequestMemoryRead  stm32l0xx_hal_i2c.o
    0x080045d0   0x080045d0   0x0000009e   Code   RO         1342    i.I2C_Slave_ISR_DMA  stm32l0xx_hal_i2c.o
    0x0800466e   0x0800466e   0x00000002   PAD
    0x08004670   0x08004670   0x00000160   Code   RO         1343    i.I2C_Slave_ISR_IT  stm32l0xx_hal_i2c.o
    0x080047d0   0x080047d0   0x00000038   Code   RO         1344    i.I2C_TransferConfig  stm32l0xx_hal_i2c.o
    0x08004808   0x08004808   0x00000052   Code   RO         1345    i.I2C_WaitOnFlagUntilTimeout  stm32l0xx_hal_i2c.o
    0x0800485a   0x0800485a   0x0000005a   Code   RO         1347    i.I2C_WaitOnSTOPFlagUntilTimeout  stm32l0xx_hal_i2c.o
    0x080048b4   0x080048b4   0x00000060   Code   RO         1348    i.I2C_WaitOnTXISFlagUntilTimeout  stm32l0xx_hal_i2c.o
    0x08004914   0x08004914   0x00000170   Code   RO          736    i.MX_ADC_Init       main.o
    0x08004a84   0x08004a84   0x00000054   Code   RO          737    i.MX_DMA_Init       main.o
    0x08004ad8   0x08004ad8   0x000001d4   Code   RO          738    i.MX_GPIO_Init      main.o
    0x08004cac   0x08004cac   0x00000080   Code   RO          739    i.MX_I2C1_Init      main.o
    0x08004d2c   0x08004d2c   0x00000080   Code   RO          740    i.MX_I2C2_Init      main.o
    0x08004dac   0x08004dac   0x00000060   Code   RO          741    i.MX_SPI1_Init      main.o
    0x08004e0c   0x08004e0c   0x00000118   Code   RO          742    i.MX_TIM3_Init      main.o
    0x08004f24   0x08004f24   0x0000005c   Code   RO          743    i.MX_USART1_UART_Init  main.o
    0x08004f80   0x08004f80   0x00000060   Code   RO          744    i.MX_USART2_UART_Init  main.o
    0x08004fe0   0x08004fe0   0x0000005c   Code   RO          745    i.MX_USART4_UART_Init  main.o
    0x0800503c   0x0800503c   0x00000002   Code   RO          862    i.NMI_Handler       stm32l0xx_it.o
    0x0800503e   0x0800503e   0x00000002   PAD
    0x08005040   0x08005040   0x00000078   Code   RO         4100    i.NVIC_SetPriority  stm32l0xx_hal_cortex.o
    0x080050b8   0x080050b8   0x00000002   Code   RO          863    i.PendSV_Handler    stm32l0xx_it.o
    0x080050ba   0x080050ba   0x00000002   PAD
    0x080050bc   0x080050bc   0x00000098   Code   RO         3242    i.RCC_SetFlashLatencyFromMSIRange  stm32l0xx_hal_rcc.o
    0x08005154   0x08005154   0x00000118   Code   RO         1788    i.SPI_WaitOnFlagUntilTimeout  stm32l0xx_hal_spi.o
    0x0800526c   0x0800526c   0x00000002   Code   RO          864    i.SVC_Handler       stm32l0xx_it.o
    0x0800526e   0x0800526e   0x0000000c   Code   RO          865    i.SysTick_Handler   stm32l0xx_it.o
    0x0800527a   0x0800527a   0x00000002   PAD
    0x0800527c   0x0800527c   0x000000cc   Code   RO          746    i.SystemClock_Config  main.o
    0x08005348   0x08005348   0x00000068   Code   RO         4188    i.SystemInit        system_stm32l0xx.o
    0x080053b0   0x080053b0   0x00000084   Code   RO         2071    i.TIM_Base_SetConfig  stm32l0xx_hal_tim.o
    0x08005434   0x08005434   0x0000001c   Code   RO         2072    i.TIM_CCxChannelCmd  stm32l0xx_hal_tim.o
    0x08005450   0x08005450   0x0000001e   Code   RO         2078    i.TIM_ETR_SetConfig  stm32l0xx_hal_tim.o
    0x0800546e   0x0800546e   0x0000001a   Code   RO         2079    i.TIM_ITRx_SetConfig  stm32l0xx_hal_tim.o
    0x08005488   0x08005488   0x0000003e   Code   RO         2080    i.TIM_OC1_SetConfig  stm32l0xx_hal_tim.o
    0x080054c6   0x080054c6   0x0000004a   Code   RO         2081    i.TIM_OC2_SetConfig  stm32l0xx_hal_tim.o
    0x08005510   0x08005510   0x00000044   Code   RO         2082    i.TIM_OC3_SetConfig  stm32l0xx_hal_tim.o
    0x08005554   0x08005554   0x0000004e   Code   RO         2083    i.TIM_OC4_SetConfig  stm32l0xx_hal_tim.o
    0x080055a2   0x080055a2   0x00000036   Code   RO         2085    i.TIM_TI1_ConfigInputStage  stm32l0xx_hal_tim.o
    0x080055d8   0x080055d8   0x00000036   Code   RO         2087    i.TIM_TI2_ConfigInputStage  stm32l0xx_hal_tim.o
    0x0800560e   0x0800560e   0x000000f0   Code   RO         2685    i.UART_AdvFeatureConfig  stm32l0xx_hal_uart.o
    0x080056fe   0x080056fe   0x00000002   PAD
    0x08005700   0x08005700   0x00000074   Code   RO         2686    i.UART_CheckIdleState  stm32l0xx_hal_uart.o
    0x08005774   0x08005774   0x00000018   Code   RO         2687    i.UART_DMAAbortOnError  stm32l0xx_hal_uart.o
    0x0800578c   0x0800578c   0x00000056   Code   RO         2688    i.UART_DMAError     stm32l0xx_hal_uart.o
    0x080057e2   0x080057e2   0x0000004c   Code   RO         2689    i.UART_DMAReceiveCplt  stm32l0xx_hal_uart.o
    0x0800582e   0x0800582e   0x0000000e   Code   RO         2691    i.UART_DMARxHalfCplt  stm32l0xx_hal_uart.o
    0x0800583c   0x0800583c   0x0000003a   Code   RO         2693    i.UART_DMATransmitCplt  stm32l0xx_hal_uart.o
    0x08005876   0x08005876   0x0000000e   Code   RO         2695    i.UART_DMATxHalfCplt  stm32l0xx_hal_uart.o
    0x08005884   0x08005884   0x00000022   Code   RO         2697    i.UART_EndRxTransfer  stm32l0xx_hal_uart.o
    0x080058a6   0x080058a6   0x00000020   Code   RO         2698    i.UART_EndTransmit_IT  stm32l0xx_hal_uart.o
    0x080058c6   0x080058c6   0x00000014   Code   RO         2699    i.UART_EndTxTransfer  stm32l0xx_hal_uart.o
    0x080058da   0x080058da   0x00000090   Code   RO         2700    i.UART_Receive_IT   stm32l0xx_hal_uart.o
    0x0800596a   0x0800596a   0x00000002   PAD
    0x0800596c   0x0800596c   0x000003f0   Code   RO         2701    i.UART_SetConfig    stm32l0xx_hal_uart.o
    0x08005d5c   0x08005d5c   0x00000072   Code   RO         2702    i.UART_Transmit_IT  stm32l0xx_hal_uart.o
    0x08005dce   0x08005dce   0x00000070   Code   RO         2703    i.UART_WaitOnFlagUntilTimeout  stm32l0xx_hal_uart.o
    0x08005e3e   0x08005e3e   0x00000002   PAD
    0x08005e40   0x08005e40   0x00000010   Code   RO          866    i.USART1_IRQHandler  stm32l0xx_it.o
    0x08005e50   0x08005e50   0x00000010   Code   RO          867    i.USART2_IRQHandler  stm32l0xx_it.o
    0x08005e60   0x08005e60   0x00000010   Code   RO          868    i.USART4_5_IRQHandler  stm32l0xx_it.o
    0x08005e70   0x08005e70   0x00000004   Code   RO          747    i._Error_Handler    main.o
    0x08005e74   0x08005e74   0x00000030   Code   RO         2988    i.__ARM_common_ll_muluu  stm32l0xx_hal_uart.o
    0x08005ea4   0x08005ea4   0x0000000e   Code   RO         4259    i.__scatterload_copy  mc_p.l(handlers.o)
    0x08005eb2   0x08005eb2   0x00000002   Code   RO         4260    i.__scatterload_null  mc_p.l(handlers.o)
    0x08005eb4   0x08005eb4   0x0000000e   Code   RO         4261    i.__scatterload_zeroinit  mc_p.l(handlers.o)
    0x08005ec2   0x08005ec2   0x00000002   PAD
    0x08005ec4   0x08005ec4   0x00000230   Code   RO          571    i.g_PID_calc_pid    pid.o
    0x080060f4   0x080060f4   0x0000002c   Code   RO          415    i.init              init.o
    0x08006120   0x08006120   0x00000424   Code   RO          748    i.main              main.o
    0x08006544   0x08006544   0x00000002   Code   RO           13    i.p_ADC_calib       adc.o
    0x08006546   0x08006546   0x00000002   PAD
    0x08006548   0x08006548   0x00000088   Code   RO           14    i.p_ADC_ntc_resistance_to_temp  adc.o
    0x080065d0   0x080065d0   0x00000006   Code   RO           15    i.p_ADC_resistance_to_weight  adc.o
    0x080065d6   0x080065d6   0x00000002   PAD
    0x080065d8   0x080065d8   0x00000020   Code   RO           16    i.p_ADC_start_conv  adc.o
    0x080065f8   0x080065f8   0x000001ac   Code   RO           17    i.p_ADC_translate_adc  adc.o
    0x080067a4   0x080067a4   0x00000038   Code   RO          183    i.p_BOAD_TEMP_get_board_temperature  board_temp.o
    0x080067dc   0x080067dc   0x0000002c   Code   RO          184    i.p_BOAD_TEMP_interpret_pcb_temperature  board_temp.o
    0x08006808   0x08006808   0x00000002   Code   RO          215    i.p_COMMSERV_serve_agitation_and_heater_opcode  commserv.o
    0x0800680a   0x0800680a   0x00000002   PAD
    0x0800680c   0x0800680c   0x00000050   Code   RO          216    i.p_COMMSERV_serve_led_buzzer_opcode  commserv.o
    0x0800685c   0x0800685c   0x00000038   Code   RO          217    i.p_COMMSERV_serve_opcode  commserv.o
    0x08006894   0x08006894   0x00000038   Code   RO          218    i.p_COMMSERV_serve_start_stop_thawing_opcode  commserv.o
    0x080068cc   0x080068cc   0x0000003c   Code   RO          219    i.p_COMMSERV_serve_technician_opcode  commserv.o
    0x08006908   0x08006908   0x0000001c   Code   RO          278    i.p_DISCREETS_get_door_state  discreets.o
    0x08006924   0x08006924   0x0000001c   Code   RO          279    i.p_DISCREETS_get_motor_index  discreets.o
    0x08006940   0x08006940   0x00000048   Code   RO          280    i.p_DISCREETS_get_som_comm_address  discreets.o
    0x08006988   0x08006988   0x0000007c   Code   RO          281    i.p_DISCREETS_rgb_leds  discreets.o
    0x08006a04   0x08006a04   0x00000002   Code   RO          318    i.p_ERROR_top       error.o
    0x08006a06   0x08006a06   0x00000002   PAD
    0x08006a08   0x08006a08   0x000000bc   Code   RO          332    i.p_HEATER_update_heaters_power  heater.o
    0x08006ac4   0x08006ac4   0x00000030   Code   RO          498    i.p_MISCEL_calculate_crc8  miscel.o
    0x08006af4   0x08006af4   0x0000012c   Code   RO          353    i.p_HOST_FROM_COMM_get_from_som_message_header_values  host_from_comm.o
    0x08006c20   0x08006c20   0x00000040   Code   RO          354    i.p_HOST_FROM_COMM_serve_host_comm  host_from_comm.o
    0x08006c60   0x08006c60   0x00000240   Code   RO          390    i.p_HOST_TO_COMM_build_and_send_message_to_som  host_to_comm.o
    0x08006ea0   0x08006ea0   0x00000044   Code   RO          416    i.p_INIT_heating_pwm  init.o
    0x08006ee4   0x08006ee4   0x0000003c   Code   RO          417    i.p_INIT_receiving_from_som  init.o
    0x08006f20   0x08006f20   0x00000030   Code   RO          418    i.p_INIT_rgb_leds   init.o
    0x08006f50   0x08006f50   0x0000002c   Code   RO          461    i.p_IR_TEMP_get_temperature  ir_temp.o
    0x08006f7c   0x08006f7c   0x00000038   Code   RO          462    i.p_IR_TEMP_interpret_ir_temperature  ir_temp.o
    0x08006fb4   0x08006fb4   0x000001de   Code   RO          528    i.p_MOTOR_init_L6470  motor.o
    0x08007192   0x08007192   0x00000002   PAD
    0x08007194   0x08007194   0x00000068   Code   RO          530    i.p_MOTOR_update_agitation_motor_register  motor.o
    0x080071fc   0x080071fc   0x00000058   Code   RO          531    i.p_MOTOR_update_agitation_motor_speed  motor.o
    0x08007254   0x08007254   0x00000050   Code   RO          680    i.p_PROGRESS_after_thawing_stage  progress.o
    0x080072a4   0x080072a4   0x0000003c   Code   RO          681    i.p_PROGRESS_stage_and_rpogress  progress.o
    0x080072e0   0x080072e0   0x00000002   Code   RO          682    i.p_PROGRESS_standby_stage  progress.o
    0x080072e2   0x080072e2   0x00000002   PAD
    0x080072e4   0x080072e4   0x00000064   Code   RO          683    i.p_PROGRESS_temp_to_percent  progress.o
    0x08007348   0x08007348   0x00000030   Code   RO          684    i.p_PROGRESS_thawing_stage  progress.o
    0x08007378   0x08007378   0x00000050   Code   RO          598    i.p_RFID_get_temperature  rfid.o
    0x080073c8   0x080073c8   0x0000005c   Code   RO          601    i.rfid_temp_ascii_to_int  rfid.o
    0x08007424   0x08007424   0x0000016c   Data   RO           19    .constdata          adc.o
    0x08007590   0x08007590   0x00000100   Data   RO          501    .constdata          miscel.o
    0x08007690   0x08007690   0x00000020   Data   RO          532    .constdata          motor.o
    0x080076b0   0x080076b0   0x00000021   Data   RO         4189    .constdata          system_stm32l0xx.o
    0x080076d1   0x080076d1   0x00000003   PAD
    0x080076d4   0x080076d4   0x00000020   Data   RO         4257    Region$$Table       anon$$obj.o


    Execution Region RW_IRAM1 (Exec base: 0x20000000, Load base: 0x080076f4, Size: 0x00000c40, Max: 0x00005000, ABSOLUTE)

    Exec Addr    Load Addr    Size         Type   Attr      Idx    E Section Name        Object

    0x20000000   0x080076f4   0x00000002   Data   RW          185    .data               board_temp.o
    0x20000002   0x080076f6   0x00000003   Data   RW          356    .data               host_from_comm.o
    0x20000005   0x080076f9   0x00000003   PAD
    0x20000008   0x080076fc   0x00000006   Data   RW          392    .data               host_to_comm.o
    0x2000000e   0x08007702   0x00000004   Data   RW          463    .data               ir_temp.o
    0x20000012   0x08007706   0x00000004   Data   RW          533    .data               motor.o
    0x20000016   0x0800770a   0x00000002   PAD
    0x20000018   0x0800770c   0x00000034   Data   RW          573    .data               pid.o
    0x2000004c   0x08007740   0x00000004   Data   RW          602    .data               rfid.o
    0x20000050   0x08007744   0x0000004e   Data   RW          750    .data               main.o
    0x2000009e   0x08007792   0x00000002   PAD
    0x200000a0   0x08007794   0x00000004   Data   RW         3087    .data               stm32l0xx_hal.o
    0x200000a4   0x08007798   0x00000004   Data   RW         4190    .data               system_stm32l0xx.o
    0x200000a8        -       0x00000060   Zero   RW           18    .bss                adc.o
    0x20000108        -       0x000000eb   Zero   RW          355    .bss                host_from_comm.o
    0x200001f3        -       0x0000008c   Zero   RW          391    .bss                host_to_comm.o
    0x2000027f   0x0800779c   0x00000001   PAD
    0x20000280        -       0x000000c8   Zero   RW          500    .bss                miscel.o
    0x20000348        -       0x000000a0   Zero   RW          572    .bss                pid.o
    0x200003e8        -       0x00000454   Zero   RW          749    .bss                main.o
    0x2000083c   0x0800779c   0x00000004   PAD
    0x20000840        -       0x00000400   Zero   RW            1    STACK               startup_stm32l073xx.o


==============================================================================

Image component sizes


      Code (inc. data)   RO Data    RW Data    ZI Data      Debug   Object Name

       604         46        364          0         96     417619   adc.o
       100         18          0          2          0       1761   board_temp.o
       254         40          0          0          0       2368   commserv.o
       252         32          0          0          0       2097   discreets.o
         2          0          0          0          0        370   error.o
       188         26          0          0          0        516   heater.o
       364         38          0          3        235       2637   host_from_comm.o
       576         24          0          6        140       1847   host_to_comm.o
       220         52          0          0          0       1714   init.o
       100         28          0          4          0       1643   ir_temp.o
      3932        536          0         78       1108      14723   main.o
        48         10        256          0        200       1294   miscel.o
       670         26         32          4          0       2676   motor.o
       560         52          0         52        160       2197   pid.o
       290         46          0          0          0       2400   progress.o
       172         40          0          4          0       2000   rfid.o
        28          8        192          0       1024        624   startup_stm32l073xx.o
       126         18          0          4          0       3575   stm32l0xx_hal.o
      1474         62          0          0          0       7034   stm32l0xx_hal_adc.o
       262         30          0          0          0      11752   stm32l0xx_hal_cortex.o
      1522         20          0          0          0       4322   stm32l0xx_hal_dma.o
       534         32          0          0          0       2875   stm32l0xx_hal_gpio.o
      4764        106          0          0          0      27070   stm32l0xx_hal_i2c.o
       224          0          0          0          0       1875   stm32l0xx_hal_i2c_ex.o
      1056        174          0          0          0       4752   stm32l0xx_hal_msp.o
      2716        116          0          0          0       6820   stm32l0xx_hal_rcc.o
      1596         58          0          0          0       2973   stm32l0xx_hal_rcc_ex.o
       896          0          0          0          0       3130   stm32l0xx_hal_spi.o
      1344         12          0          0          0      11105   stm32l0xx_hal_tim.o
       144          0          0          0          0       1760   stm32l0xx_hal_tim_ex.o
      3592         96          0          0          0      17181   stm32l0xx_hal_uart.o
       162          4          0          0          0       1859   stm32l0xx_hal_uart_ex.o
       270         58          0          0          0       5706   stm32l0xx_it.o
       104         16         33          4          0       1187   system_stm32l0xx.o

    ----------------------------------------------------------------------
     29204       1824        912        168       2968     573462   Object Totals
         0          0         32          0          0          0   (incl. Generated)
        58          0          3          7          5          0   (incl. Padding)

    ----------------------------------------------------------------------

      Code (inc. data)   RO Data    RW Data    ZI Data      Debug   Library Member Name

         0          0          0          0          0          0   entry.o
         0          0          0          0          0          0   entry10a.o
         0          0          0          0          0          0   entry11a.o
         8          4          0          0          0          0   entry2.o
         4          0          0          0          0          0   entry5.o
         0          0          0          0          0          0   entry7b.o
         0          0          0          0          0          0   entry8b.o
         8          4          0          0          0          0   entry9a.o
        30          0          0          0          0          0   handlers.o
        40          0          0          0          0         72   idiv.o
        36          8          0          0          0         68   init.o
        32          0          0          0          0         68   llshl.o
        34          0          0          0          0         68   llushr.o
        44          0          0          0          0         72   uidiv.o
        96          0          0          0          0         84   uldiv.o

    ----------------------------------------------------------------------
       336         16          0          0          0        432   Library Totals
         4          0          0          0          0          0   (incl. Padding)

    ----------------------------------------------------------------------

      Code (inc. data)   RO Data    RW Data    ZI Data      Debug   Library Name

       332         16          0          0          0        432   mc_p.l

    ----------------------------------------------------------------------
       336         16          0          0          0        432   Library Totals

    ----------------------------------------------------------------------

==============================================================================


      Code (inc. data)   RO Data    RW Data    ZI Data      Debug   

     29540       1840        912        168       2968     565202   Grand Totals
     29540       1840        912        168       2968     565202   ELF Image Totals
     29540       1840        912        168          0          0   ROM Totals

==============================================================================

    Total RO  Size (Code + RO Data)                30452 (  29.74kB)
    Total RW  Size (RW Data + ZI Data)              3136 (   3.06kB)
    Total ROM Size (Code + RO Data + RW Data)      30620 (  29.90kB)

==============================================================================

