Component: ARM Compiler 5.06 update 6 (build 750) Tool: armlink [4d35ed]

==============================================================================

Section Cross References

    startup_stm32l073xx.o(RESET) refers to startup_stm32l073xx.o(STACK) for __initial_sp
    startup_stm32l073xx.o(RESET) refers to startup_stm32l073xx.o(.text) for Reset_Handler
    startup_stm32l073xx.o(RESET) refers to stm32l0xx_it.o(i.NMI_Handler) for NMI_Handler
    startup_stm32l073xx.o(RESET) refers to stm32l0xx_it.o(i.HardFault_Handler) for HardFault_Handler
    startup_stm32l073xx.o(RESET) refers to stm32l0xx_it.o(i.SVC_Handler) for SVC_Handler
    startup_stm32l073xx.o(RESET) refers to stm32l0xx_it.o(i.PendSV_Handler) for PendSV_Handler
    startup_stm32l073xx.o(RESET) refers to stm32l0xx_it.o(i.SysTick_Handler) for SysTick_Handler
    startup_stm32l073xx.o(RESET) refers to stm32l0xx_it.o(i.DMA1_Channel1_IRQHandler) for DMA1_Channel1_IRQHandler
    startup_stm32l073xx.o(RESET) refers to stm32l0xx_it.o(i.DMA1_Channel2_3_IRQHandler) for DMA1_Channel2_3_IRQHandler
    startup_stm32l073xx.o(RESET) refers to stm32l0xx_it.o(i.DMA1_Channel4_5_6_7_IRQHandler) for DMA1_Channel4_5_6_7_IRQHandler
    startup_stm32l073xx.o(RESET) refers to stm32l0xx_it.o(i.USART4_5_IRQHandler) for USART4_5_IRQHandler
    startup_stm32l073xx.o(RESET) refers to stm32l0xx_it.o(i.I2C1_IRQHandler) for I2C1_IRQHandler
    startup_stm32l073xx.o(RESET) refers to stm32l0xx_it.o(i.I2C2_IRQHandler) for I2C2_IRQHandler
    startup_stm32l073xx.o(RESET) refers to stm32l0xx_it.o(i.USART1_IRQHandler) for USART1_IRQHandler
    startup_stm32l073xx.o(RESET) refers to stm32l0xx_it.o(i.USART2_IRQHandler) for USART2_IRQHandler
    startup_stm32l073xx.o(.text) refers to system_stm32l0xx.o(i.SystemInit) for SystemInit
    startup_stm32l073xx.o(.text) refers to entry.o(.ARM.Collect$$$$00000000) for __main
    adc.o(i.ADC_go) refers to stm32l0xx_hal_adc.o(i.HAL_ADC_Start_DMA) for HAL_ADC_Start_DMA
    adc.o(i.ADC_go) refers to main.o(.data) for adc_conversion_callback
    adc.o(i.ADC_go) refers to adc.o(.bss) for adc_raw_results
    adc.o(i.ADC_go) refers to main.o(.bss) for hadc
    adc.o(i.calib_adc) refers to adc.o(.data) for adc_full_scale_mv
    adc.o(i.filter_ntcs) refers to idiv.o(.text) for __aeabi_idivmod
    adc.o(i.filter_ntcs) refers to main.o(.bss) for system_state
    adc.o(i.filter_ntcs) refers to adc.o(.data) for NTCs_temperature_history_pointer
    adc.o(i.filter_ntcs) refers to adc.o(.bss) for NTCs_temperature_history
    adc.o(i.ntc_resistance_to_temp) refers to uidiv.o(.text) for __aeabi_uidivmod
    adc.o(i.ntc_resistance_to_temp) refers to adc.o(.constdata) for ntc_table
    adc.o(i.translate_adc) refers to idiv.o(.text) for __aeabi_idivmod
    adc.o(i.translate_adc) refers to uidiv.o(.text) for __aeabi_uidivmod
    adc.o(i.translate_adc) refers to adc.o(i.ntc_resistance_to_temp) for ntc_resistance_to_temp
    adc.o(i.translate_adc) refers to adc.o(i.filter_ntcs) for filter_ntcs
    adc.o(i.translate_adc) refers to adc.o(i.resistance_to_weight) for resistance_to_weight
    adc.o(i.translate_adc) refers to adc.o(.bss) for adc_raw_results
    adc.o(i.translate_adc) refers to adc.o(.data) for adc_full_scale_mv
    adc.o(i.translate_adc) refers to main.o(.bss) for system_state
    board_temp.o(i.get_board_temperature) refers to stm32l0xx_hal_i2c.o(i.HAL_I2C_Master_Transmit) for HAL_I2C_Master_Transmit
    board_temp.o(i.get_board_temperature) refers to stm32l0xx_hal_i2c.o(i.HAL_I2C_Master_Receive_IT) for HAL_I2C_Master_Receive_IT
    board_temp.o(i.get_board_temperature) refers to main.o(.data) for pcb_temperature_callback
    board_temp.o(i.get_board_temperature) refers to main.o(.bss) for hi2c2
    board_temp.o(i.get_board_temperature) refers to board_temp.o(.data) for lm75b_returned_string
    board_temp.o(i.interpret_pcb_temperature) refers to board_temp.o(.data) for lm75b_returned_string
    commserv.o(i.serve_led_buzzer_opcode) refers to discreets.o(i.rgb_leds) for rgb_leds
    commserv.o(i.serve_led_buzzer_opcode) refers to main.o(.bss) for system_state
    commserv.o(i.serve_led_buzzer_opcode) refers to host_from_comm.o(.bss) for som_rx_buffer
    commserv.o(i.serve_led_buzzer_opcode) refers to host_from_comm.o(.data) for from_som_data_start_index
    commserv.o(i.serve_opcode) refers to commserv.o(i.serve_led_buzzer_opcode) for serve_led_buzzer_opcode
    commserv.o(i.serve_opcode) refers to commserv.o(i.serve_agitation_and_heater_opcode) for serve_agitation_and_heater_opcode
    commserv.o(i.serve_opcode) refers to commserv.o(i.serve_technician_opcode) for serve_technician_opcode
    commserv.o(i.serve_opcode) refers to commserv.o(i.serve_start_stop_thawing_opcode) for serve_start_stop_thawing_opcode
    commserv.o(i.serve_opcode) refers to main.o(.bss) for from_som_message_state
    commserv.o(i.serve_start_stop_thawing_opcode) refers to main.o(.bss) for from_som_message_state
[...]
    i.HAL_ADC_ConvHalfCpltCallback           0x08000568   Section        0  stm32l0xx_hal_adc.o(i.HAL_ADC_ConvHalfCpltCallback)
    i.HAL_ADC_ErrorCallback                  0x0800056a   Section        0  stm32l0xx_hal_adc.o(i.HAL_ADC_ErrorCallback)
    i.HAL_ADC_Init                           0x0800056c   Section        0  stm32l0xx_hal_adc.o(i.HAL_ADC_Init)
    i.HAL_ADC_MspInit                        0x080007a0   Section        0  stm32l0xx_hal_msp.o(i.HAL_ADC_MspInit)
    i.HAL_ADC_Start_DMA                      0x08000844   Section        0  stm32l0xx_hal_adc.o(i.HAL_ADC_Start_DMA)
    i.HAL_DMA_Abort_IT                       0x08000904   Section        0  stm32l0xx_hal_dma.o(i.HAL_DMA_Abort_IT)
    i.HAL_DMA_IRQHandler                     0x080009b8   Section        0  stm32l0xx_hal_dma.o(i.HAL_DMA_IRQHandler)
    i.HAL_DMA_Init                           0x08000cd4   Section        0  stm32l0xx_hal_dma.o(i.HAL_DMA_Init)
    i.HAL_DMA_Start_IT                       0x08000e64   Section        0  stm32l0xx_hal_dma.o(i.HAL_DMA_Start_IT)
    i.HAL_Delay                              0x08000ed6   Section        0  stm32l0xx_hal.o(i.HAL_Delay)
    i.HAL_GPIO_Init                          0x08000ef0   Section        0  stm32l0xx_hal_gpio.o(i.HAL_GPIO_Init)
    i.HAL_GPIO_ReadPin                       0x080010e8   Section        0  stm32l0xx_hal_gpio.o(i.HAL_GPIO_ReadPin)
    i.HAL_GPIO_WritePin                      0x080010fa   Section        0  stm32l0xx_hal_gpio.o(i.HAL_GPIO_WritePin)
    i.HAL_GetTick                            0x08001108   Section        0  stm32l0xx_hal.o(i.HAL_GetTick)
    i.HAL_I2CEx_ConfigAnalogFilter           0x08001114   Section        0  stm32l0xx_hal_i2c_ex.o(i.HAL_I2CEx_ConfigAnalogFilter)
    i.HAL_I2CEx_ConfigDigitalFilter          0x08001182   Section        0  stm32l0xx_hal_i2c_ex.o(i.HAL_I2CEx_ConfigDigitalFilter)
    i.HAL_I2C_AbortCpltCallback              0x080011f4   Section        0  stm32l0xx_hal_i2c.o(i.HAL_I2C_AbortCpltCallback)
    i.HAL_I2C_AddrCallback                   0x080011f6   Section        0  stm32l0xx_hal_i2c.o(i.HAL_I2C_AddrCallback)
    i.HAL_I2C_ER_IRQHandler                  0x080011f8   Section        0  stm32l0xx_hal_i2c.o(i.HAL_I2C_ER_IRQHandler)
    i.HAL_I2C_EV_IRQHandler                  0x08001278   Section        0  stm32l0xx_hal_i2c.o(i.HAL_I2C_EV_IRQHandler)
    i.HAL_I2C_ErrorCallback                  0x08001296   Section        0  stm32l0xx_hal_i2c.o(i.HAL_I2C_ErrorCallback)
    i.HAL_I2C_Init                           0x08001298   Section        0  stm32l0xx_hal_i2c.o(i.HAL_I2C_Init)
    i.HAL_I2C_ListenCpltCallback             0x0800136c   Section        0  stm32l0xx_hal_i2c.o(i.HAL_I2C_ListenCpltCallback)
    i.HAL_I2C_MasterRxCpltCallback           0x08001370   Section        0  main.o(i.HAL_I2C_MasterRxCpltCallback)
    i.HAL_I2C_MasterTxCpltCallback           0x08001388   Section        0  stm32l0xx_hal_i2c.o(i.HAL_I2C_MasterTxCpltCallback)
    i.HAL_I2C_Master_Receive_IT              0x0800138c   Section        0  stm32l0xx_hal_i2c.o(i.HAL_I2C_Master_Receive_IT)
    i.HAL_I2C_Master_Transmit                0x0800143c   Section        0  stm32l0xx_hal_i2c.o(i.HAL_I2C_Master_Transmit)
    i.HAL_I2C_MemRxCpltCallback              0x080015bc   Section        0  main.o(i.HAL_I2C_MemRxCpltCallback)
    i.HAL_I2C_MemTxCpltCallback              0x080015d4   Section        0  stm32l0xx_hal_i2c.o(i.HAL_I2C_MemTxCpltCallback)
    i.HAL_I2C_Mem_Read_IT                    0x080015d8   Section        0  stm32l0xx_hal_i2c.o(i.HAL_I2C_Mem_Read_IT)
    i.HAL_I2C_MspInit                        0x080016d8   Section        0  stm32l0xx_hal_msp.o(i.HAL_I2C_MspInit)
    i.HAL_I2C_SlaveRxCpltCallback            0x0800177c   Section        0  stm32l0xx_hal_i2c.o(i.HAL_I2C_SlaveRxCpltCallback)
    i.HAL_I2C_SlaveTxCpltCallback            0x0800177e   Section        0  stm32l0xx_hal_i2c.o(i.HAL_I2C_SlaveTxCpltCallback)
    i.HAL_IncTick                            0x08001780   Section        0  stm32l0xx_hal.o(i.HAL_IncTick)
    i.HAL_Init                               0x08001790   Section        0  stm32l0xx_hal.o(i.HAL_Init)
    i.HAL_InitTick                           0x080017b0   Section        0  stm32l0xx_hal.o(i.HAL_InitTick)
    i.HAL_MspInit                            0x080017d8   Section        0  stm32l0xx_hal_msp.o(i.HAL_MspInit)
    i.HAL_NVIC_EnableIRQ                     0x08001818   Section        0  stm32l0xx_hal_cortex.o(i.HAL_NVIC_EnableIRQ)
    i.HAL_NVIC_SetPriority                   0x08001830   Section        0  stm32l0xx_hal_cortex.o(i.HAL_NVIC_SetPriority)
    i.HAL_RCCEx_GetPeriphCLKFreq             0x08001844   Section        0  stm32l0xx_hal_rcc_ex.o(i.HAL_RCCEx_GetPeriphCLKFreq)
    i.HAL_RCCEx_PeriphCLKConfig              0x08001bd4   Section        0  stm32l0xx_hal_rcc_ex.o(i.HAL_RCCEx_PeriphCLKConfig)
    i.HAL_RCC_ClockConfig                    0x08001e80   Section        0  stm32l0xx_hal_rcc.o(i.HAL_RCC_ClockConfig)
    i.HAL_RCC_GetHCLKFreq                    0x08002078   Section        0  stm32l0xx_hal_rcc.o(i.HAL_RCC_GetHCLKFreq)
    i.HAL_RCC_GetPCLK1Freq                   0x08002084   Section        0  stm32l0xx_hal_rcc.o(i.HAL_RCC_GetPCLK1Freq)
    i.HAL_RCC_GetPCLK2Freq                   0x080020a8   Section        0  stm32l0xx_hal_rcc.o(i.HAL_RCC_GetPCLK2Freq)
    i.HAL_RCC_GetSysClockFreq                0x080020cc   Section        0  stm32l0xx_hal_rcc.o(i.HAL_RCC_GetSysClockFreq)
    i.HAL_RCC_OscConfig                      0x080021b0   Section        0  stm32l0xx_hal_rcc.o(i.HAL_RCC_OscConfig)
    i.HAL_RS485Ex_Init                       0x08002884   Section        0  stm32l0xx_hal_uart_ex.o(i.HAL_RS485Ex_Init)
    i.HAL_SPI_Init                           0x08002924   Section        0  stm32l0xx_hal_spi.o(i.HAL_SPI_Init)
    i.HAL_SPI_MspInit                        0x080029b4   Section        0  stm32l0xx_hal_msp.o(i.HAL_SPI_MspInit)
    i.HAL_SPI_Transmit                       0x080029fc   Section        0  stm32l0xx_hal_spi.o(i.HAL_SPI_Transmit)
    i.HAL_SYSTICK_CLKSourceConfig            0x08002bd8   Section        0  stm32l0xx_hal_cortex.o(i.HAL_SYSTICK_CLKSourceConfig)
    i.HAL_SYSTICK_Callback                   0x08002bfc   Section        0  main.o(i.HAL_SYSTICK_Callback)
    i.HAL_SYSTICK_Config                     0x08002dd8   Section        0  stm32l0xx_hal_cortex.o(i.HAL_SYSTICK_Config)
    i.HAL_SYSTICK_IRQHandler                 0x08002e10   Section        0  stm32l0xx_hal_cortex.o(i.HAL_SYSTICK_IRQHandler)
    i.HAL_TIMEx_MasterConfigSynchronization  0x08002e18   Section        0  stm32l0xx_hal_tim_ex.o(i.HAL_TIMEx_MasterConfigSynchronization)
    i.HAL_TIMEx_RemapConfig                  0x08002e7a   Section        0  stm32l0xx_hal_tim_ex.o(i.HAL_TIMEx_RemapConfig)
    i.HAL_TIM_Base_Init                      0x08002ea8   Section        0  stm32l0xx_hal_tim.o(i.HAL_TIM_Base_Init)
    i.HAL_TIM_Base_MspInit                   0x08002ee0   Section        0  stm32l0xx_hal_msp.o(i.HAL_TIM_Base_MspInit)
    i.HAL_TIM_ConfigClockSource              0x08002f00   Section        0  stm32l0xx_hal_tim.o(i.HAL_TIM_ConfigClockSource)
    i.HAL_TIM_MspPostInit                    0x08003040   Section        0  stm32l0xx_hal_msp.o(i.HAL_TIM_MspPostInit)
    i.HAL_TIM_PWM_ConfigChannel              0x08003090   Section        0  stm32l0xx_hal_tim.o(i.HAL_TIM_PWM_ConfigChannel)
    i.HAL_TIM_PWM_Init                       0x080031a2   Section        0  stm32l0xx_hal_tim.o(i.HAL_TIM_PWM_Init)
    i.HAL_TIM_PWM_MspInit                    0x080031da   Section        0  stm32l0xx_hal_tim.o(i.HAL_TIM_PWM_MspInit)
    i.HAL_TIM_PWM_Start                      0x080031dc   Section        0  stm32l0xx_hal_tim.o(i.HAL_TIM_PWM_Start)
    i.HAL_UARTEx_WakeupCallback              0x080031fc   Section        0  stm32l0xx_hal_uart_ex.o(i.HAL_UARTEx_WakeupCallback)
    i.HAL_UART_ErrorCallback                 0x080031fe   Section        0  stm32l0xx_hal_uart.o(i.HAL_UART_ErrorCallback)
    i.HAL_UART_IRQHandler                    0x08003200   Section        0  stm32l0xx_hal_uart.o(i.HAL_UART_IRQHandler)
    i.HAL_UART_Init                          0x080033c0   Section        0  stm32l0xx_hal_uart.o(i.HAL_UART_Init)
    i.HAL_UART_MspInit                       0x08003444   Section        0  stm32l0xx_hal_msp.o(i.HAL_UART_MspInit)
    i.HAL_UART_Receive_DMA                   0x08003624   Section        0  stm32l0xx_hal_uart.o(i.HAL_UART_Receive_DMA)
    i.HAL_UART_Receive_IT                    0x080036f0   Section        0  stm32l0xx_hal_uart.o(i.HAL_UART_Receive_IT)
    i.HAL_UART_RxCpltCallback                0x080037dc   Section        0  main.o(i.HAL_UART_RxCpltCallback)
    i.HAL_UART_RxHalfCpltCallback            0x080038b0   Section        0  stm32l0xx_hal_uart.o(i.HAL_UART_RxHalfCpltCallback)
    i.HAL_UART_Transmit                      0x080038b2   Section        0  stm32l0xx_hal_uart.o(i.HAL_UART_Transmit)
    i.HAL_UART_Transmit_DMA                  0x080039a4   Section        0  stm32l0xx_hal_uart.o(i.HAL_UART_Transmit_DMA)
    i.HAL_UART_TxCpltCallback                0x08003a60   Section        0  main.o(i.HAL_UART_TxCpltCallback)
    i.HAL_UART_TxHalfCpltCallback            0x08003aa8   Section        0  stm32l0xx_hal_uart.o(i.HAL_UART_TxHalfCpltCallback)
    i.HardFault_Handler                      0x08003aac   Section        0  stm32l0xx_it.o(i.HardFault_Handler)
    i.I2C1_IRQHandler                        0x08003af0   Section        0  stm32l0xx_it.o(i.I2C1_IRQHandler)
    i.I2C2_IRQHandler                        0x08003b18   Section        0  stm32l0xx_it.o(i.I2C2_IRQHandler)
    i.I2C_DMAAbort                           0x08003b40   Section        0  stm32l0xx_hal_i2c.o(i.I2C_DMAAbort)
    I2C_DMAAbort                             0x08003b41   Thumb Code    60  stm32l0xx_hal_i2c.o(i.I2C_DMAAbort)
    i.I2C_Disable_IRQ                        0x08003b7c   Section        0  stm32l0xx_hal_i2c.o(i.I2C_Disable_IRQ)
    I2C_Disable_IRQ                          0x08003b7d   Thumb Code   126  stm32l0xx_hal_i2c.o(i.I2C_Disable_IRQ)
    i.I2C_Enable_IRQ                         0x08003bfc   Section        0  stm32l0xx_hal_i2c.o(i.I2C_Enable_IRQ)
    I2C_Enable_IRQ                           0x08003bfd   Thumb Code   134  stm32l0xx_hal_i2c.o(i.I2C_Enable_IRQ)
    i.I2C_Flush_TXDR                         0x08003c8c   Section        0  stm32l0xx_hal_i2c.o(i.I2C_Flush_TXDR)
    I2C_Flush_TXDR                           0x08003c8d   Thumb Code    50  stm32l0xx_hal_i2c.o(i.I2C_Flush_TXDR)
    i.I2C_ITAddrCplt                         0x08003cbe   Section        0  stm32l0xx_hal_i2c.o(i.I2C_ITAddrCplt)
    I2C_ITAddrCplt                           0x08003cbf   Thumb Code   214  stm32l0xx_hal_i2c.o(i.I2C_ITAddrCplt)
    i.I2C_ITError                            0x08003d94   Section        0  stm32l0xx_hal_i2c.o(i.I2C_ITError)
    I2C_ITError                              0x08003d95   Thumb Code   268  stm32l0xx_hal_i2c.o(i.I2C_ITError)
    i.I2C_ITListenCplt                       0x08003eac   Section        0  stm32l0xx_hal_i2c.o(i.I2C_ITListenCplt)
    I2C_ITListenCplt                         0x08003ead   Thumb Code   110  stm32l0xx_hal_i2c.o(i.I2C_ITListenCplt)
    i.I2C_ITMasterCplt                       0x08003f20   Section        0  stm32l0xx_hal_i2c.o(i.I2C_ITMasterCplt)
    I2C_ITMasterCplt                         0x08003f21   Thumb Code   226  stm32l0xx_hal_i2c.o(i.I2C_ITMasterCplt)
    i.I2C_ITMasterSequentialCplt             0x0800400c   Section        0  stm32l0xx_hal_i2c.o(i.I2C_ITMasterSequentialCplt)
    I2C_ITMasterSequentialCplt               0x0800400d   Thumb Code    98  stm32l0xx_hal_i2c.o(i.I2C_ITMasterSequentialCplt)
    i.I2C_ITSlaveCplt                        0x08004070   Section        0  stm32l0xx_hal_i2c.o(i.I2C_ITSlaveCplt)
    I2C_ITSlaveCplt                          0x08004071   Thumb Code   308  stm32l0xx_hal_i2c.o(i.I2C_ITSlaveCplt)
    i.I2C_ITSlaveSequentialCplt              0x080041ac   Section        0  stm32l0xx_hal_i2c.o(i.I2C_ITSlaveSequentialCplt)
    I2C_ITSlaveSequentialCplt                0x080041ad   Thumb Code    98  stm32l0xx_hal_i2c.o(i.I2C_ITSlaveSequentialCplt)
    i.I2C_IsAcknowledgeFailed                0x08004210   Section        0  stm32l0xx_hal_i2c.o(i.I2C_IsAcknowledgeFailed)
    I2C_IsAcknowledgeFailed                  0x08004211   Thumb Code   144  stm32l0xx_hal_i2c.o(i.I2C_IsAcknowledgeFailed)
    i.I2C_Master_ISR_DMA                     0x080042a4   Section        0  stm32l0xx_hal_i2c.o(i.I2C_Master_ISR_DMA)
    I2C_Master_ISR_DMA                       0x080042a5   Thumb Code   266  stm32l0xx_hal_i2c.o(i.I2C_Master_ISR_DMA)
    i.I2C_Master_ISR_IT                      0x080043b0   Section        0  stm32l0xx_hal_i2c.o(i.I2C_Master_ISR_IT)
    I2C_Master_ISR_IT                        0x080043b1   Thumb Code   424  stm32l0xx_hal_i2c.o(i.I2C_Master_ISR_IT)
    i.I2C_RequestMemoryRead                  0x0800455c   Section        0  stm32l0xx_hal_i2c.o(i.I2C_RequestMemoryRead)
    I2C_RequestMemoryRead                    0x0800455d   Thumb Code   144  stm32l0xx_hal_i2c.o(i.I2C_RequestMemoryRead)
    i.I2C_Slave_ISR_DMA                      0x080045f0   Section        0  stm32l0xx_hal_i2c.o(i.I2C_Slave_ISR_DMA)
    I2C_Slave_ISR_DMA                        0x080045f1   Thumb Code   158  stm32l0xx_hal_i2c.o(i.I2C_Slave_ISR_DMA)
    i.I2C_Slave_ISR_IT                       0x08004690   Section        0  stm32l0xx_hal_i2c.o(i.I2C_Slave_ISR_IT)
    I2C_Slave_ISR_IT                         0x08004691   Thumb Code   348  stm32l0xx_hal_i2c.o(i.I2C_Slave_ISR_IT)
    i.I2C_TransferConfig                     0x080047f0   Section        0  stm32l0xx_hal_i2c.o(i.I2C_TransferConfig)
    I2C_TransferConfig                       0x080047f1   Thumb Code    52  stm32l0xx_hal_i2c.o(i.I2C_TransferConfig)
    i.I2C_WaitOnFlagUntilTimeout             0x08004828   Section        0  stm32l0xx_hal_i2c.o(i.I2C_WaitOnFlagUntilTimeout)
    I2C_WaitOnFlagUntilTimeout               0x08004829   Thumb Code    82  stm32l0xx_hal_i2c.o(i.I2C_WaitOnFlagUntilTimeout)
    i.I2C_WaitOnSTOPFlagUntilTimeout         0x0800487a   Section        0  stm32l0xx_hal_i2c.o(i.I2C_WaitOnSTOPFlagUntilTimeout)
    I2C_WaitOnSTOPFlagUntilTimeout           0x0800487b   Thumb Code    90  stm32l0xx_hal_i2c.o(i.I2C_WaitOnSTOPFlagUntilTimeout)
    i.I2C_WaitOnTXISFlagUntilTimeout         0x080048d4   Section        0  stm32l0xx_hal_i2c.o(i.I2C_WaitOnTXISFlagUntilTimeout)
    I2C_WaitOnTXISFlagUntilTimeout           0x080048d5   Thumb Code    96  stm32l0xx_hal_i2c.o(i.I2C_WaitOnTXISFlagUntilTimeout)
    i.MX_ADC_Init                            0x08004934   Section        0  main.o(i.MX_ADC_Init)
    MX_ADC_Init                              0x08004935   Thumb Code   310  main.o(i.MX_ADC_Init)
    i.MX_DMA_Init                            0x08004aa4   Section        0  main.o(i.MX_DMA_Init)
    MX_DMA_Init                              0x08004aa5   Thumb Code    80  main.o(i.MX_DMA_Init)
    i.MX_GPIO_Init                           0x08004af8   Section        0  main.o(i.MX_GPIO_Init)
    MX_GPIO_Init                             0x08004af9   Thumb Code   440  main.o(i.MX_GPIO_Init)
    i.MX_I2C1_Init                           0x08004ccc   Section        0  main.o(i.MX_I2C1_Init)
    MX_I2C1_Init                             0x08004ccd   Thumb Code    96  main.o(i.MX_I2C1_Init)
    i.MX_I2C2_Init                           0x08004d4c   Section        0  main.o(i.MX_I2C2_Init)
    MX_I2C2_Init                             0x08004d4d   Thumb Code    96  main.o(i.MX_I2C2_Init)
    i.MX_SPI1_Init                           0x08004dcc   Section        0  main.o(i.MX_SPI1_Init)
    MX_SPI1_Init                             0x08004dcd   Thumb Code    66  main.o(i.MX_SPI1_Init)
    i.MX_TIM3_Init                           0x08004e2c   Section        0  main.o(i.MX_TIM3_Init)
    MX_TIM3_Init                             0x08004e2d   Thumb Code   246  main.o(i.MX_TIM3_Init)
    i.MX_USART1_UART_Init                    0x08004f44   Section        0  main.o(i.MX_USART1_UART_Init)
    MX_USART1_UART_Init                      0x08004f45   Thumb Code    62  main.o(i.MX_USART1_UART_Init)
    i.MX_USART2_UART_Init                    0x08004fa0   Section        0  main.o(i.MX_USART2_UART_Init)
    MX_USART2_UART_Init                      0x08004fa1   Thumb Code    68  main.o(i.MX_USART2_UART_Init)
    i.MX_USART4_UART_Init                    0x08005000   Section        0  main.o(i.MX_USART4_UART_Init)
    MX_USART4_UART_Init                      0x08005001   Thumb Code    62  main.o(i.MX_USART4_UART_Init)
    i.NMI_Handler                            0x0800505c   Section        0  stm32l0xx_it.o(i.NMI_Handler)
    i.NVIC_SetPriority                       0x08005060   Section        0  stm32l0xx_hal_cortex.o(i.NVIC_SetPriority)
    NVIC_SetPriority                         0x08005061   Thumb Code   110  stm32l0xx_hal_cortex.o(i.NVIC_SetPriority)
    i.PendSV_Handler                         0x080050d8   Section        0  stm32l0xx_it.o(i.PendSV_Handler)
    i.RCC_SetFlashLatencyFromMSIRange        0x080050dc   Section        0  stm32l0xx_hal_rcc.o(i.RCC_SetFlashLatencyFromMSIRange)
    RCC_SetFlashLatencyFromMSIRange          0x080050dd   Thumb Code   138  stm32l0xx_hal_rcc.o(i.RCC_SetFlashLatencyFromMSIRange)
    i.SPI_WaitOnFlagUntilTimeout             0x08005174   Section        0  stm32l0xx_hal_spi.o(i.SPI_WaitOnFlagUntilTimeout)
    SPI_WaitOnFlagUntilTimeout               0x08005175   Thumb Code   280  stm32l0xx_hal_spi.o(i.SPI_WaitOnFlagUntilTimeout)
    i.SVC_Handler                            0x0800528c   Section        0  stm32l0xx_it.o(i.SVC_Handler)
    i.SysTick_Handler                        0x0800528e   Section        0  stm32l0xx_it.o(i.SysTick_Handler)
    i.SystemClock_Config                     0x0800529c   Section        0  main.o(i.SystemClock_Config)
    i.SystemInit                             0x08005368   Section        0  system_stm32l0xx.o(i.SystemInit)
    i.TIM_Base_SetConfig                     0x080053d0   Section        0  stm32l0xx_hal_tim.o(i.TIM_Base_SetConfig)
    TIM_Base_SetConfig                       0x080053d1   Thumb Code   120  stm32l0xx_hal_tim.o(i.TIM_Base_SetConfig)
    i.TIM_CCxChannelCmd                      0x08005454   Section        0  stm32l0xx_hal_tim.o(i.TIM_CCxChannelCmd)
    TIM_CCxChannelCmd                        0x08005455   Thumb Code    28  stm32l0xx_hal_tim.o(i.TIM_CCxChannelCmd)
    i.TIM_ETR_SetConfig                      0x08005470   Section        0  stm32l0xx_hal_tim.o(i.TIM_ETR_SetConfig)
    TIM_ETR_SetConfig                        0x08005471   Thumb Code    30  stm32l0xx_hal_tim.o(i.TIM_ETR_SetConfig)
    i.TIM_ITRx_SetConfig                     0x0800548e   Section        0  stm32l0xx_hal_tim.o(i.TIM_ITRx_SetConfig)
    TIM_ITRx_SetConfig                       0x0800548f   Thumb Code    26  stm32l0xx_hal_tim.o(i.TIM_ITRx_SetConfig)
    i.TIM_OC1_SetConfig                      0x080054a8   Section        0  stm32l0xx_hal_tim.o(i.TIM_OC1_SetConfig)
    TIM_OC1_SetConfig                        0x080054a9   Thumb Code    62  stm32l0xx_hal_tim.o(i.TIM_OC1_SetConfig)
    i.TIM_OC2_SetConfig                      0x080054e6   Section        0  stm32l0xx_hal_tim.o(i.TIM_OC2_SetConfig)
    TIM_OC2_SetConfig                        0x080054e7   Thumb Code    74  stm32l0xx_hal_tim.o(i.TIM_OC2_SetConfig)
    i.TIM_OC3_SetConfig                      0x08005530   Section        0  stm32l0xx_hal_tim.o(i.TIM_OC3_SetConfig)
    TIM_OC3_SetConfig                        0x08005531   Thumb Code    68  stm32l0xx_hal_tim.o(i.TIM_OC3_SetConfig)
    i.TIM_OC4_SetConfig                      0x08005574   Section        0  stm32l0xx_hal_tim.o(i.TIM_OC4_SetConfig)
    TIM_OC4_SetConfig                        0x08005575   Thumb Code    78  stm32l0xx_hal_tim.o(i.TIM_OC4_SetConfig)
    i.TIM_TI1_ConfigInputStage               0x080055c2   Section        0  stm32l0xx_hal_tim.o(i.TIM_TI1_ConfigInputStage)
    TIM_TI1_ConfigInputStage                 0x080055c3   Thumb Code    54  stm32l0xx_hal_tim.o(i.TIM_TI1_ConfigInputStage)
    i.TIM_TI2_ConfigInputStage               0x080055f8   Section        0  stm32l0xx_hal_tim.o(i.TIM_TI2_ConfigInputStage)
    TIM_TI2_ConfigInputStage                 0x080055f9   Thumb Code    54  stm32l0xx_hal_tim.o(i.TIM_TI2_ConfigInputStage)
    i.UART_AdvFeatureConfig                  0x0800562e   Section        0  stm32l0xx_hal_uart.o(i.UART_AdvFeatureConfig)
    i.UART_CheckIdleState                    0x08005720   Section        0  stm32l0xx_hal_uart.o(i.UART_CheckIdleState)
    i.UART_DMAAbortOnError                   0x08005794   Section        0  stm32l0xx_hal_uart.o(i.UART_DMAAbortOnError)
    UART_DMAAbortOnError                     0x08005795   Thumb Code    24  stm32l0xx_hal_uart.o(i.UART_DMAAbortOnError)
    i.UART_DMAError                          0x080057ac   Section        0  stm32l0xx_hal_uart.o(i.UART_DMAError)
    UART_DMAError                            0x080057ad   Thumb Code    86  stm32l0xx_hal_uart.o(i.UART_DMAError)
    i.UART_DMAReceiveCplt                    0x08005802   Section        0  stm32l0xx_hal_uart.o(i.UART_DMAReceiveCplt)
    UART_DMAReceiveCplt                      0x08005803   Thumb Code    76  stm32l0xx_hal_uart.o(i.UART_DMAReceiveCplt)
    i.UART_DMARxHalfCplt                     0x0800584e   Section        0  stm32l0xx_hal_uart.o(i.UART_DMARxHalfCplt)
    UART_DMARxHalfCplt                       0x0800584f   Thumb Code    14  stm32l0xx_hal_uart.o(i.UART_DMARxHalfCplt)
    i.UART_DMATransmitCplt                   0x0800585c   Section        0  stm32l0xx_hal_uart.o(i.UART_DMATransmitCplt)
    UART_DMATransmitCplt                     0x0800585d   Thumb Code    58  stm32l0xx_hal_uart.o(i.UART_DMATransmitCplt)
    i.UART_DMATxHalfCplt                     0x08005896   Section        0  stm32l0xx_hal_uart.o(i.UART_DMATxHalfCplt)
    UART_DMATxHalfCplt                       0x08005897   Thumb Code    14  stm32l0xx_hal_uart.o(i.UART_DMATxHalfCplt)
    i.UART_EndRxTransfer                     0x080058a4   Section        0  stm32l0xx_hal_uart.o(i.UART_EndRxTransfer)
    UART_EndRxTransfer                       0x080058a5   Thumb Code    34  stm32l0xx_hal_uart.o(i.UART_EndRxTransfer)
    i.UART_EndTransmit_IT                    0x080058c6   Section        0  stm32l0xx_hal_uart.o(i.UART_EndTransmit_IT)
    UART_EndTransmit_IT                      0x080058c7   Thumb Code    32  stm32l0xx_hal_uart.o(i.UART_EndTransmit_IT)
    i.UART_EndTxTransfer                     0x080058e6   Section        0  stm32l0xx_hal_uart.o(i.UART_EndTxTransfer)
    UART_EndTxTransfer                       0x080058e7   Thumb Code    20  stm32l0xx_hal_uart.o(i.UART_EndTxTransfer)
    i.UART_Receive_IT                        0x080058fa   Section        0  stm32l0xx_hal_uart.o(i.UART_Receive_IT)
    UART_Receive_IT                          0x080058fb   Thumb Code   144  stm32l0xx_hal_uart.o(i.UART_Receive_IT)
    i.UART_SetConfig                         0x0800598c   Section        0  stm32l0xx_hal_uart.o(i.UART_SetConfig)
    i.UART_Transmit_IT                       0x08005d7c   Section        0  stm32l0xx_hal_uart.o(i.UART_Transmit_IT)
    UART_Transmit_IT                         0x08005d7d   Thumb Code   114  stm32l0xx_hal_uart.o(i.UART_Transmit_IT)
    i.UART_WaitOnFlagUntilTimeout            0x08005dee   Section        0  stm32l0xx_hal_uart.o(i.UART_WaitOnFlagUntilTimeout)
    i.USART1_IRQHandler                      0x08005e60   Section        0  stm32l0xx_it.o(i.USART1_IRQHandler)
    i.USART2_IRQHandler                      0x08005e70   Section        0  stm32l0xx_it.o(i.USART2_IRQHandler)
    i.USART4_5_IRQHandler                    0x08005e80   Section        0  stm32l0xx_it.o(i.USART4_5_IRQHandler)
    i._Error_Handler                         0x08005e90   Section        0  main.o(i._Error_Handler)
    i.__ARM_common_ll_muluu                  0x08005e94   Section        0  stm32l0xx_hal_uart.o(i.__ARM_common_ll_muluu)
    i.__scatterload_copy                     0x08005ec4   Section       14  handlers.o(i.__scatterload_copy)
    i.__scatterload_null                     0x08005ed2   Section        2  handlers.o(i.__scatterload_null)
    i.__scatterload_zeroinit                 0x08005ed4   Section       14  handlers.o(i.__scatterload_zeroinit)
    i.after_thawing_stage                    0x08005ee4   Section        0  progress.o(i.after_thawing_stage)
    i.build_and_send_message_to_som          0x08005f34   Section        0  host_to_comm.o(i.build_and_send_message_to_som)
    i.calc_pid                               0x08006174   Section        0  pid.o(i.calc_pid)
    i.calculate_crc8                         0x080063a4   Section        0  miscel.o(i.calculate_crc8)
    i.calib_adc                              0x080063c8   Section        0  adc.o(i.calib_adc)
    i.errors_top                             0x080063d8   Section        0  error.o(i.errors_top)
    i.filter_ntcs                            0x080063dc   Section        0  adc.o(i.filter_ntcs)
    i.get_board_temperature                  0x0800652c   Section        0  board_temp.o(i.get_board_temperature)
    i.get_door_state                         0x08006564   Section        0  discreets.o(i.get_door_state)
    i.get_from_som_message_header_values     0x08006580   Section        0  host_from_comm.o(i.get_from_som_message_header_values)
    i.get_ir_temperature                     0x080066ac   Section        0  ir_temp.o(i.get_ir_temperature)
    i.get_motor_index                        0x080066d8   Section        0  discreets.o(i.get_motor_index)
    i.get_rfid_temperature                   0x080066f4   Section        0  rfid.o(i.get_rfid_temperature)
    i.get_som_comm_address                   0x08006744   Section        0  discreets.o(i.get_som_comm_address)
    i.init                                   0x0800678c   Section        0  init.o(i.init)
    i.init_L6470                             0x080067b8   Section        0  motor.o(i.init_L6470)
    i.init_heating_pwm                       0x08006998   Section        0  init.o(i.init_heating_pwm)
    i.init_receiving_from_som                0x080069dc   Section        0  init.o(i.init_receiving_from_som)
    i.init_rgb_leds                          0x08006a18   Section        0  init.o(i.init_rgb_leds)
    i.interpret_ir_temperature               0x08006a48   Section        0  ir_temp.o(i.interpret_ir_temperature)
    i.interpret_pcb_temperature              0x08006a80   Section        0  board_temp.o(i.interpret_pcb_temperature)
    i.main                                   0x08006aac   Section        0  main.o(i.main)
    i.ntc_resistance_to_temp                 0x08006ed0   Section        0  adc.o(i.ntc_resistance_to_temp)
    i.resistance_to_weight                   0x08006f58   Section        0  adc.o(i.resistance_to_weight)
    i.rfid_temp_ascii_to_int                 0x08006f60   Section        0  rfid.o(i.rfid_temp_ascii_to_int)
    i.rgb_leds                               0x08006fbc   Section        0  discreets.o(i.rgb_leds)
    i.serve_agitation_and_heater_opcode      0x08007038   Section        0  commserv.o(i.serve_agitation_and_heater_opcode)
    i.serve_host_comm                        0x0800703c   Section        0  host_from_comm.o(i.serve_host_comm)
    i.serve_led_buzzer_opcode                0x0800707c   Section        0  commserv.o(i.serve_led_buzzer_opcode)
    i.serve_opcode                           0x080070cc   Section        0  commserv.o(i.serve_opcode)
    i.serve_start_stop_thawing_opcode        0x08007104   Section        0  commserv.o(i.serve_start_stop_thawing_opcode)
    i.serve_technician_opcode                0x0800713c   Section        0  commserv.o(i.serve_technician_opcode)
    i.stage_and_rpogress                     0x08007178   Section        0  progress.o(i.stage_and_rpogress)
    i.standby_stage                          0x080071b4   Section        0  progress.o(i.standby_stage)
    i.temp_to_percent                        0x080071b8   Section        0  progress.o(i.temp_to_percent)
    i.thawing_stage                          0x0800721c   Section        0  progress.o(i.thawing_stage)
    i.translate_adc                          0x0800724c   Section        0  adc.o(i.translate_adc)
    i.update_agitation_motor_register        0x08007408   Section        0  motor.o(i.update_agitation_motor_register)
    i.update_agitation_motor_speed           0x08007470   Section        0  motor.o(i.update_agitation_motor_speed)
    i.update_heaters_power                   0x080074c8   Section        0  heater.o(i.update_heaters_power)
    .constdata                               0x08007584   Section      364  adc.o(.constdata)
    .constdata                               0x080076f0   Section      256  miscel.o(.constdata)
    .constdata                               0x080077f0   Section       32  motor.o(.constdata)
    .constdata                               0x08007810   Section       33  system_stm32l0xx.o(.constdata)
    .data                                    0x20000000   Section       10  adc.o(.data)
    adc_full_scale_mv                        0x20000000   Data           4  adc.o(.data)
    NTCs_temperature_history_pointer         0x20000008   Data           2  adc.o(.data)
    .data                                    0x2000000a   Section        2  board_temp.o(.data)
    lm75b_returned_string                    0x2000000a   Data           2  board_temp.o(.data)
    .data                                    0x2000000c   Section        3  host_from_comm.o(.data)
    .data                                    0x20000010   Section        6  host_to_comm.o(.data)
    blinking_counter                         0x20000014   Data           2  host_to_comm.o(.data)
    .data                                    0x20000016   Section        4  ir_temp.o(.data)
    ir_returned_string                       0x20000016   Data           4  ir_temp.o(.data)
    .data                                    0x2000001a   Section        4  motor.o(.data)
    door_closed_time_cnt                     0x2000001c   Data           2  motor.o(.data)
    .data                                    0x20000020   Section       52  pid.o(.data)
    pid_p_contst                             0x20000020   Data           8  pid.o(.data)
    pid_i_contst                             0x20000028   Data           8  pid.o(.data)
    pid_d_contst                             0x20000030   Data           8  pid.o(.data)
    pid_error                                0x20000038   Data           8  pid.o(.data)
    pid_error_mx                             0x20000040   Data           8  pid.o(.data)
    pid_integral                             0x20000048   Data           8  pid.o(.data)
    pid_integral_pointer                     0x20000050   Data           2  pid.o(.data)
    calc_num                                 0x20000052   Data           2  pid.o(.data)
    .data                                    0x20000054   Section        4  rfid.o(.data)
    .data                                    0x20000058   Section       78  main.o(.data)
    s1                                       0x200000a4   Data           2  main.o(.data)
    .data                                    0x200000a8   Section        4  stm32l0xx_hal.o(.data)
    .data                                    0x200000ac   Section        4  system_stm32l0xx.o(.data)
    .bss                                     0x200000b0   Section       96  adc.o(.bss)
    NTCs_temperature_history                 0x200000d0   Data          64  adc.o(.bss)
    .bss                                     0x20000110   Section      235  host_from_comm.o(.bss)
    .bss                                     0x200001fb   Section      140  host_to_comm.o(.bss)
    .bss                                     0x20000288   Section      160  pid.o(.bss)
    pid_integral_history                     0x20000288   Data         160  pid.o(.bss)
    .bss                                     0x20000328   Section     1108  main.o(.bss)
    STACK                                    0x20000780   Section     1024  startup_stm32l073xx.o(STACK)

    Global Symbols

    Symbol Name                              Value     Ov Type        Size  Object(Section)

    BuildAttributes$$THM_ISAv3M$S$PE$A:L22$X:L11$S22$IEEE1$IW$USESV6$~STKCKD$USESV7$~SHL$OSPACE$EBA8$MICROLIB$REQ8$PRES8$EABIv2 0x00000000   Number         0  anon$$obj.o ABSOLUTE
    __ARM_use_no_argv                        0x00000000   Number         0  main.o ABSOLUTE
    __cpp_initialize__aeabi_                  - Undefined Weak Reference
    __cxa_finalize                            - Undefined Weak Reference
    __decompress                              - Undefined Weak Reference
    _clock_init                               - Undefined Weak Reference
    _microlib_exit                            - Undefined Weak Reference
    __Vectors_Size                           0x000000c0   Number         0  startup_stm32l073xx.o ABSOLUTE
    __Vectors                                0x08000000   Data           4  startup_stm32l073xx.o(RESET)
    __Vectors_End                            0x080000c0   Data           0  startup_stm32l073xx.o(RESET)
    __main                                   0x080000c1   Thumb Code     0  entry.o(.ARM.Collect$$$$00000000)
    _main_stk                                0x080000c1   Thumb Code     0  entry2.o(.ARM.Collect$$$$00000001)
    _main_scatterload                        0x080000c5   Thumb Code     0  entry5.o(.ARM.Collect$$$$00000004)
    __main_after_scatterload                 0x080000c9   Thumb Code     0  entry5.o(.ARM.Collect$$$$00000004)
    _main_clock                              0x080000c9   Thumb Code     0  entry7b.o(.ARM.Collect$$$$00000008)
    _main_cpp_init                           0x080000c9   Thumb Code     0  entry8b.o(.ARM.Collect$$$$0000000A)
    _main_init                               0x080000c9   Thumb Code     0  entry9a.o(.ARM.Collect$$$$0000000B)
    __rt_final_cpp                           0x080000d1   Thumb Code     0  entry10a.o(.ARM.Collect$$$$0000000D)
    __rt_final_exit                          0x080000d1   Thumb Code     0  entry11a.o(.ARM.Collect$$$$0000000F)
    Reset_Handler                            0x080000d5   Thumb Code     8  startup_stm32l073xx.o(.text)
    ADC1_COMP_IRQHandler                     0x080000e7   Thumb Code     0  startup_stm32l073xx.o(.text)
    EXTI0_1_IRQHandler                       0x080000e7   Thumb Code     0  startup_stm32l073xx.o(.text)
    EXTI2_3_IRQHandler                       0x080000e7   Thumb Code     0  startup_stm32l073xx.o(.text)
    EXTI4_15_IRQHandler                      0x080000e7   Thumb Code     0  startup_stm32l073xx.o(.text)
    FLASH_IRQHandler                         0x080000e7   Thumb Code     0  startup_stm32l073xx.o(.text)
    I2C3_IRQHandler                          0x080000e7   Thumb Code     0  startup_stm32l073xx.o(.text)
    LCD_IRQHandler                           0x080000e7   Thumb Code     0  startup_stm32l073xx.o(.text)
    LPTIM1_IRQHandler                        0x080000e7   Thumb Code     0  startup_stm32l073xx.o(.text)
    PVD_IRQHandler                           0x080000e7   Thumb Code     0  startup_stm32l073xx.o(.text)
    RCC_CRS_IRQHandler                       0x080000e7   Thumb Code     0  startup_stm32l073xx.o(.text)
    RNG_LPUART1_IRQHandler                   0x080000e7   Thumb Code     0  startup_stm32l073xx.o(.text)
    RTC_IRQHandler                           0x080000e7   Thumb Code     0  startup_stm32l073xx.o(.text)
    SPI1_IRQHandler                          0x080000e7   Thumb Code     0  startup_stm32l073xx.o(.text)
    SPI2_IRQHandler                          0x080000e7   Thumb Code     0  startup_stm32l073xx.o(.text)
    TIM21_IRQHandler                         0x080000e7   Thumb Code     0  startup_stm32l073xx.o(.text)
    TIM22_IRQHandler                         0x080000e7   Thumb Code     0  startup_stm32l073xx.o(.text)
    TIM2_IRQHandler                          0x080000e7   Thumb Code     0  startup_stm32l073xx.o(.text)
    TIM3_IRQHandler                          0x080000e7   Thumb Code     0  startup_stm32l073xx.o(.text)
    TIM6_DAC_IRQHandler                      0x080000e7   Thumb Code     0  startup_stm32l073xx.o(.text)
    TIM7_IRQHandler                          0x080000e7   Thumb Code     0  startup_stm32l073xx.o(.text)
    TSC_IRQHandler                           0x080000e7   Thumb Code     0  startup_stm32l073xx.o(.text)
    USB_IRQHandler                           0x080000e7   Thumb Code     0  startup_stm32l073xx.o(.text)
    WWDG_IRQHandler                          0x080000e7   Thumb Code     0  startup_stm32l073xx.o(.text)
    __aeabi_uidiv                            0x080000f1   Thumb Code     0  uidiv.o(.text)
    __aeabi_uidivmod                         0x080000f1   Thumb Code    44  uidiv.o(.text)
    __aeabi_idiv                             0x0800011d   Thumb Code     0  idiv.o(.text)
    __aeabi_idivmod                          0x0800011d   Thumb Code    40  idiv.o(.text)
    __aeabi_uldivmod                         0x08000145   Thumb Code    96  uldiv.o(.text)
    __aeabi_llsl                             0x080001a5   Thumb Code    32  llshl.o(.text)
    _ll_shift_l                              0x080001a5   Thumb Code     0  llshl.o(.text)
    __aeabi_llsr                             0x080001c5   Thumb Code    34  llushr.o(.text)
    _ll_ushift_r                             0x080001c5   Thumb Code     0  llushr.o(.text)
    __scatterload                            0x080001e9   Thumb Code    28  init.o(.text)
    __scatterload_rt2                        0x080001e9   Thumb Code     0  init.o(.text)
    ADC_go                                   0x08000391   Thumb Code    20  adc.o(i.ADC_go)
    DMA1_Channel1_IRQHandler                 0x080003b1   Thumb Code    10  stm32l0xx_it.o(i.DMA1_Channel1_IRQHandler)
    DMA1_Channel2_3_IRQHandler               0x080003c1   Thumb Code    10  stm32l0xx_it.o(i.DMA1_Channel2_3_IRQHandler)
    DMA1_Channel4_5_6_7_IRQHandler           0x080003d1   Thumb Code    16  stm32l0xx_it.o(i.DMA1_Channel4_5_6_7_IRQHandler)
    HAL_ADC_ConfigChannel                    0x08000409   Thumb Code   306  stm32l0xx_hal_adc.o(i.HAL_ADC_ConfigChannel)
    HAL_ADC_ConvCpltCallback                 0x08000551   Thumb Code    16  main.o(i.HAL_ADC_ConvCpltCallback)
    HAL_ADC_ConvHalfCpltCallback             0x08000569   Thumb Code     2  stm32l0xx_hal_adc.o(i.HAL_ADC_ConvHalfCpltCallback)
    HAL_ADC_ErrorCallback                    0x0800056b   Thumb Code     2  stm32l0xx_hal_adc.o(i.HAL_ADC_ErrorCallback)
    HAL_ADC_Init                             0x0800056d   Thumb Code   554  stm32l0xx_hal_adc.o(i.HAL_ADC_Init)
    HAL_ADC_MspInit                          0x080007a1   Thumb Code   118  stm32l0xx_hal_msp.o(i.HAL_ADC_MspInit)
    HAL_ADC_Start_DMA                        0x08000845   Thumb Code   176  stm32l0xx_hal_adc.o(i.HAL_ADC_Start_DMA)
    HAL_DMA_Abort_IT                         0x08000905   Thumb Code   174  stm32l0xx_hal_dma.o(i.HAL_DMA_Abort_IT)
    HAL_DMA_IRQHandler                       0x080009b9   Thumb Code   792  stm32l0xx_hal_dma.o(i.HAL_DMA_IRQHandler)
    HAL_DMA_Init                             0x08000cd5   Thumb Code   390  stm32l0xx_hal_dma.o(i.HAL_DMA_Init)
    HAL_DMA_Start_IT                         0x08000e65   Thumb Code   114  stm32l0xx_hal_dma.o(i.HAL_DMA_Start_IT)
    HAL_Delay                                0x08000ed7   Thumb Code    26  stm32l0xx_hal.o(i.HAL_Delay)
    HAL_GPIO_Init                            0x08000ef1   Thumb Code   472  stm32l0xx_hal_gpio.o(i.HAL_GPIO_Init)
    HAL_GPIO_ReadPin                         0x080010e9   Thumb Code    18  stm32l0xx_hal_gpio.o(i.HAL_GPIO_ReadPin)
    HAL_GPIO_WritePin                        0x080010fb   Thumb Code    12  stm32l0xx_hal_gpio.o(i.HAL_GPIO_WritePin)
    HAL_GetTick                              0x08001109   Thumb Code     6  stm32l0xx_hal.o(i.HAL_GetTick)
    HAL_I2CEx_ConfigAnalogFilter             0x08001115   Thumb Code   110  stm32l0xx_hal_i2c_ex.o(i.HAL_I2CEx_ConfigAnalogFilter)
    HAL_I2CEx_ConfigDigitalFilter            0x08001183   Thumb Code   114  stm32l0xx_hal_i2c_ex.o(i.HAL_I2CEx_ConfigDigitalFilter)
    HAL_I2C_AbortCpltCallback                0x080011f5   Thumb Code     2  stm32l0xx_hal_i2c.o(i.HAL_I2C_AbortCpltCallback)
    HAL_I2C_AddrCallback                     0x080011f7   Thumb Code     2  stm32l0xx_hal_i2c.o(i.HAL_I2C_AddrCallback)
    HAL_I2C_ER_IRQHandler                    0x080011f9   Thumb Code   128  stm32l0xx_hal_i2c.o(i.HAL_I2C_ER_IRQHandler)
    HAL_I2C_EV_IRQHandler                    0x08001279   Thumb Code    30  stm32l0xx_hal_i2c.o(i.HAL_I2C_EV_IRQHandler)
    HAL_I2C_ErrorCallback                    0x08001297   Thumb Code     2  stm32l0xx_hal_i2c.o(i.HAL_I2C_ErrorCallback)
    HAL_I2C_Init                             0x08001299   Thumb Code   208  stm32l0xx_hal_i2c.o(i.HAL_I2C_Init)
    HAL_I2C_ListenCpltCallback               0x0800136d   Thumb Code     2  stm32l0xx_hal_i2c.o(i.HAL_I2C_ListenCpltCallback)
    HAL_I2C_MasterRxCpltCallback             0x08001371   Thumb Code    16  main.o(i.HAL_I2C_MasterRxCpltCallback)
    HAL_I2C_MasterTxCpltCallback             0x08001389   Thumb Code     2  stm32l0xx_hal_i2c.o(i.HAL_I2C_MasterTxCpltCallback)
    HAL_I2C_Master_Receive_IT                0x0800138d   Thumb Code   162  stm32l0xx_hal_i2c.o(i.HAL_I2C_Master_Receive_IT)
    HAL_I2C_Master_Transmit                  0x0800143d   Thumb Code   374  stm32l0xx_hal_i2c.o(i.HAL_I2C_Master_Transmit)
    HAL_I2C_MemRxCpltCallback                0x080015bd   Thumb Code    16  main.o(i.HAL_I2C_MemRxCpltCallback)
    HAL_I2C_MemTxCpltCallback                0x080015d5   Thumb Code     2  stm32l0xx_hal_i2c.o(i.HAL_I2C_MemTxCpltCallback)
    HAL_I2C_Mem_Read_IT                      0x080015d9   Thumb Code   244  stm32l0xx_hal_i2c.o(i.HAL_I2C_Mem_Read_IT)
    HAL_I2C_MspInit                          0x080016d9   Thumb Code   146  stm32l0xx_hal_msp.o(i.HAL_I2C_MspInit)
    HAL_I2C_SlaveRxCpltCallback              0x0800177d   Thumb Code     2  stm32l0xx_hal_i2c.o(i.HAL_I2C_SlaveRxCpltCallback)
    HAL_I2C_SlaveTxCpltCallback              0x0800177f   Thumb Code     2  stm32l0xx_hal_i2c.o(i.HAL_I2C_SlaveTxCpltCallback)
    HAL_IncTick                              0x08001781   Thumb Code    12  stm32l0xx_hal.o(i.HAL_IncTick)
    HAL_Init                                 0x08001791   Thumb Code    28  stm32l0xx_hal.o(i.HAL_Init)
    HAL_InitTick                             0x080017b1   Thumb Code    36  stm32l0xx_hal.o(i.HAL_InitTick)
    HAL_MspInit                              0x080017d9   Thumb Code    58  stm32l0xx_hal_msp.o(i.HAL_MspInit)
    HAL_NVIC_EnableIRQ                       0x08001819   Thumb Code    18  stm32l0xx_hal_cortex.o(i.HAL_NVIC_EnableIRQ)
    HAL_NVIC_SetPriority                     0x08001831   Thumb Code    18  stm32l0xx_hal_cortex.o(i.HAL_NVIC_SetPriority)
    HAL_RCCEx_GetPeriphCLKFreq               0x08001845   Thumb Code   866  stm32l0xx_hal_rcc_ex.o(i.HAL_RCCEx_GetPeriphCLKFreq)
    HAL_RCCEx_PeriphCLKConfig                0x08001bd5   Thumb Code   672  stm32l0xx_hal_rcc_ex.o(i.HAL_RCCEx_PeriphCLKConfig)
    HAL_RCC_ClockConfig                      0x08001e81   Thumb Code   482  stm32l0xx_hal_rcc.o(i.HAL_RCC_ClockConfig)
    HAL_RCC_GetHCLKFreq                      0x08002079   Thumb Code     6  stm32l0xx_hal_rcc.o(i.HAL_RCC_GetHCLKFreq)
    HAL_RCC_GetPCLK1Freq                     0x08002085   Thumb Code    26  stm32l0xx_hal_rcc.o(i.HAL_RCC_GetPCLK1Freq)
    HAL_RCC_GetPCLK2Freq                     0x080020a9   Thumb Code    26  stm32l0xx_hal_rcc.o(i.HAL_RCC_GetPCLK2Freq)
    HAL_RCC_GetSysClockFreq                  0x080020cd   Thumb Code   206  stm32l0xx_hal_rcc.o(i.HAL_RCC_GetSysClockFreq)
    HAL_RCC_OscConfig                        0x080021b1   Thumb Code  1732  stm32l0xx_hal_rcc.o(i.HAL_RCC_OscConfig)
    HAL_RS485Ex_Init                         0x08002885   Thumb Code   156  stm32l0xx_hal_uart_ex.o(i.HAL_RS485Ex_Init)
    HAL_SPI_Init                             0x08002925   Thumb Code   142  stm32l0xx_hal_spi.o(i.HAL_SPI_Init)
    HAL_SPI_MspInit                          0x080029b5   Thumb Code    60  stm32l0xx_hal_msp.o(i.HAL_SPI_MspInit)
    HAL_SPI_Transmit                         0x080029fd   Thumb Code   474  stm32l0xx_hal_spi.o(i.HAL_SPI_Transmit)
    HAL_SYSTICK_CLKSourceConfig              0x08002bd9   Thumb Code    32  stm32l0xx_hal_cortex.o(i.HAL_SYSTICK_CLKSourceConfig)
    HAL_SYSTICK_Callback                     0x08002bfd   Thumb Code   434  main.o(i.HAL_SYSTICK_Callback)
    HAL_SYSTICK_Config                       0x08002dd9   Thumb Code    46  stm32l0xx_hal_cortex.o(i.HAL_SYSTICK_Config)
    HAL_SYSTICK_IRQHandler                   0x08002e11   Thumb Code     8  stm32l0xx_hal_cortex.o(i.HAL_SYSTICK_IRQHandler)
    HAL_TIMEx_MasterConfigSynchronization    0x08002e19   Thumb Code    98  stm32l0xx_hal_tim_ex.o(i.HAL_TIMEx_MasterConfigSynchronization)
    HAL_TIMEx_RemapConfig                    0x08002e7b   Thumb Code    46  stm32l0xx_hal_tim_ex.o(i.HAL_TIMEx_RemapConfig)
    HAL_TIM_Base_Init                        0x08002ea9   Thumb Code    56  stm32l0xx_hal_tim.o(i.HAL_TIM_Base_Init)
    HAL_TIM_Base_MspInit                     0x08002ee1   Thumb Code    22  stm32l0xx_hal_msp.o(i.HAL_TIM_Base_MspInit)
    HAL_TIM_ConfigClockSource                0x08002f01   Thumb Code   318  stm32l0xx_hal_tim.o(i.HAL_TIM_ConfigClockSource)
    HAL_TIM_MspPostInit                      0x08003041   Thumb Code    68  stm32l0xx_hal_msp.o(i.HAL_TIM_MspPostInit)
    HAL_TIM_PWM_ConfigChannel                0x08003091   Thumb Code   274  stm32l0xx_hal_tim.o(i.HAL_TIM_PWM_ConfigChannel)
    HAL_TIM_PWM_Init                         0x080031a3   Thumb Code    56  stm32l0xx_hal_tim.o(i.HAL_TIM_PWM_Init)
    HAL_TIM_PWM_MspInit                      0x080031db   Thumb Code     2  stm32l0xx_hal_tim.o(i.HAL_TIM_PWM_MspInit)
    HAL_TIM_PWM_Start                        0x080031dd   Thumb Code    32  stm32l0xx_hal_tim.o(i.HAL_TIM_PWM_Start)
    HAL_UARTEx_WakeupCallback                0x080031fd   Thumb Code     2  stm32l0xx_hal_uart_ex.o(i.HAL_UARTEx_WakeupCallback)
    HAL_UART_ErrorCallback                   0x080031ff   Thumb Code     2  stm32l0xx_hal_uart.o(i.HAL_UART_ErrorCallback)
    HAL_UART_IRQHandler                      0x08003201   Thumb Code   444  stm32l0xx_hal_uart.o(i.HAL_UART_IRQHandler)
    HAL_UART_Init                            0x080033c1   Thumb Code   130  stm32l0xx_hal_uart.o(i.HAL_UART_Init)
    HAL_UART_MspInit                         0x08003445   Thumb Code   410  stm32l0xx_hal_msp.o(i.HAL_UART_MspInit)
    HAL_UART_Receive_DMA                     0x08003625   Thumb Code   190  stm32l0xx_hal_uart.o(i.HAL_UART_Receive_DMA)
    HAL_UART_Receive_IT                      0x080036f1   Thumb Code   230  stm32l0xx_hal_uart.o(i.HAL_UART_Receive_IT)
    HAL_UART_RxCpltCallback                  0x080037dd   Thumb Code   176  main.o(i.HAL_UART_RxCpltCallback)
    HAL_UART_RxHalfCpltCallback              0x080038b1   Thumb Code     2  stm32l0xx_hal_uart.o(i.HAL_UART_RxHalfCpltCallback)
    HAL_UART_Transmit                        0x080038b3   Thumb Code   240  stm32l0xx_hal_uart.o(i.HAL_UART_Transmit)
    HAL_UART_Transmit_DMA                    0x080039a5   Thumb Code   174  stm32l0xx_hal_uart.o(i.HAL_UART_Transmit_DMA)
    HAL_UART_TxCpltCallback                  0x08003a61   Thumb Code    50  main.o(i.HAL_UART_TxCpltCallback)
    HAL_UART_TxHalfCpltCallback              0x08003aa9   Thumb Code     2  stm32l0xx_hal_uart.o(i.HAL_UART_TxHalfCpltCallback)
    HardFault_Handler                        0x08003aad   Thumb Code    60  stm32l0xx_it.o(i.HardFault_Handler)
    I2C1_IRQHandler                          0x08003af1   Thumb Code    34  stm32l0xx_it.o(i.I2C1_IRQHandler)
    I2C2_IRQHandler                          0x08003b19   Thumb Code    34  stm32l0xx_it.o(i.I2C2_IRQHandler)
    NMI_Handler                              0x0800505d   Thumb Code     2  stm32l0xx_it.o(i.NMI_Handler)
    PendSV_Handler                           0x080050d9   Thumb Code     2  stm32l0xx_it.o(i.PendSV_Handler)
    SVC_Handler                              0x0800528d   Thumb Code     2  stm32l0xx_it.o(i.SVC_Handler)
    SysTick_Handler                          0x0800528f   Thumb Code    12  stm32l0xx_it.o(i.SysTick_Handler)
    SystemClock_Config                       0x0800529d   Thumb Code   180  main.o(i.SystemClock_Config)
    SystemInit                               0x08005369   Thumb Code    88  system_stm32l0xx.o(i.SystemInit)
    UART_AdvFeatureConfig                    0x0800562f   Thumb Code   240  stm32l0xx_hal_uart.o(i.UART_AdvFeatureConfig)
    UART_CheckIdleState                      0x08005721   Thumb Code   112  stm32l0xx_hal_uart.o(i.UART_CheckIdleState)
    UART_SetConfig                           0x0800598d   Thumb Code   954  stm32l0xx_hal_uart.o(i.UART_SetConfig)
    UART_WaitOnFlagUntilTimeout              0x08005def   Thumb Code   112  stm32l0xx_hal_uart.o(i.UART_WaitOnFlagUntilTimeout)
    USART1_IRQHandler                        0x08005e61   Thumb Code    10  stm32l0xx_it.o(i.USART1_IRQHandler)
    USART2_IRQHandler                        0x08005e71   Thumb Code    10  stm32l0xx_it.o(i.USART2_IRQHandler)
    USART4_5_IRQHandler                      0x08005e81   Thumb Code    10  stm32l0xx_it.o(i.USART4_5_IRQHandler)
    _Error_Handler                           0x08005e91   Thumb Code     4  main.o(i._Error_Handler)
    __ARM_common_ll_muluu                    0x08005e95   Thumb Code    48  stm32l0xx_hal_uart.o(i.__ARM_common_ll_muluu)
    __scatterload_copy                       0x08005ec5   Thumb Code    14  handlers.o(i.__scatterload_copy)
    __scatterload_null                       0x08005ed3   Thumb Code     2  handlers.o(i.__scatterload_null)
    __scatterload_zeroinit                   0x08005ed5   Thumb Code    14  handlers.o(i.__scatterload_zeroinit)
    after_thawing_stage                      0x08005ee5   Thumb Code    66  progress.o(i.after_thawing_stage)
    build_and_send_message_to_som            0x08005f35   Thumb Code   550  host_to_comm.o(i.build_and_send_message_to_som)
    calc_pid                                 0x08006175   Thumb Code   508  pid.o(i.calc_pid)
    calculate_crc8                           0x080063a5   Thumb Code    30  miscel.o(i.calculate_crc8)
    calib_adc                                0x080063c9   Thumb Code     8  adc.o(i.calib_adc)
    errors_top                               0x080063d9   Thumb Code     2  error.o(i.errors_top)
    filter_ntcs                              0x080063dd   Thumb Code   318  adc.o(i.filter_ntcs)
    get_board_temperature                    0x0800652d   Thumb Code    42  board_temp.o(i.get_board_temperature)
    get_door_state                           0x08006565   Thumb Code    18  discreets.o(i.get_door_state)
    get_from_som_message_header_values       0x08006581   Thumb Code   276  host_from_comm.o(i.get_from_som_message_header_values)
    get_ir_temperature                       0x080066ad   Thumb Code    30  ir_temp.o(i.get_ir_temperature)
    get_motor_index                          0x080066d9   Thumb Code    18  discreets.o(i.get_motor_index)
    get_rfid_temperature                     0x080066f5   Thumb Code    54  rfid.o(i.get_rfid_temperature)
    get_som_comm_address                     0x08006745   Thumb Code    68  discreets.o(i.get_som_comm_address)
    init                                     0x0800678d   Thumb Code    34  init.o(i.init)
    init_L6470                               0x080067b9   Thumb Code   478  motor.o(i.init_L6470)
    init_heating_pwm                         0x08006999   Thumb Code    58  init.o(i.init_heating_pwm)
    init_receiving_from_som                  0x080069dd   Thumb Code    34  init.o(i.init_receiving_from_som)
    init_rgb_leds                            0x08006a19   Thumb Code    42  init.o(i.init_rgb_leds)
    interpret_ir_temperature                 0x08006a49   Thumb Code    42  ir_temp.o(i.interpret_ir_temperature)
    interpret_pcb_temperature                0x08006a81   Thumb Code    40  board_temp.o(i.interpret_pcb_temperature)
    main                                     0x08006aad   Thumb Code   976  main.o(i.main)
    ntc_resistance_to_temp                   0x08006ed1   Thumb Code   126  adc.o(i.ntc_resistance_to_temp)
    resistance_to_weight                     0x08006f59   Thumb Code     6  adc.o(i.resistance_to_weight)
    rfid_temp_ascii_to_int                   0x08006f61   Thumb Code    78  rfid.o(i.rfid_temp_ascii_to_int)
    rgb_leds                                 0x08006fbd   Thumb Code   116  discreets.o(i.rgb_leds)
    serve_agitation_and_heater_opcode        0x08007039   Thumb Code     2  commserv.o(i.serve_agitation_and_heater_opcode)
    serve_host_comm                          0x0800703d   Thumb Code    50  host_from_comm.o(i.serve_host_comm)
    serve_led_buzzer_opcode                  0x0800707d   Thumb Code    62  commserv.o(i.serve_led_buzzer_opcode)
    serve_opcode                             0x080070cd   Thumb Code    52  commserv.o(i.serve_opcode)
    serve_start_stop_thawing_opcode          0x08007105   Thumb Code    46  commserv.o(i.serve_start_stop_thawing_opcode)
    serve_technician_opcode                  0x0800713d   Thumb Code    52  commserv.o(i.serve_technician_opcode)
    stage_and_rpogress                       0x08007179   Thumb Code    56  progress.o(i.stage_and_rpogress)
    standby_stage                            0x080071b5   Thumb Code     2  progress.o(i.standby_stage)
    temp_to_percent                          0x080071b9   Thumb Code    76  progress.o(i.temp_to_percent)
    thawing_stage                            0x0800721d   Thumb Code    44  progress.o(i.thawing_stage)
    translate_adc                            0x0800724d   Thumb Code   416  adc.o(i.translate_adc)
    update_agitation_motor_register          0x08007409   Thumb Code    92  motor.o(i.update_agitation_motor_register)
    update_agitation_motor_speed             0x08007471   Thumb Code    74  motor.o(i.update_agitation_motor_speed)
    update_heaters_power                     0x080074c9   Thumb Code   162  heater.o(i.update_heaters_power)
    ntc_table                                0x08007584   Data         364  adc.o(.constdata)
    crc8_Table                               0x080076f0   Data         256  miscel.o(.constdata)
    L6470_spi_arg_len                        0x080077f0   Data          32  motor.o(.constdata)
    AHBPrescTable                            0x08007810   Data          16  system_stm32l0xx.o(.constdata)
    APBPrescTable                            0x08007820   Data           8  system_stm32l0xx.o(.constdata)
    PLLMulTable                              0x08007828   Data           9  system_stm32l0xx.o(.constdata)
    Region$$Table$$Base                      0x08007834   Number         0  anon$$obj.o(Region$$Table)
    Region$$Table$$Limit                     0x08007854   Number         0  anon$$obj.o(Region$$Table)
    i11                                      0x20000004   Data           4  adc.o(.data)
    from_som_data_start_index                0x2000000c   Data           2  host_from_comm.o(.data)
    comm_err_array_index                     0x2000000e   Data           1  host_from_comm.o(.data)
    debug_sdlfjh83345                        0x20000010   Data           4  host_to_comm.o(.data)
    motor1092                                0x2000001a   Data           2  motor.o(.data)
    dummy                                    0x20000054   Data           2  rfid.o(.data)
    rfid_task                                0x20000056   Data           2  rfid.o(.data)
    debug_var0                               0x20000058   Data           2  main.o(.data)
    adc_conversion_callback                  0x2000005a   Data           2  main.o(.data)
    ir_conversion_callback                   0x2000005c   Data           2  main.o(.data)
    pcb_temperature_callback                 0x2000005e   Data           2  main.o(.data)
    after_thawing_time                       0x20000060   Data           2  main.o(.data)
    main_loop_tasks                          0x20000064   Data           4  main.o(.data)
    safety_error                             0x20000068   Data           2  main.o(.data)
    rfid_count                               0x2000006a   Data           2  main.o(.data)
    from_rfid_string                         0x2000006c   Data          40  main.o(.data)
    pcb_temperature_string                   0x20000094   Data           2  main.o(.data)
    no_somm_message_timer                    0x20000096   Data           2  main.o(.data)
    motor_index_timer                        0x20000098   Data           2  main.o(.data)
    delay_var0                               0x2000009a   Data           2  main.o(.data)
    timer_20mS_period                        0x2000009c   Data           2  main.o(.data)
    timer_100mS_period                       0x2000009e   Data           2  main.o(.data)
    timer_1S_period                          0x200000a0   Data           2  main.o(.data)
    one_second_passed_bits                   0x200000a2   Data           2  main.o(.data)
    uwTick                                   0x200000a8   Data           4  stm32l0xx_hal.o(.data)
    SystemCoreClock                          0x200000ac   Data           4  system_stm32l0xx.o(.data)
    adc_raw_results                          0x200000b0   Data          32  adc.o(.bss)
    som_rx_buffer                            0x20000110   Data         135  host_from_comm.o(.bss)
    comm_err_array                           0x20000197   Data         100  host_from_comm.o(.bss)
    som_tx_buffer                            0x200001fb   Data         140  host_to_comm.o(.bss)
    system_state                             0x20000328   Data          60  main.o(.bss)
    from_som_message_state                   0x20000364   Data          10  main.o(.bss)
    hadc                                     0x20000370   Data          96  main.o(.bss)
    hdma_adc                                 0x200003d0   Data          64  main.o(.bss)
    hi2c1                                    0x20000410   Data          76  main.o(.bss)
    hi2c2                                    0x2000045c   Data          76  main.o(.bss)
    hspi1                                    0x200004a8   Data          88  main.o(.bss)
    htim3                                    0x20000500   Data          56  main.o(.bss)
    huart1                                   0x20000538   Data         112  main.o(.bss)
    huart2                                   0x200005a8   Data         112  main.o(.bss)
    huart4                                   0x20000618   Data         112  main.o(.bss)
    hdma_usart1_tx                           0x20000688   Data          64  main.o(.bss)
    hdma_usart2_rx                           0x200006c8   Data          64  main.o(.bss)
    hdma_usart2_tx                           0x20000708   Data          64  main.o(.bss)
    PWM_timer2_OC_params                     0x20000748   Data          16  main.o(.bss)
    PWM_timer3_OC_params                     0x20000758   Data          16  main.o(.bss)
    uart_tx_callback                         0x20000768   Data          10  main.o(.bss)
    uart_rx_callback                         0x20000772   Data          10  main.o(.bss)
    __initial_sp                             0x20000b80   Data           0  startup_stm32l073xx.o(STACK)



==============================================================================

Memory Map of the image

  Image Entry point : 0x080000c1

  Load Region LR_IROM1 (Base: 0x08000000, Size: 0x00007904, Max: 0x00030000, ABSOLUTE)

    Execution Region ER_IROM1 (Exec base: 0x08000000, Load base: 0x08000000, Size: 0x00007854, Max: 0x00030000, ABSOLUTE)

    Exec Addr    Load Addr    Size         Type   Attr      Idx    E Section Name        Object

    0x08000000   0x08000000   0x000000c0   Data   RO            3    RESET               startup_stm32l073xx.o
    0x080000c0   0x080000c0   0x00000000   Code   RO         4221  * .ARM.Collect$$$$00000000  mc_p.l(entry.o)
    0x080000c0   0x080000c0   0x00000004   Code   RO         4240    .ARM.Collect$$$$00000001  mc_p.l(entry2.o)
    0x080000c4   0x080000c4   0x00000004   Code   RO         4243    .ARM.Collect$$$$00000004  mc_p.l(entry5.o)
    0x080000c8   0x080000c8   0x00000000   Code   RO         4245    .ARM.Collect$$$$00000008  mc_p.l(entry7b.o)
    0x080000c8   0x080000c8   0x00000000   Code   RO         4247    .ARM.Collect$$$$0000000A  mc_p.l(entry8b.o)
    0x080000c8   0x080000c8   0x00000008   Code   RO         4248    .ARM.Collect$$$$0000000B  mc_p.l(entry9a.o)
    0x080000d0   0x080000d0   0x00000000   Code   RO         4250    .ARM.Collect$$$$0000000D  mc_p.l(entry10a.o)
    0x080000d0   0x080000d0   0x00000000   Code   RO         4252    .ARM.Collect$$$$0000000F  mc_p.l(entry11a.o)
    0x080000d0   0x080000d0   0x00000004   Code   RO         4241    .ARM.Collect$$$$00002712  mc_p.l(entry2.o)
    0x080000d4   0x080000d4   0x0000001c   Code   RO            4    .text               startup_stm32l073xx.o
    0x080000f0   0x080000f0   0x0000002c   Code   RO         4224    .text               mc_p.l(uidiv.o)
    0x0800011c   0x0800011c   0x00000028   Code   RO         4226    .text               mc_p.l(idiv.o)
    0x08000144   0x08000144   0x00000060   Code   RO         4228    .text               mc_p.l(uldiv.o)
    0x080001a4   0x080001a4   0x00000020   Code   RO         4254    .text               mc_p.l(llshl.o)
    0x080001c4   0x080001c4   0x00000022   Code   RO         4256    .text               mc_p.l(llushr.o)
    0x080001e6   0x080001e6   0x00000002   PAD
    0x080001e8   0x080001e8   0x00000024   Code   RO         4258    .text               mc_p.l(init.o)
    0x0800020c   0x0800020c   0x00000086   Code   RO         1043    i.ADC_DMAConvCplt   stm32l0xx_hal_adc.o
    0x08000292   0x08000292   0x0000001e   Code   RO         1044    i.ADC_DMAError      stm32l0xx_hal_adc.o
    0x080002b0   0x080002b0   0x0000000e   Code   RO         1045    i.ADC_DMAHalfConvCplt  stm32l0xx_hal_adc.o
    0x080002be   0x080002be   0x00000002   PAD
    0x080002c0   0x080002c0   0x0000002c   Code   RO         1046    i.ADC_DelayMicroSecond  stm32l0xx_hal_adc.o
    0x080002ec   0x080002ec   0x000000a4   Code   RO         1048    i.ADC_Enable        stm32l0xx_hal_adc.o
    0x08000390   0x08000390   0x00000020   Code   RO           12    i.ADC_go            adc.o
    0x080003b0   0x080003b0   0x00000010   Code   RO          859    i.DMA1_Channel1_IRQHandler  stm32l0xx_it.o
    0x080003c0   0x080003c0   0x00000010   Code   RO          860    i.DMA1_Channel2_3_IRQHandler  stm32l0xx_it.o
    0x080003d0   0x080003d0   0x00000018   Code   RO          861    i.DMA1_Channel4_5_6_7_IRQHandler  stm32l0xx_it.o
    0x080003e8   0x080003e8   0x00000020   Code   RO         3839    i.DMA_SetConfig     stm32l0xx_hal_dma.o
    0x08000408   0x08000408   0x00000148   Code   RO         1050    i.HAL_ADC_ConfigChannel  stm32l0xx_hal_adc.o
    0x08000550   0x08000550   0x00000018   Code   RO          733    i.HAL_ADC_ConvCpltCallback  main.o
    0x08000568   0x08000568   0x00000002   Code   RO         1052    i.HAL_ADC_ConvHalfCpltCallback  stm32l0xx_hal_adc.o
    0x0800056a   0x0800056a   0x00000002   Code   RO         1054    i.HAL_ADC_ErrorCallback  stm32l0xx_hal_adc.o
    0x0800056c   0x0800056c   0x00000234   Code   RO         1059    i.HAL_ADC_Init      stm32l0xx_hal_adc.o
    0x080007a0   0x080007a0   0x000000a4   Code   RO          956    i.HAL_ADC_MspInit   stm32l0xx_hal_msp.o
    0x08000844   0x08000844   0x000000c0   Code   RO         1066    i.HAL_ADC_Start_DMA  stm32l0xx_hal_adc.o
    0x08000904   0x08000904   0x000000b4   Code   RO         3841    i.HAL_DMA_Abort_IT  stm32l0xx_hal_dma.o
    0x080009b8   0x080009b8   0x0000031c   Code   RO         3845    i.HAL_DMA_IRQHandler  stm32l0xx_hal_dma.o
    0x08000cd4   0x08000cd4   0x00000190   Code   RO         3846    i.HAL_DMA_Init      stm32l0xx_hal_dma.o
    0x08000e64   0x08000e64   0x00000072   Code   RO         3849    i.HAL_DMA_Start_IT  stm32l0xx_hal_dma.o
    0x08000ed6   0x08000ed6   0x0000001a   Code   RO         3074    i.HAL_Delay         stm32l0xx_hal.o
    0x08000ef0   0x08000ef0   0x000001f8   Code   RO         3780    i.HAL_GPIO_Init     stm32l0xx_hal_gpio.o
    0x080010e8   0x080010e8   0x00000012   Code   RO         3782    i.HAL_GPIO_ReadPin  stm32l0xx_hal_gpio.o
    0x080010fa   0x080010fa   0x0000000c   Code   RO         3784    i.HAL_GPIO_WritePin  stm32l0xx_hal_gpio.o
    0x08001106   0x08001106   0x00000002   PAD
    0x08001108   0x08001108   0x0000000c   Code   RO         3078    i.HAL_GetTick       stm32l0xx_hal.o
    0x08001114   0x08001114   0x0000006e   Code   RO         1703    i.HAL_I2CEx_ConfigAnalogFilter  stm32l0xx_hal_i2c_ex.o
    0x08001182   0x08001182   0x00000072   Code   RO         1704    i.HAL_I2CEx_ConfigDigitalFilter  stm32l0xx_hal_i2c_ex.o
    0x080011f4   0x080011f4   0x00000002   Code   RO         1279    i.HAL_I2C_AbortCpltCallback  stm32l0xx_hal_i2c.o
    0x080011f6   0x080011f6   0x00000002   Code   RO         1280    i.HAL_I2C_AddrCallback  stm32l0xx_hal_i2c.o
    0x080011f8   0x080011f8   0x00000080   Code   RO         1283    i.HAL_I2C_ER_IRQHandler  stm32l0xx_hal_i2c.o
    0x08001278   0x08001278   0x0000001e   Code   RO         1284    i.HAL_I2C_EV_IRQHandler  stm32l0xx_hal_i2c.o
    0x08001296   0x08001296   0x00000002   Code   RO         1286    i.HAL_I2C_ErrorCallback  stm32l0xx_hal_i2c.o
    0x08001298   0x08001298   0x000000d4   Code   RO         1290    i.HAL_I2C_Init      stm32l0xx_hal_i2c.o
    0x0800136c   0x0800136c   0x00000002   Code   RO         1292    i.HAL_I2C_ListenCpltCallback  stm32l0xx_hal_i2c.o
    0x0800136e   0x0800136e   0x00000002   PAD
    0x08001370   0x08001370   0x00000018   Code   RO          734    i.HAL_I2C_MasterRxCpltCallback  main.o
    0x08001388   0x08001388   0x00000002   Code   RO         1294    i.HAL_I2C_MasterTxCpltCallback  stm32l0xx_hal_i2c.o
    0x0800138a   0x0800138a   0x00000002   PAD
    0x0800138c   0x0800138c   0x000000b0   Code   RO         1298    i.HAL_I2C_Master_Receive_IT  stm32l0xx_hal_i2c.o
    0x0800143c   0x0800143c   0x00000180   Code   RO         1301    i.HAL_I2C_Master_Transmit  stm32l0xx_hal_i2c.o
    0x080015bc   0x080015bc   0x00000018   Code   RO          735    i.HAL_I2C_MemRxCpltCallback  main.o
    0x080015d4   0x080015d4   0x00000002   Code   RO         1305    i.HAL_I2C_MemTxCpltCallback  stm32l0xx_hal_i2c.o
    0x080015d6   0x080015d6   0x00000002   PAD
    0x080015d8   0x080015d8   0x00000100   Code   RO         1308    i.HAL_I2C_Mem_Read_IT  stm32l0xx_hal_i2c.o
    0x080016d8   0x080016d8   0x000000a4   Code   RO          958    i.HAL_I2C_MspInit   stm32l0xx_hal_msp.o
    0x0800177c   0x0800177c   0x00000002   Code   RO         1314    i.HAL_I2C_SlaveRxCpltCallback  stm32l0xx_hal_i2c.o
    0x0800177e   0x0800177e   0x00000002   Code   RO         1315    i.HAL_I2C_SlaveTxCpltCallback  stm32l0xx_hal_i2c.o
    0x08001780   0x08001780   0x00000010   Code   RO         3079    i.HAL_IncTick       stm32l0xx_hal.o
    0x08001790   0x08001790   0x00000020   Code   RO         3080    i.HAL_Init          stm32l0xx_hal.o
    0x080017b0   0x080017b0   0x00000028   Code   RO         3081    i.HAL_InitTick      stm32l0xx_hal.o
    0x080017d8   0x080017d8   0x00000040   Code   RO          959    i.HAL_MspInit       stm32l0xx_hal_msp.o
    0x08001818   0x08001818   0x00000018   Code   RO         4093    i.HAL_NVIC_EnableIRQ  stm32l0xx_hal_cortex.o
    0x08001830   0x08001830   0x00000012   Code   RO         4097    i.HAL_NVIC_SetPriority  stm32l0xx_hal_cortex.o
    0x08001842   0x08001842   0x00000002   PAD
    0x08001844   0x08001844   0x00000390   Code   RO         3344    i.HAL_RCCEx_GetPeriphCLKFreq  stm32l0xx_hal_rcc_ex.o
    0x08001bd4   0x08001bd4   0x000002ac   Code   RO         3347    i.HAL_RCCEx_PeriphCLKConfig  stm32l0xx_hal_rcc_ex.o
    0x08001e80   0x08001e80   0x000001f8   Code   RO         3233    i.HAL_RCC_ClockConfig  stm32l0xx_hal_rcc.o
    0x08002078   0x08002078   0x0000000c   Code   RO         3237    i.HAL_RCC_GetHCLKFreq  stm32l0xx_hal_rcc.o
    0x08002084   0x08002084   0x00000024   Code   RO         3239    i.HAL_RCC_GetPCLK1Freq  stm32l0xx_hal_rcc.o
    0x080020a8   0x080020a8   0x00000024   Code   RO         3240    i.HAL_RCC_GetPCLK2Freq  stm32l0xx_hal_rcc.o
    0x080020cc   0x080020cc   0x000000e4   Code   RO         3241    i.HAL_RCC_GetSysClockFreq  stm32l0xx_hal_rcc.o
    0x080021b0   0x080021b0   0x000006d4   Code   RO         3244    i.HAL_RCC_OscConfig  stm32l0xx_hal_rcc.o
    0x08002884   0x08002884   0x000000a0   Code   RO         2999    i.HAL_RS485Ex_Init  stm32l0xx_hal_uart_ex.o
    0x08002924   0x08002924   0x0000008e   Code   RO         1761    i.HAL_SPI_Init      stm32l0xx_hal_spi.o
    0x080029b2   0x080029b2   0x00000002   PAD
    0x080029b4   0x080029b4   0x00000048   Code   RO          961    i.HAL_SPI_MspInit   stm32l0xx_hal_msp.o
    0x080029fc   0x080029fc   0x000001da   Code   RO         1769    i.HAL_SPI_Transmit  stm32l0xx_hal_spi.o
    0x08002bd6   0x08002bd6   0x00000002   PAD
    0x08002bd8   0x08002bd8   0x00000024   Code   RO         4099    i.HAL_SYSTICK_CLKSourceConfig  stm32l0xx_hal_cortex.o
    0x08002bfc   0x08002bfc   0x000001dc   Code   RO          736    i.HAL_SYSTICK_Callback  main.o
    0x08002dd8   0x08002dd8   0x00000038   Code   RO         4101    i.HAL_SYSTICK_Config  stm32l0xx_hal_cortex.o
    0x08002e10   0x08002e10   0x00000008   Code   RO         4102    i.HAL_SYSTICK_IRQHandler  stm32l0xx_hal_cortex.o
    0x08002e18   0x08002e18   0x00000062   Code   RO         2623    i.HAL_TIMEx_MasterConfigSynchronization  stm32l0xx_hal_tim_ex.o
    0x08002e7a   0x08002e7a   0x0000002e   Code   RO         2624    i.HAL_TIMEx_RemapConfig  stm32l0xx_hal_tim_ex.o
    0x08002ea8   0x08002ea8   0x00000038   Code   RO         1990    i.HAL_TIM_Base_Init  stm32l0xx_hal_tim.o
    0x08002ee0   0x08002ee0   0x00000020   Code   RO          963    i.HAL_TIM_Base_MspInit  stm32l0xx_hal_msp.o
    0x08002f00   0x08002f00   0x0000013e   Code   RO         1999    i.HAL_TIM_ConfigClockSource  stm32l0xx_hal_tim.o
    0x0800303e   0x0800303e   0x00000002   PAD
    0x08003040   0x08003040   0x00000050   Code   RO          964    i.HAL_TIM_MspPostInit  stm32l0xx_hal_msp.o
    0x08003090   0x08003090   0x00000112   Code   RO         2056    i.HAL_TIM_PWM_ConfigChannel  stm32l0xx_hal_tim.o
    0x080031a2   0x080031a2   0x00000038   Code   RO         2059    i.HAL_TIM_PWM_Init  stm32l0xx_hal_tim.o
    0x080031da   0x080031da   0x00000002   Code   RO         2061    i.HAL_TIM_PWM_MspInit  stm32l0xx_hal_tim.o
    0x080031dc   0x080031dc   0x00000020   Code   RO         2063    i.HAL_TIM_PWM_Start  stm32l0xx_hal_tim.o
    0x080031fc   0x080031fc   0x00000002   Code   RO         3005    i.HAL_UARTEx_WakeupCallback  stm32l0xx_hal_uart_ex.o
    0x080031fe   0x080031fe   0x00000002   Code   RO         2671    i.HAL_UART_ErrorCallback  stm32l0xx_hal_uart.o
    0x08003200   0x08003200   0x000001c0   Code   RO         2674    i.HAL_UART_IRQHandler  stm32l0xx_hal_uart.o
    0x080033c0   0x080033c0   0x00000082   Code   RO         2675    i.HAL_UART_Init     stm32l0xx_hal_uart.o
    0x08003442   0x08003442   0x00000002   PAD
    0x08003444   0x08003444   0x000001e0   Code   RO          966    i.HAL_UART_MspInit  stm32l0xx_hal_msp.o
    0x08003624   0x08003624   0x000000cc   Code   RO         2679    i.HAL_UART_Receive_DMA  stm32l0xx_hal_uart.o
    0x080036f0   0x080036f0   0x000000ec   Code   RO         2680    i.HAL_UART_Receive_IT  stm32l0xx_hal_uart.o
    0x080037dc   0x080037dc   0x000000d4   Code   RO          737    i.HAL_UART_RxCpltCallback  main.o
    0x080038b0   0x080038b0   0x00000002   Code   RO         2682    i.HAL_UART_RxHalfCpltCallback  stm32l0xx_hal_uart.o
    0x080038b2   0x080038b2   0x000000f0   Code   RO         2683    i.HAL_UART_Transmit  stm32l0xx_hal_uart.o
    0x080039a2   0x080039a2   0x00000002   PAD
    0x080039a4   0x080039a4   0x000000bc   Code   RO         2684    i.HAL_UART_Transmit_DMA  stm32l0xx_hal_uart.o
    0x08003a60   0x08003a60   0x00000048   Code   RO          738    i.HAL_UART_TxCpltCallback  main.o
    0x08003aa8   0x08003aa8   0x00000002   Code   RO         2687    i.HAL_UART_TxHalfCpltCallback  stm32l0xx_hal_uart.o
    0x08003aaa   0x08003aaa   0x00000002   PAD
    0x08003aac   0x08003aac   0x00000044   Code   RO          862    i.HardFault_Handler  stm32l0xx_it.o
    0x08003af0   0x08003af0   0x00000028   Code   RO          863    i.I2C1_IRQHandler   stm32l0xx_it.o
    0x08003b18   0x08003b18   0x00000028   Code   RO          864    i.I2C2_IRQHandler   stm32l0xx_it.o
    0x08003b40   0x08003b40   0x0000003c   Code   RO         1324    i.I2C_DMAAbort      stm32l0xx_hal_i2c.o
    0x08003b7c   0x08003b7c   0x0000007e   Code   RO         1330    i.I2C_Disable_IRQ   stm32l0xx_hal_i2c.o
    0x08003bfa   0x08003bfa   0x00000002   PAD
    0x08003bfc   0x08003bfc   0x00000090   Code   RO         1331    i.I2C_Enable_IRQ    stm32l0xx_hal_i2c.o
    0x08003c8c   0x08003c8c   0x00000032   Code   RO         1332    i.I2C_Flush_TXDR    stm32l0xx_hal_i2c.o
    0x08003cbe   0x08003cbe   0x000000d6   Code   RO         1333    i.I2C_ITAddrCplt    stm32l0xx_hal_i2c.o
    0x08003d94   0x08003d94   0x00000118   Code   RO         1334    i.I2C_ITError       stm32l0xx_hal_i2c.o
    0x08003eac   0x08003eac   0x00000074   Code   RO         1335    i.I2C_ITListenCplt  stm32l0xx_hal_i2c.o
    0x08003f20   0x08003f20   0x000000ec   Code   RO         1336    i.I2C_ITMasterCplt  stm32l0xx_hal_i2c.o
    0x0800400c   0x0800400c   0x00000062   Code   RO         1337    i.I2C_ITMasterSequentialCplt  stm32l0xx_hal_i2c.o
    0x0800406e   0x0800406e   0x00000002   PAD
    0x08004070   0x08004070   0x0000013c   Code   RO         1338    i.I2C_ITSlaveCplt   stm32l0xx_hal_i2c.o
    0x080041ac   0x080041ac   0x00000062   Code   RO         1339    i.I2C_ITSlaveSequentialCplt  stm32l0xx_hal_i2c.o
    0x0800420e   0x0800420e   0x00000002   PAD
    0x08004210   0x08004210   0x00000094   Code   RO         1340    i.I2C_IsAcknowledgeFailed  stm32l0xx_hal_i2c.o
    0x080042a4   0x080042a4   0x0000010a   Code   RO         1341    i.I2C_Master_ISR_DMA  stm32l0xx_hal_i2c.o
    0x080043ae   0x080043ae   0x00000002   PAD
    0x080043b0   0x080043b0   0x000001ac   Code   RO         1342    i.I2C_Master_ISR_IT  stm32l0xx_hal_i2c.o
    0x0800455c   0x0800455c   0x00000094   Code   RO         1343    i.I2C_RequestMemoryRead  stm32l0xx_hal_i2c.o
    0x080045f0   0x080045f0   0x0000009e   Code   RO         1345    i.I2C_Slave_ISR_DMA  stm32l0xx_hal_i2c.o
    0x0800468e   0x0800468e   0x00000002   PAD
    0x08004690   0x08004690   0x00000160   Code   RO         1346    i.I2C_Slave_ISR_IT  stm32l0xx_hal_i2c.o
    0x080047f0   0x080047f0   0x00000038   Code   RO         1347    i.I2C_TransferConfig  stm32l0xx_hal_i2c.o
    0x08004828   0x08004828   0x00000052   Code   RO         1348    i.I2C_WaitOnFlagUntilTimeout  stm32l0xx_hal_i2c.o
    0x0800487a   0x0800487a   0x0000005a   Code   RO         1350    i.I2C_WaitOnSTOPFlagUntilTimeout  stm32l0xx_hal_i2c.o
    0x080048d4   0x080048d4   0x00000060   Code   RO         1351    i.I2C_WaitOnTXISFlagUntilTimeout  stm32l0xx_hal_i2c.o
    0x08004934   0x08004934   0x00000170   Code   RO          739    i.MX_ADC_Init       main.o
    0x08004aa4   0x08004aa4   0x00000054   Code   RO          740    i.MX_DMA_Init       main.o
    0x08004af8   0x08004af8   0x000001d4   Code   RO          741    i.MX_GPIO_Init      main.o
    0x08004ccc   0x08004ccc   0x00000080   Code   RO          742    i.MX_I2C1_Init      main.o
    0x08004d4c   0x08004d4c   0x00000080   Code   RO          743    i.MX_I2C2_Init      main.o
    0x08004dcc   0x08004dcc   0x00000060   Code   RO          744    i.MX_SPI1_Init      main.o
    0x08004e2c   0x08004e2c   0x00000118   Code   RO          745    i.MX_TIM3_Init      main.o
    0x08004f44   0x08004f44   0x0000005c   Code   RO          746    i.MX_USART1_UART_Init  main.o
    0x08004fa0   0x08004fa0   0x00000060   Code   RO          747    i.MX_USART2_UART_Init  main.o
    0x08005000   0x08005000   0x0000005c   Code   RO          748    i.MX_USART4_UART_Init  main.o
    0x0800505c   0x0800505c   0x00000002   Code   RO          865    i.NMI_Handler       stm32l0xx_it.o
    0x0800505e   0x0800505e   0x00000002   PAD
    0x08005060   0x08005060   0x00000078   Code   RO         4103    i.NVIC_SetPriority  stm32l0xx_hal_cortex.o
    0x080050d8   0x080050d8   0x00000002   Code   RO          866    i.PendSV_Handler    stm32l0xx_it.o
    0x080050da   0x080050da   0x00000002   PAD
    0x080050dc   0x080050dc   0x00000098   Code   RO         3245    i.RCC_SetFlashLatencyFromMSIRange  stm32l0xx_hal_rcc.o
    0x08005174   0x08005174   0x00000118   Code   RO         1791    i.SPI_WaitOnFlagUntilTimeout  stm32l0xx_hal_spi.o
    0x0800528c   0x0800528c   0x00000002   Code   RO          867    i.SVC_Handler       stm32l0xx_it.o
    0x0800528e   0x0800528e   0x0000000c   Code   RO          868    i.SysTick_Handler   stm32l0xx_it.o
    0x0800529a   0x0800529a   0x00000002   PAD
    0x0800529c   0x0800529c   0x000000cc   Code   RO          749    i.SystemClock_Config  main.o
    0x08005368   0x08005368   0x00000068   Code   RO         4191    i.SystemInit        system_stm32l0xx.o
    0x080053d0   0x080053d0   0x00000084   Code   RO         2074    i.TIM_Base_SetConfig  stm32l0xx_hal_tim.o
    0x08005454   0x08005454   0x0000001c   Code   RO         2075    i.TIM_CCxChannelCmd  stm32l0xx_hal_tim.o
    0x08005470   0x08005470   0x0000001e   Code   RO         2081    i.TIM_ETR_SetConfig  stm32l0xx_hal_tim.o
    0x0800548e   0x0800548e   0x0000001a   Code   RO         2082    i.TIM_ITRx_SetConfig  stm32l0xx_hal_tim.o
    0x080054a8   0x080054a8   0x0000003e   Code   RO         2083    i.TIM_OC1_SetConfig  stm32l0xx_hal_tim.o
    0x080054e6   0x080054e6   0x0000004a   Code   RO         2084    i.TIM_OC2_SetConfig  stm32l0xx_hal_tim.o
    0x08005530   0x08005530   0x00000044   Code   RO         2085    i.TIM_OC3_SetConfig  stm32l0xx_hal_tim.o
    0x08005574   0x08005574   0x0000004e   Code   RO         2086    i.TIM_OC4_SetConfig  stm32l0xx_hal_tim.o
    0x080055c2   0x080055c2   0x00000036   Code   RO         2088    i.TIM_TI1_ConfigInputStage  stm32l0xx_hal_tim.o
    0x080055f8   0x080055f8   0x00000036   Code   RO         2090    i.TIM_TI2_ConfigInputStage  stm32l0xx_hal_tim.o
    0x0800562e   0x0800562e   0x000000f0   Code   RO         2688    i.UART_AdvFeatureConfig  stm32l0xx_hal_uart.o
    0x0800571e   0x0800571e   0x00000002   PAD
    0x08005720   0x08005720   0x00000074   Code   RO         2689    i.UART_CheckIdleState  stm32l0xx_hal_uart.o
    0x08005794   0x08005794   0x00000018   Code   RO         2690    i.UART_DMAAbortOnError  stm32l0xx_hal_uart.o
    0x080057ac   0x080057ac   0x00000056   Code   RO         2691    i.UART_DMAError     stm32l0xx_hal_uart.o
    0x08005802   0x08005802   0x0000004c   Code   RO         2692    i.UART_DMAReceiveCplt  stm32l0xx_hal_uart.o
    0x0800584e   0x0800584e   0x0000000e   Code   RO         2694    i.UART_DMARxHalfCplt  stm32l0xx_hal_uart.o
    0x0800585c   0x0800585c   0x0000003a   Code   RO         2696    i.UART_DMATransmitCplt  stm32l0xx_hal_uart.o
    0x08005896   0x08005896   0x0000000e   Code   RO         2698    i.UART_DMATxHalfCplt  stm32l0xx_hal_uart.o
    0x080058a4   0x080058a4   0x00000022   Code   RO         2700    i.UART_EndRxTransfer  stm32l0xx_hal_uart.o
    0x080058c6   0x080058c6   0x00000020   Code   RO         2701    i.UART_EndTransmit_IT  stm32l0xx_hal_uart.o
    0x080058e6   0x080058e6   0x00000014   Code   RO         2702    i.UART_EndTxTransfer  stm32l0xx_hal_uart.o
    0x080058fa   0x080058fa   0x00000090   Code   RO         2703    i.UART_Receive_IT   stm32l0xx_hal_uart.o
    0x0800598a   0x0800598a   0x00000002   PAD
    0x0800598c   0x0800598c   0x000003f0   Code   RO         2704    i.UART_SetConfig    stm32l0xx_hal_uart.o
    0x08005d7c   0x08005d7c   0x00000072   Code   RO         2705    i.UART_Transmit_IT  stm32l0xx_hal_uart.o
    0x08005dee   0x08005dee   0x00000070   Code   RO         2706    i.UART_WaitOnFlagUntilTimeout  stm32l0xx_hal_uart.o
    0x08005e5e   0x08005e5e   0x00000002   PAD
    0x08005e60   0x08005e60   0x00000010   Code   RO          869    i.USART1_IRQHandler  stm32l0xx_it.o
    0x08005e70   0x08005e70   0x00000010   Code   RO          870    i.USART2_IRQHandler  stm32l0xx_it.o
    0x08005e80   0x08005e80   0x00000010   Code   RO          871    i.USART4_5_IRQHandler  stm32l0xx_it.o
    0x08005e90   0x08005e90   0x00000004   Code   RO          750    i._Error_Handler    main.o
    0x08005e94   0x08005e94   0x00000030   Code   RO         2991    i.__ARM_common_ll_muluu  stm32l0xx_hal_uart.o
    0x08005ec4   0x08005ec4   0x0000000e   Code   RO         4262    i.__scatterload_copy  mc_p.l(handlers.o)
    0x08005ed2   0x08005ed2   0x00000002   Code   RO         4263    i.__scatterload_null  mc_p.l(handlers.o)
    0x08005ed4   0x08005ed4   0x0000000e   Code   RO         4264    i.__scatterload_zeroinit  mc_p.l(handlers.o)
    0x08005ee2   0x08005ee2   0x00000002   PAD
    0x08005ee4   0x08005ee4   0x00000050   Code   RO          683    i.after_thawing_stage  progress.o
    0x08005f34   0x08005f34   0x00000240   Code   RO          393    i.build_and_send_message_to_som  host_to_comm.o
    0x08006174   0x08006174   0x00000230   Code   RO          574    i.calc_pid          pid.o
    0x080063a4   0x080063a4   0x00000024   Code   RO          501    i.calculate_crc8    miscel.o
    0x080063c8   0x080063c8   0x00000010   Code   RO           13    i.calib_adc         adc.o
    0x080063d8   0x080063d8   0x00000002   Code   RO          318    i.errors_top        error.o
    0x080063da   0x080063da   0x00000002   PAD
    0x080063dc   0x080063dc   0x00000150   Code   RO           14    i.filter_ntcs       adc.o
    0x0800652c   0x0800652c   0x00000038   Code   RO          183    i.get_board_temperature  board_temp.o
    0x08006564   0x08006564   0x0000001c   Code   RO          278    i.get_door_state    discreets.o
    0x08006580   0x08006580   0x0000012c   Code   RO          356    i.get_from_som_message_header_values  host_from_comm.o
    0x080066ac   0x080066ac   0x0000002c   Code   RO          464    i.get_ir_temperature  ir_temp.o
    0x080066d8   0x080066d8   0x0000001c   Code   RO          279    i.get_motor_index   discreets.o
    0x080066f4   0x080066f4   0x00000050   Code   RO          601    i.get_rfid_temperature  rfid.o
    0x08006744   0x08006744   0x00000048   Code   RO          280    i.get_som_comm_address  discreets.o
    0x0800678c   0x0800678c   0x0000002c   Code   RO          418    i.init              init.o
    0x080067b8   0x080067b8   0x000001de   Code   RO          531    i.init_L6470        motor.o
    0x08006996   0x08006996   0x00000002   PAD
    0x08006998   0x08006998   0x00000044   Code   RO          419    i.init_heating_pwm  init.o
    0x080069dc   0x080069dc   0x0000003c   Code   RO          420    i.init_receiving_from_som  init.o
    0x08006a18   0x08006a18   0x00000030   Code   RO          421    i.init_rgb_leds     init.o
    0x08006a48   0x08006a48   0x00000038   Code   RO          465    i.interpret_ir_temperature  ir_temp.o
    0x08006a80   0x08006a80   0x0000002c   Code   RO          184    i.interpret_pcb_temperature  board_temp.o
    0x08006aac   0x08006aac   0x00000424   Code   RO          751    i.main              main.o
    0x08006ed0   0x08006ed0   0x00000088   Code   RO           15    i.ntc_resistance_to_temp  adc.o
    0x08006f58   0x08006f58   0x00000006   Code   RO           16    i.resistance_to_weight  adc.o
    0x08006f5e   0x08006f5e   0x00000002   PAD
    0x08006f60   0x08006f60   0x0000005c   Code   RO          604    i.rfid_temp_ascii_to_int  rfid.o
    0x08006fbc   0x08006fbc   0x0000007c   Code   RO          281    i.rgb_leds          discreets.o
    0x08007038   0x08007038   0x00000002   Code   RO          215    i.serve_agitation_and_heater_opcode  commserv.o
    0x0800703a   0x0800703a   0x00000002   PAD
    0x0800703c   0x0800703c   0x00000040   Code   RO          357    i.serve_host_comm   host_from_comm.o
    0x0800707c   0x0800707c   0x00000050   Code   RO          216    i.serve_led_buzzer_opcode  commserv.o
    0x080070cc   0x080070cc   0x00000038   Code   RO          217    i.serve_opcode      commserv.o
    0x08007104   0x08007104   0x00000038   Code   RO          218    i.serve_start_stop_thawing_opcode  commserv.o
    0x0800713c   0x0800713c   0x0000003c   Code   RO          219    i.serve_technician_opcode  commserv.o
    0x08007178   0x08007178   0x0000003c   Code   RO          684    i.stage_and_rpogress  progress.o
    0x080071b4   0x080071b4   0x00000002   Code   RO          685    i.standby_stage     progress.o
    0x080071b6   0x080071b6   0x00000002   PAD
    0x080071b8   0x080071b8   0x00000064   Code   RO          686    i.temp_to_percent   progress.o
    0x0800721c   0x0800721c   0x00000030   Code   RO          687    i.thawing_stage     progress.o
    0x0800724c   0x0800724c   0x000001bc   Code   RO           17    i.translate_adc     adc.o
    0x08007408   0x08007408   0x00000068   Code   RO          533    i.update_agitation_motor_register  motor.o
    0x08007470   0x08007470   0x00000058   Code   RO          534    i.update_agitation_motor_speed  motor.o
    0x080074c8   0x080074c8   0x000000bc   Code   RO          335    i.update_heaters_power  heater.o
    0x08007584   0x08007584   0x0000016c   Data   RO           19    .constdata          adc.o
    0x080076f0   0x080076f0   0x00000100   Data   RO          504    .constdata          miscel.o
    0x080077f0   0x080077f0   0x00000020   Data   RO          535    .constdata          motor.o
    0x08007810   0x08007810   0x00000021   Data   RO         4192    .constdata          system_stm32l0xx.o
    0x08007831   0x08007831   0x00000003   PAD
    0x08007834   0x08007834   0x00000020   Data   RO         4260    Region$$Table       anon$$obj.o


    Execution Region RW_IRAM1 (Exec base: 0x20000000, Load base: 0x08007854, Size: 0x00000b80, Max: 0x00005000, ABSOLUTE)

    Exec Addr    Load Addr    Size         Type   Attr      Idx    E Section Name        Object

    0x20000000   0x08007854   0x0000000a   Data   RW           20    .data               adc.o
    0x2000000a   0x0800785e   0x00000002   Data   RW          185    .data               board_temp.o
    0x2000000c   0x08007860   0x00000003   Data   RW          359    .data               host_from_comm.o
    0x2000000f   0x08007863   0x00000001   PAD
    0x20000010   0x08007864   0x00000006   Data   RW          395    .data               host_to_comm.o
    0x20000016   0x0800786a   0x00000004   Data   RW          466    .data               ir_temp.o
    0x2000001a   0x0800786e   0x00000004   Data   RW          536    .data               motor.o
    0x2000001e   0x08007872   0x00000002   PAD
    0x20000020   0x08007874   0x00000034   Data   RW          576    .data               pid.o
    0x20000054   0x080078a8   0x00000004   Data   RW          605    .data               rfid.o
    0x20000058   0x080078ac   0x0000004e   Data   RW          753    .data               main.o
    0x200000a6   0x080078fa   0x00000002   PAD
    0x200000a8   0x080078fc   0x00000004   Data   RW         3090    .data               stm32l0xx_hal.o
    0x200000ac   0x08007900   0x00000004   Data   RW         4193    .data               system_stm32l0xx.o
    0x200000b0        -       0x00000060   Zero   RW           18    .bss                adc.o
    0x20000110        -       0x000000eb   Zero   RW          358    .bss                host_from_comm.o
    0x200001fb        -       0x0000008c   Zero   RW          394    .bss                host_to_comm.o
    0x20000287   0x08007904   0x00000001   PAD
    0x20000288        -       0x000000a0   Zero   RW          575    .bss                pid.o
    0x20000328        -       0x00000454   Zero   RW          752    .bss                main.o
    0x2000077c   0x08007904   0x00000004   PAD
    0x20000780        -       0x00000400   Zero   RW            1    STACK               startup_stm32l073xx.o


==============================================================================

Image component sizes


      Code (inc. data)   RO Data    RW Data    ZI Data      Debug   Object Name

       970         76        364         10         96     418326   adc.o
       100         18          0          2          0       1849   board_temp.o
       254         40          0          0          0       2437   commserv.o
       252         32          0          0          0       2149   discreets.o
         2          0          0          0          0        401   error.o
       188         26          0          0          0        535   heater.o
       364         38          0          3        235       2542   host_from_comm.o
       576         26          0          6        140       1901   host_to_comm.o
       220         52          0          0          0       1840   init.o
       100         28          0          4          0       1751   ir_temp.o
      3932        538          0         78       1108      15102   main.o
        36          6        256          0          0       1295   miscel.o
       670         26         32          4          0       2776   motor.o
       560         52          0         52        160       2299   pid.o
       290         46          0          0          0       2473   progress.o
       172         40          0          4          0       2070   rfid.o
        28          8        192          0       1024        660   startup_stm32l073xx.o
       126         18          0          4          0       3843   stm32l0xx_hal.o
      1474         62          0          0          0       7442   stm32l0xx_hal_adc.o
       262         30          0          0          0      12008   stm32l0xx_hal_cortex.o
      1522         20          0          0          0       4546   stm32l0xx_hal_dma.o
       534         32          0          0          0       3023   stm32l0xx_hal_gpio.o
      4764        106          0          0          0      28382   stm32l0xx_hal_i2c.o
       224          0          0          0          0       1987   stm32l0xx_hal_i2c_ex.o
      1056        174          0          0          0       5044   stm32l0xx_hal_msp.o
      2716        116          0          0          0       7120   stm32l0xx_hal_rcc.o
      1596         58          0          0          0       3089   stm32l0xx_hal_rcc_ex.o
       896          0          0          0          0       3274   stm32l0xx_hal_spi.o
      1344         12          0          0          0      11741   stm32l0xx_hal_tim.o
       144          0          0          0          0       1872   stm32l0xx_hal_tim_ex.o
      3592         96          0          0          0      18109   stm32l0xx_hal_uart.o
       162          4          0          0          0       1967   stm32l0xx_hal_uart_ex.o
       270         58          0          0          0       6186   stm32l0xx_it.o
       104         16         33          4          0       1295   system_stm32l0xx.o

    ----------------------------------------------------------------------
     29556       1854        912        176       2768     581334   Object Totals
         0          0         32          0          0          0   (incl. Generated)
        56          0          3          5          5          0   (incl. Padding)

    ----------------------------------------------------------------------

      Code (inc. data)   RO Data    RW Data    ZI Data      Debug   Library Member Name

         0          0          0          0          0          0   entry.o
         0          0          0          0          0          0   entry10a.o
         0          0          0          0          0          0   entry11a.o
         8          4          0          0          0          0   entry2.o
         4          0          0          0          0          0   entry5.o
         0          0          0          0          0          0   entry7b.o
         0          0          0          0          0          0   entry8b.o
         8          4          0          0          0          0   entry9a.o
        30          0          0          0          0          0   handlers.o
        40          0          0          0          0         72   idiv.o
        36          8          0          0          0         68   init.o
        32          0          0          0          0         68   llshl.o
        34          0          0          0          0         68   llushr.o
        44          0          0          0          0         72   uidiv.o
        96          0          0          0          0         84   uldiv.o

    ----------------------------------------------------------------------
       336         16          0          0          0        432   Library Totals
         4          0          0          0          0          0   (incl. Padding)

    ----------------------------------------------------------------------

      Code (inc. data)   RO Data    RW Data    ZI Data      Debug   Library Name

       332         16          0          0          0        432   mc_p.l

    ----------------------------------------------------------------------
       336         16          0          0          0        432   Library Totals

    ----------------------------------------------------------------------

==============================================================================


      Code (inc. data)   RO Data    RW Data    ZI Data      Debug   

     29892       1870        912        176       2768     573030   Grand Totals
     29892       1870        912        176       2768     573030   ELF Image Totals
     29892       1870        912        176          0          0   ROM Totals

==============================================================================

    Total RO  Size (Code + RO Data)                30804 (  30.08kB)
    Total RW  Size (RW Data + ZI Data)              2944 (   2.88kB)
    Total ROM Size (Code + RO Data + RW Data)      30980 (  30.25kB)

==============================================================================

